V/NotificationService( 1608): Pkg: com.android.providers.downloads group: Other
D/dalvikvm( 1806): GC_CONCURRENT freed 494K, 49% free 3148K/6151K, external 7K/512K, paused 2ms+3ms
V/NotificationService( 1608): Active profile: Default
I/PROFILE ( 1608): Group: Gmail containing : com.android.providers.downloads : false
I/PROFILE ( 1608): Group: Phone containing : com.android.providers.downloads : false
I/PROFILE ( 1608): Group: Calendar containing : com.android.providers.downloads : false
I/PROFILE ( 1608): Group: Email containing : com.android.providers.downloads : false
I/PROFILE ( 1608): Group: SMS containing : com.android.providers.downloads : false
V/ProfileManager( 1608): No active group, returning default: Other
V/NotificationService( 1608): Pkg: com.android.providers.downloads group: Other
V/NotificationService( 1608): Active profile: Default
I/PROFILE ( 1608): Group: Gmail containing : com.android.providers.downloads : false
I/PROFILE ( 1608): Group: Phone containing : com.android.providers.downloads : false
I/PROFILE ( 1608): Group: Calendar containing : com.android.providers.downloads : false
I/PROFILE ( 1608): Group: Email containing : com.android.providers.downloads : false
I/PROFILE ( 1608): Group: SMS containing : com.android.providers.downloads : false
V/ProfileManager( 1608): No active group, returning default: Other
V/NotificationService( 1608): Pkg: com.android.providers.downloads group: Other
V/NotificationService( 1608): Active profile: Default
I/PROFILE ( 1608): Group: Gmail containing : com.android.providers.downloads : false
I/PROFILE ( 1608): Group: Phone containing : com.android.providers.downloads : false
I/PROFILE ( 1608): Group: Calendar containing : com.android.providers.downloads : false
I/PROFILE ( 1608): Group: Email containing : com.android.providers.downloads : false
I/PROFILE ( 1608): Group: SMS containing : com.android.providers.downloads : false
V/ProfileManager( 1608): No active group, returning default: Other
V/NotificationService( 1608): Pkg: com.android.providers.downloads group: Other
V/NotificationService( 1608): Active profile: Default
I/PROFILE ( 1608): Group: Gmail containing : com.android.providers.downloads : false
I/PROFILE ( 1608): Group: Phone containing : com.android.providers.downloads : false
I/PROFILE ( 1608): Group: Calendar containing : com.android.providers.downloads : false
I/PROFILE ( 1608): Group: Email containing : com.android.providers.downloads : false
I/PROFILE ( 1608): Group: SMS containing : com.android.providers.downloads : false
V/ProfileManager( 1608): No active group, returning default: Other
V/NotificationService( 1608): Pkg: com.android.providers.downloads group: Other
D/dalvikvm( 1960): GC_CONCURRENT freed 431K, 49% free 3190K/6151K, external 0K/0K, paused 5ms+5ms
V/NotificationService( 1608): Active profile: Default
I/PROFILE ( 1608): Group: Gmail containing : com.android.providers.downloads : false
I/PROFILE ( 1608): Group: Phone containing : com.android.providers.downloads : false
I/PROFILE ( 1608): Group: Calendar containing : com.android.providers.downloads : false
I/PROFILE ( 1608): Group: Email containing : com.android.providers.downloads : false
I/PROFILE ( 1608): Group: SMS containing : com.android.providers.downloads : false
V/ProfileManager( 1608): No active group, returning default: Other
V/NotificationService( 1608): Pkg: com.android.providers.downloads group: Other
V/NotificationService( 1608): Active profile: Default
I/PROFILE ( 1608): Group: Gmail containing : com.android.providers.downloads : false
I/PROFILE ( 1608): Group: Phone containing : com.android.providers.downloads : false
I/PROFILE ( 1608): Group: Calendar containing : com.android.providers.downloads : false
I/PROFILE ( 1608): Group: Email containing : com.android.providers.downloads : false
I/PROFILE ( 1608): Group: SMS containing : com.android.providers.downloads : false
V/ProfileManager( 1608): No active group, returning default: Other
V/NotificationService( 1608): Pkg: com.android.providers.downloads group: Other
V/NotificationService( 1608): Active profile: Default
I/PROFILE ( 1608): Group: Gmail containing : com.android.providers.downloads : false
I/PROFILE ( 1608): Group: Phone containing : com.android.providers.downloads : false
I/PROFILE ( 1608): Group: Calendar containing : com.android.providers.downloads : false
I/PROFILE ( 1608): Group: Email containing : com.android.providers.downloads : false
I/PROFILE ( 1608): Group: SMS containing : com.android.providers.downloads : false
V/ProfileManager( 1608): No active group, returning default: Other
V/NotificationService( 1608): Pkg: com.android.providers.downloads group: Other
V/NotificationService( 1608): Active profile: Default
I/PROFILE ( 1608): Group: Gmail containing : com.android.providers.downloads : false
I/PROFILE ( 1608): Group: Phone containing : com.android.providers.downloads : false
I/PROFILE ( 1608): Group: Calendar containing : com.android.providers.downloads : false
I/PROFILE ( 1608): Group: Email containing : com.android.providers.downloads : false
I/PROFILE ( 1608): Group: SMS containing : com.android.providers.downloads : false
V/ProfileManager( 1608): No active group, returning default: Other
V/NotificationService( 1608): Pkg: com.android.providers.downloads group: Other
V/NotificationService( 1608): Active profile: Default
I/PROFILE ( 1608): Group: Gmail containing : com.android.providers.downloads : false
I/PROFILE ( 1608): Group: Phone containing : com.android.providers.downloads : false
I/PROFILE ( 1608): Group: Calendar containing : com.android.providers.downloads : false
I/PROFILE ( 1608): Group: Email containing : com.android.providers.downloads : false
I/PROFILE ( 1608): Group: SMS containing : com.android.providers.downloads : false
V/ProfileManager( 1608): No active group, returning default: Other
V/NotificationService( 1608): Pkg: com.android.providers.downloads group: Other
D/dalvikvm( 1806): GC_CONCURRENT freed 384K, 49% free 3170K/6151K, external 7K/512K, paused 2ms+5ms
V/NotificationService( 1608): Active profile: Default
I/PROFILE ( 1608): Group: Gmail containing : com.android.providers.downloads : false
I/PROFILE ( 1608): Group: Phone containing : com.android.providers.downloads : false
I/PROFILE ( 1608): Group: Calendar containing : com.android.providers.downloads : false
I/PROFILE ( 1608): Group: Email containing : com.android.providers.downloads : false
I/PROFILE ( 1608): Group: SMS containing : com.android.providers.downloads : false
V/ProfileManager( 1608): No active group, returning default: Other
V/NotificationService( 1608): Pkg: com.android.providers.downloads group: Other
D/dalvikvm( 1960): GC_CONCURRENT freed 430K, 49% free 3191K/6151K, external 0K/0K, paused 5ms+5ms
V/NotificationService( 1608): Active profile: Default
I/PROFILE ( 1608): Group: Gmail containing : com.android.providers.downloads : false
I/PROFILE ( 1608): Group: Phone containing : com.android.providers.downloads : false
I/PROFILE ( 1608): Group: Calendar containing : com.android.providers.downloads : false
I/PROFILE ( 1608): Group: Email containing : com.android.providers.downloads : false
I/PROFILE ( 1608): Group: SMS containing : com.android.providers.downloads : false
V/ProfileManager( 1608): No active group, returning default: Other
V/NotificationService( 1608): Pkg: com.android.providers.downloads group: Other
V/NotificationService( 1608): Active profile: Default
I/PROFILE ( 1608): Group: Gmail containing : com.android.providers.downloads : false
I/PROFILE ( 1608): Group: Phone containing : com.android.providers.downloads : false
I/PROFILE ( 1608): Group: Calendar containing : com.android.providers.downloads : false
I/PROFILE ( 1608): Group: Email containing : com.android.providers.downloads : false
I/PROFILE ( 1608): Group: SMS containing : com.android.providers.downloads : false
V/ProfileManager( 1608): No active group, returning default: Other
V/NotificationService( 1608): Pkg: com.android.providers.downloads group: Other
V/NotificationService( 1608): Active profile: Default
I/PROFILE ( 1608): Group: Gmail containing : com.android.providers.downloads : false
I/PROFILE ( 1608): Group: Phone containing : com.android.providers.downloads : false
I/PROFILE ( 1608): Group: Calendar containing : com.android.providers.downloads : false
I/PROFILE ( 1608): Group: Email containing : com.android.providers.downloads : false
I/PROFILE ( 1608): Group: SMS containing : com.android.providers.downloads : false
V/ProfileManager( 1608): No active group, returning default: Other
V/NotificationService( 1608): Pkg: com.android.providers.downloads group: Other
V/NotificationService( 1608): Active profile: Default
I/PROFILE ( 1608): Group: Gmail containing : com.android.providers.downloads : false
I/PROFILE ( 1608): Group: Phone containing : com.android.providers.downloads : false
I/PROFILE ( 1608): Group: Calendar containing : com.android.providers.downloads : false
I/PROFILE ( 1608): Group: Email containing : com.android.providers.downloads : false
I/PROFILE ( 1608): Group: SMS containing : com.android.providers.downloads : false
V/ProfileManager( 1608): No active group, returning default: Other
V/NotificationService( 1608): Pkg: com.android.providers.downloads group: Other
I/power   ( 1608): *** set_screen_state 0
V/DATA    ( 1847): [DCT] intent received :android.intent.action.SCREEN_OFF
D/bwx.qb  ( 1930): battery receiver OFF (sleeping)
D/bwx.qb  ( 1930): screen is OFF
D/SurfaceFlinger( 1608): About to give-up screen, flinger = 0x96378
V/NotificationService( 1608): Active profile: Default
I/PROFILE ( 1608): Group: Gmail containing : com.android.providers.downloads : false
I/PROFILE ( 1608): Group: Phone containing : com.android.providers.downloads : false
I/PROFILE ( 1608): Group: Calendar containing : com.android.providers.downloads : false
I/PROFILE ( 1608): Group: Email containing : com.android.providers.downloads : false
I/PROFILE ( 1608): Group: SMS containing : com.android.providers.downloads : false
V/ProfileManager( 1608): No active group, returning default: Other
V/NotificationService( 1608): Pkg: com.android.providers.downloads group: Other
D/AK8975  ( 1475): Compass CLOSE 
V/NotificationService( 1608): Active profile: Default
I/PROFILE ( 1608): Group: Gmail containing : com.android.providers.downloads : false
I/PROFILE ( 1608): Group: Phone containing : com.android.providers.downloads : false
I/PROFILE ( 1608): Group: Calendar containing : com.android.providers.downloads : false
I/PROFILE ( 1608): Group: Email containing : com.android.providers.downloads : false
I/PROFILE ( 1608): Group: SMS containing : com.android.providers.downloads : false
V/ProfileManager( 1608): No active group, returning default: Other
V/NotificationService( 1608): Pkg: com.android.providers.downloads group: Other
D/dalvikvm( 1960): GC_CONCURRENT freed 428K, 49% free 3193K/6151K, external 0K/0K, paused 4ms+5ms
V/NotificationService( 1608): Active profile: Default
I/PROFILE ( 1608): Group: Gmail containing : com.android.providers.downloads : false
I/PROFILE ( 1608): Group: Phone containing : com.android.providers.downloads : false
I/PROFILE ( 1608): Group: Calendar containing : com.android.providers.downloads : false
I/PROFILE ( 1608): Group: Email containing : com.android.providers.downloads : false
I/PROFILE ( 1608): Group: SMS containing : com.android.providers.downloads : false
V/ProfileManager( 1608): No active group, returning default: Other
V/NotificationService( 1608): Pkg: com.android.providers.downloads group: Other
I/power   ( 1608): *** set_screen_state 1
D/SurfaceFlinger( 1608): Screen about to return, flinger = 0x96378
V/NotificationService( 1608): Active profile: Default
I/PROFILE ( 1608): Group: Gmail containing : com.android.providers.downloads : false
I/PROFILE ( 1608): Group: Phone containing : com.android.providers.downloads : false
I/PROFILE ( 1608): Group: Calendar containing : com.android.providers.downloads : false
I/PROFILE ( 1608): Group: Email containing : com.android.providers.downloads : false
I/PROFILE ( 1608): Group: SMS containing : com.android.providers.downloads : false
V/ProfileManager( 1608): No active group, returning default: Other
V/NotificationService( 1608): Pkg: com.android.providers.downloads group: Other
D/AK8975  ( 1475): Compass Start
I/WindowManager( 1608): Setting rotation to 3, animFlags=0
I/ActivityManager( 1608): Config changed: { scale=1.0 imsi=311/480 loc=en_US touch=3 keys=1/1/2 nav=1/1 orien=2 layout=34 uiMode=17 seq=7 themeResource=null}
I/PowerWidget( 1806): Clearing any old widget stuffs
I/PowerWidget( 1806): Setting up widget
I/PowerWidget( 1806): Button list: toggleWifi|toggleBluetooth|toggleGPS|toggleSound|toggleFlashlight|toggleMediaPrevious|toggleMediaPlayPause|toggleMediaNext
I/PowerWidget( 1806): Setting up button: toggleWifi
I/PowerWidget( 1806): Setting up button: toggleBluetooth
I/PowerWidget( 1806): Setting up button: toggleGPS
D/dalvikvm( 2355): GC_CONCURRENT freed 442K, 51% free 2999K/6023K, external 242K/512K, paused 2ms+2ms
I/PowerWidget( 1806): Setting up button: toggleSound
I/PowerWidget( 1806): Setting up button: toggleFlashlight
I/PowerWidget( 1806): Setting up button: toggleMediaPrevious
I/PowerWidget( 1806): Setting up button: toggleMediaPlayPause
I/PowerWidget( 1806): Setting up button: toggleMediaNext
I/System.out( 1826): resolveUri failed on bad bitmap uri: /data/data/com.levelup.beautifulwidgets/files/scskins-Honeyclock-background_numbers_0_1.png
I/System.out( 1826): resolveUri failed on bad bitmap uri: /data/data/com.levelup.beautifulwidgets/files/scskins-Honeyclock-background_numbers_0_2.png
V/DATA    ( 1847): [DCT] intent received :android.intent.action.SCREEN_ON
D/bwx.qb  ( 1930): screen is ON
D/bwx.qb  ( 1930): battery receiver ON
I/System.out( 1826): resolveUri failed on bad bitmap uri: /data/data/com.levelup.beautifulwidgets/files/scskins-Honeyclock-background_numbers_0_3.png
D/bwx.qb  ( 1930): battery state: level=100, charging=false
D/bwx.qb  ( 1930): widgets updated
I/System.out( 1826): resolveUri failed on bad bitmap uri: /data/data/com.levelup.beautifulwidgets/files/scskins-Honeyclock-background_numbers_0_4.png
I/System.out( 1826): resolveUri failed on bad bitmap uri: /data/data/com.levelup.beautifulwidgets/files/scskins-Honeyclock-background_numbers_1_0.png
D/DATA    ( 1847): [DSST] pollstate() : reason = data network state changed
V/DATA    ( 1847): [DCT] onDataCallListChanged:
V/DATA    ( 1847): [DCT] ---dc state list---
V/DATA    ( 1847): [DCT] DataCallState: { cid: 0, active: 2, type: IP, apn: , address: 10.174.243.190 }
V/DATA    ( 1847): [DCT] ---dc list---
V/DATA    ( 1847): [DCT] cid = 0, state = DcActiveState, ipv = IPV4, ipaddress = 10.174.243.190, gw=10.174.243.189, dns=[66.174.71.33, 69.78.96.14]
D/DATA    ( 1847): [DSST] Poll ServiceState done: oldSS=[0 home null null null  EHRPD CSS supported 0 0RoamInd: 2DefRoamInd: 0EmergOnly: false] newSS=[0 home null null null  EHRPD CSS supported 0 0RoamInd: 2DefRoamInd: 0EmergOnly: false]
I/System.out( 1826): resolveUri failed on bad bitmap uri: /data/data/com.levelup.beautifulwidgets/files/scskins-Honeyclock-background_numbers_1_1.png
I/System.out( 1826): resolveUri failed on bad bitmap uri: /data/data/com.levelup.beautifulwidgets/files/scskins-Honeyclock-background_numbers_1_2.png
D/DATA    ( 1847): [DSST] pollstate() : reason = data network state changed
D/DATA    ( 1847): [DSST] Poll ServiceState done: oldSS=[0 home null null null  EHRPD CSS supported 0 0RoamInd: 2DefRoamInd: 0EmergOnly: false] newSS=[0 home null null null  EHRPD CSS supported 0 0RoamInd: 2DefRoamInd: 0EmergOnly: false]
I/System.out( 1826): resolveUri failed on bad bitmap uri: /data/data/com.levelup.beautifulwidgets/files/scskins-Honeyclock-background_numbers_1_3.png
I/System.out( 1826): resolveUri failed on bad bitmap uri: /data/data/com.levelup.beautifulwidgets/files/scskins-Honeyclock-background_numbers_1_4.png
I/System.out( 1826): resolveUri failed on bad bitmap uri: /data/data/com.levelup.beautifulwidgets/files/scskins-Honeyclock-background_numbers_2_0.png
I/System.out( 1826): resolveUri failed on bad bitmap uri: /data/data/com.levelup.beautifulwidgets/files/scskins-Honeyclock-background_numbers_2_1.png
I/System.out( 1826): resolveUri failed on bad bitmap uri: /data/data/com.levelup.beautifulwidgets/files/scskins-Honeyclock-background_numbers_2_2.png
I/System.out( 1826): resolveUri failed on bad bitmap uri: /data/data/com.levelup.beautifulwidgets/files/scskins-Honeyclock-background_numbers_2_3.png
I/System.out( 1826): resolveUri failed on bad bitmap uri: /data/data/com.levelup.beautifulwidgets/files/scskins-Honeyclock-background_numbers_2_4.png
D/dalvikvm( 1806): GC_CONCURRENT freed 411K, 49% free 3147K/6151K, external 7K/512K, paused 4ms+23ms
D/dalvikvm( 1806): GC_EXTERNAL_ALLOC freed 28K, 50% free 3120K/6151K, external 313K/512K, paused 29ms
V/NotificationService( 1608): Active profile: Default
I/PROFILE ( 1608): Group: Gmail containing : com.android.providers.downloads : false
I/PROFILE ( 1608): Group: Phone containing : com.android.providers.downloads : false
I/PROFILE ( 1608): Group: Calendar containing : com.android.providers.downloads : false
I/PROFILE ( 1608): Group: Email containing : com.android.providers.downloads : false
I/PROFILE ( 1608): Group: SMS containing : com.android.providers.downloads : false
V/ProfileManager( 1608): No active group, returning default: Other
V/NotificationService( 1608): Pkg: com.android.providers.downloads group: Other
D/dalvikvm( 1608): GC_EXPLICIT freed 576K, 37% free 6003K/9479K, external 2167K/2461K, paused 135ms
V/NotificationService( 1608): Active profile: Default
I/PROFILE ( 1608): Group: Gmail containing : com.android.providers.downloads : false
I/PROFILE ( 1608): Group: Phone containing : com.android.providers.downloads : false
I/PROFILE ( 1608): Group: Calendar containing : com.android.providers.downloads : false
I/PROFILE ( 1608): Group: Email containing : com.android.providers.downloads : false
I/PROFILE ( 1608): Group: SMS containing : com.android.providers.downloads : false
V/ProfileManager( 1608): No active group, returning default: Other
V/NotificationService( 1608): Pkg: com.android.providers.downloads group: Other
V/NotificationService( 1608): Active profile: Default
I/PROFILE ( 1608): Group: Gmail containing : com.android.providers.downloads : false
I/PROFILE ( 1608): Group: Phone containing : com.android.providers.downloads : false
I/PROFILE ( 1608): Group: Calendar containing : com.android.providers.downloads : false
I/PROFILE ( 1608): Group: Email containing : com.android.providers.downloads : false
I/PROFILE ( 1608): Group: SMS containing : com.android.providers.downloads : false
V/ProfileManager( 1608): No active group, returning default: Other
V/NotificationService( 1608): Pkg: com.android.providers.downloads group: Other
V/NotificationService( 1608): Active profile: Default
I/PROFILE ( 1608): Group: Gmail containing : com.android.providers.downloads : false
I/PROFILE ( 1608): Group: Phone containing : com.android.providers.downloads : false
I/PROFILE ( 1608): Group: Calendar containing : com.android.providers.downloads : false
I/PROFILE ( 1608): Group: Email containing : com.android.providers.downloads : false
I/PROFILE ( 1608): Group: SMS containing : com.android.providers.downloads : false
V/ProfileManager( 1608): No active group, returning default: Other
V/NotificationService( 1608): Pkg: com.android.providers.downloads group: Other
D/dalvikvm( 2355): GC_EXPLICIT freed 383K, 51% free 2979K/6023K, external 218K/512K, paused 59ms
D/dalvikvm( 1960): GC_CONCURRENT freed 427K, 49% free 3194K/6151K, external 0K/0K, paused 2ms+3ms
V/NotificationService( 1608): Active profile: Default
I/PROFILE ( 1608): Group: Gmail containing : com.android.providers.downloads : false
I/PROFILE ( 1608): Group: Phone containing : com.android.providers.downloads : false
I/PROFILE ( 1608): Group: Calendar containing : com.android.providers.downloads : false
I/PROFILE ( 1608): Group: Email containing : com.android.providers.downloads : false
I/PROFILE ( 1608): Group: SMS containing : com.android.providers.downloads : false
V/ProfileManager( 1608): No active group, returning default: Other
V/NotificationService( 1608): Pkg: com.android.providers.downloads group: Other
V/NotificationService( 1608): Active profile: Default
I/PROFILE ( 1608): Group: Gmail containing : com.android.providers.downloads : false
I/PROFILE ( 1608): Group: Phone containing : com.android.providers.downloads : false
I/PROFILE ( 1608): Group: Calendar containing : com.android.providers.downloads : false
I/PROFILE ( 1608): Group: Email containing : com.android.providers.downloads : false
I/PROFILE ( 1608): Group: SMS containing : com.android.providers.downloads : false
V/ProfileManager( 1608): No active group, returning default: Other
V/NotificationService( 1608): Pkg: com.android.providers.downloads group: Other
V/NotificationService( 1608): Active profile: Default
I/PROFILE ( 1608): Group: Gmail containing : com.android.providers.downloads : false
I/PROFILE ( 1608): Group: Phone containing : com.android.providers.downloads : false
I/PROFILE ( 1608): Group: Calendar containing : com.android.providers.downloads : false
I/PROFILE ( 1608): Group: Email containing : com.android.providers.downloads : false
I/PROFILE ( 1608): Group: SMS containing : com.android.providers.downloads : false
V/ProfileManager( 1608): No active group, returning default: Other
V/NotificationService( 1608): Pkg: com.android.providers.downloads group: Other
V/NotificationService( 1608): Active profile: Default
I/PROFILE ( 1608): Group: Gmail containing : com.android.providers.downloads : false
I/PROFILE ( 1608): Group: Phone containing : com.android.providers.downloads : false
I/PROFILE ( 1608): Group: Calendar containing : com.android.providers.downloads : false
I/PROFILE ( 1608): Group: Email containing : com.android.providers.downloads : false
I/PROFILE ( 1608): Group: SMS containing : com.android.providers.downloads : false
V/ProfileManager( 1608): No active group, returning default: Other
V/NotificationService( 1608): Pkg: com.android.providers.downloads group: Other
D/dalvikvm( 1930): GC_EXPLICIT freed 11K, 50% free 2703K/5379K, external 0K/0K, paused 48ms
V/NotificationService( 1608): Active profile: Default
I/PROFILE ( 1608): Group: Gmail containing : com.android.providers.downloads : false
I/PROFILE ( 1608): Group: Phone containing : com.android.providers.downloads : false
I/PROFILE ( 1608): Group: Calendar containing : com.android.providers.downloads : false
I/PROFILE ( 1608): Group: Email containing : com.android.providers.downloads : false
I/PROFILE ( 1608): Group: SMS containing : com.android.providers.downloads : false
V/ProfileManager( 1608): No active group, returning default: Other
V/NotificationService( 1608): Pkg: com.android.providers.downloads group: Other
D/dalvikvm( 1806): GC_CONCURRENT freed 344K, 48% free 3201K/6151K, external 620K/1132K, paused 1ms+4ms
V/NotificationService( 1608): Active profile: Default
I/PROFILE ( 1608): Group: Gmail containing : com.android.providers.downloads : false
I/PROFILE ( 1608): Group: Phone containing : com.android.providers.downloads : false
I/PROFILE ( 1608): Group: Calendar containing : com.android.providers.downloads : false
I/PROFILE ( 1608): Group: Email containing : com.android.providers.downloads : false
I/PROFILE ( 1608): Group: SMS containing : com.android.providers.downloads : false
V/ProfileManager( 1608): No active group, returning default: Other
V/NotificationService( 1608): Pkg: com.android.providers.downloads group: Other
D/dalvikvm( 1960): GC_CONCURRENT freed 428K, 49% free 3194K/6151K, external 0K/0K, paused 2ms+3ms
V/NotificationService( 1608): Active profile: Default
I/PROFILE ( 1608): Group: Gmail containing : com.android.providers.downloads : false
I/PROFILE ( 1608): Group: Phone containing : com.android.providers.downloads : false
I/PROFILE ( 1608): Group: Calendar containing : com.android.providers.downloads : false
I/PROFILE ( 1608): Group: Email containing : com.android.providers.downloads : false
I/PROFILE ( 1608): Group: SMS containing : com.android.providers.downloads : false
V/ProfileManager( 1608): No active group, returning default: Other
V/NotificationService( 1608): Pkg: com.android.providers.downloads group: Other
V/NotificationService( 1608): Active profile: Default
I/PROFILE ( 1608): Group: Gmail containing : com.android.providers.downloads : false
I/PROFILE ( 1608): Group: Phone containing : com.android.providers.downloads : false
I/PROFILE ( 1608): Group: Calendar containing : com.android.providers.downloads : false
I/PROFILE ( 1608): Group: Email containing : com.android.providers.downloads : false
I/PROFILE ( 1608): Group: SMS containing : com.android.providers.downloads : false
V/ProfileManager( 1608): No active group, returning default: Other
V/NotificationService( 1608): Pkg: com.android.providers.downloads group: Other
V/NotificationService( 1608): Active profile: Default
I/PROFILE ( 1608): Group: Gmail containing : com.android.providers.downloads : false
I/PROFILE ( 1608): Group: Phone containing : com.android.providers.downloads : false
I/PROFILE ( 1608): Group: Calendar containing : com.android.providers.downloads : false
I/PROFILE ( 1608): Group: Email containing : com.android.providers.downloads : false
I/PROFILE ( 1608): Group: SMS containing : com.android.providers.downloads : false
V/ProfileManager( 1608): No active group, returning default: Other
V/NotificationService( 1608): Pkg: com.android.providers.downloads group: Other
V/NotificationService( 1608): Active profile: Default
I/PROFILE ( 1608): Group: Gmail containing : com.android.providers.downloads : false
I/PROFILE ( 1608): Group: Phone containing : com.android.providers.downloads : false
I/PROFILE ( 1608): Group: Calendar containing : com.android.providers.downloads : false
I/PROFILE ( 1608): Group: Email containing : com.android.providers.downloads : false
I/PROFILE ( 1608): Group: SMS containing : com.android.providers.downloads : false
V/ProfileManager( 1608): No active group, returning default: Other
V/NotificationService( 1608): Pkg: com.android.providers.downloads group: Other
V/NotificationService( 1608): Active profile: Default
I/PROFILE ( 1608): Group: Gmail containing : com.android.providers.downloads : false
I/PROFILE ( 1608): Group: Phone containing : com.android.providers.downloads : false
I/PROFILE ( 1608): Group: Calendar containing : com.android.providers.downloads : false
I/PROFILE ( 1608): Group: Email containing : com.android.providers.downloads : false
I/PROFILE ( 1608): Group: SMS containing : com.android.providers.downloads : false
V/ProfileManager( 1608): No active group, returning default: Other
V/NotificationService( 1608): Pkg: com.android.providers.downloads group: Other
V/NotificationService( 1608): Active profile: Default
I/PROFILE ( 1608): Group: Gmail containing : com.android.providers.downloads : false
I/PROFILE ( 1608): Group: Phone containing : com.android.providers.downloads : false
I/PROFILE ( 1608): Group: Calendar containing : com.android.providers.downloads : false
I/PROFILE ( 1608): Group: Email containing : com.android.providers.downloads : false
I/PROFILE ( 1608): Group: SMS containing : com.android.providers.downloads : false
V/ProfileManager( 1608): No active group, returning default: Other
V/NotificationService( 1608): Pkg: com.android.providers.downloads group: Other
D/dalvikvm( 1960): GC_CONCURRENT freed 428K, 49% free 3193K/6151K, external 0K/0K, paused 4ms+3ms
V/NotificationService( 1608): Active profile: Default
I/PROFILE ( 1608): Group: Gmail containing : com.android.providers.downloads : false
I/PROFILE ( 1608): Group: Phone containing : com.android.providers.downloads : false
I/PROFILE ( 1608): Group: Calendar containing : com.android.providers.downloads : false
I/PROFILE ( 1608): Group: Email containing : com.android.providers.downloads : false
I/PROFILE ( 1608): Group: SMS containing : com.android.providers.downloads : false
V/ProfileManager( 1608): No active group, returning default: Other
V/NotificationService( 1608): Pkg: com.android.providers.downloads group: Other
V/NotificationService( 1608): Active profile: Default
I/PROFILE ( 1608): Group: Gmail containing : com.android.providers.downloads : false
I/PROFILE ( 1608): Group: Phone containing : com.android.providers.downloads : false
I/PROFILE ( 1608): Group: Calendar containing : com.android.providers.downloads : false
I/PROFILE ( 1608): Group: Email containing : com.android.providers.downloads : false
I/PROFILE ( 1608): Group: SMS containing : com.android.providers.downloads : false
V/ProfileManager( 1608): No active group, returning default: Other
V/NotificationService( 1608): Pkg: com.android.providers.downloads group: Other
V/NotificationService( 1608): Active profile: Default
I/PROFILE ( 1608): Group: Gmail containing : com.android.providers.downloads : false
I/PROFILE ( 1608): Group: Phone containing : com.android.providers.downloads : false
I/PROFILE ( 1608): Group: Calendar containing : com.android.providers.downloads : false
I/PROFILE ( 1608): Group: Email containing : com.android.providers.downloads : false
I/PROFILE ( 1608): Group: SMS containing : com.android.providers.downloads : false
V/ProfileManager( 1608): No active group, returning default: Other
V/NotificationService( 1608): Pkg: com.android.providers.downloads group: Other
D/dalvikvm( 1806): GC_CONCURRENT freed 432K, 49% free 3192K/6151K, external 620K/1132K, paused 2ms+3ms
V/NotificationService( 1608): Active profile: Default
I/PROFILE ( 1608): Group: Gmail containing : com.android.providers.downloads : false
I/PROFILE ( 1608): Group: Phone containing : com.android.providers.downloads : false
I/PROFILE ( 1608): Group: Calendar containing : com.android.providers.downloads : false
I/PROFILE ( 1608): Group: Email containing : com.android.providers.downloads : false
I/PROFILE ( 1608): Group: SMS containing : com.android.providers.downloads : false
V/ProfileManager( 1608): No active group, returning default: Other
V/NotificationService( 1608): Pkg: com.android.providers.downloads group: Other
V/NotificationService( 1608): Active profile: Default
I/PROFILE ( 1608): Group: Gmail containing : com.android.providers.downloads : false
I/PROFILE ( 1608): Group: Phone containing : com.android.providers.downloads : false
I/PROFILE ( 1608): Group: Calendar containing : com.android.providers.downloads : false
I/PROFILE ( 1608): Group: Email containing : com.android.providers.downloads : false
I/PROFILE ( 1608): Group: SMS containing : com.android.providers.downloads : false
V/ProfileManager( 1608): No active group, returning default: Other
V/NotificationService( 1608): Pkg: com.android.providers.downloads group: Other
V/NotificationService( 1608): Active profile: Default
I/PROFILE ( 1608): Group: Gmail containing : com.android.providers.downloads : false
I/PROFILE ( 1608): Group: Phone containing : com.android.providers.downloads : false
I/PROFILE ( 1608): Group: Calendar containing : com.android.providers.downloads : false
I/PROFILE ( 1608): Group: Email containing : com.android.providers.downloads : false
I/PROFILE ( 1608): Group: SMS containing : com.android.providers.downloads : false
V/ProfileManager( 1608): No active group, returning default: Other
V/NotificationService( 1608): Pkg: com.android.providers.downloads group: Other
D/dalvikvm( 1960): GC_CONCURRENT freed 427K, 49% free 3194K/6151K, external 0K/0K, paused 2ms+2ms
V/NotificationService( 1608): Active profile: Default
I/PROFILE ( 1608): Group: Gmail containing : com.android.providers.downloads : false
I/PROFILE ( 1608): Group: Phone containing : com.android.providers.downloads : false
I/PROFILE ( 1608): Group: Calendar containing : com.android.providers.downloads : false
I/PROFILE ( 1608): Group: Email containing : com.android.providers.downloads : false
I/PROFILE ( 1608): Group: SMS containing : com.android.providers.downloads : false
V/ProfileManager( 1608): No active group, returning default: Other
V/NotificationService( 1608): Pkg: com.android.providers.downloads group: Other
V/NotificationService( 1608): Active profile: Default
I/PROFILE ( 1608): Group: Gmail containing : com.android.providers.downloads : false
I/PROFILE ( 1608): Group: Phone containing : com.android.providers.downloads : false
I/PROFILE ( 1608): Group: Calendar containing : com.android.providers.downloads : false
I/PROFILE ( 1608): Group: Email containing : com.android.providers.downloads : false
I/PROFILE ( 1608): Group: SMS containing : com.android.providers.downloads : false
V/ProfileManager( 1608): No active group, returning default: Other
V/NotificationService( 1608): Pkg: com.android.providers.downloads group: Other
V/NotificationService( 1608): Active profile: Default
I/PROFILE ( 1608): Group: Gmail containing : com.android.providers.downloads : false
I/PROFILE ( 1608): Group: Phone containing : com.android.providers.downloads : false
I/PROFILE ( 1608): Group: Calendar containing : com.android.providers.downloads : false
I/PROFILE ( 1608): Group: Email containing : com.android.providers.downloads : false
I/PROFILE ( 1608): Group: SMS containing : com.android.providers.downloads : false
V/ProfileManager( 1608): No active group, returning default: Other
V/NotificationService( 1608): Pkg: com.android.providers.downloads group: Other
V/NotificationService( 1608): Active profile: Default
I/PROFILE ( 1608): Group: Gmail containing : com.android.providers.downloads : false
I/PROFILE ( 1608): Group: Phone containing : com.android.providers.downloads : false
I/PROFILE ( 1608): Group: Calendar containing : com.android.providers.downloads : false
I/PROFILE ( 1608): Group: Email containing : com.android.providers.downloads : false
I/PROFILE ( 1608): Group: SMS containing : com.android.providers.downloads : false
V/ProfileManager( 1608): No active group, returning default: Other
V/NotificationService( 1608): Pkg: com.android.providers.downloads group: Other
V/NotificationService( 1608): Active profile: Default
I/PROFILE ( 1608): Group: Gmail containing : com.android.providers.downloads : false
I/PROFILE ( 1608): Group: Phone containing : com.android.providers.downloads : false
I/PROFILE ( 1608): Group: Calendar containing : com.android.providers.downloads : false
I/PROFILE ( 1608): Group: Email containing : com.android.providers.downloads : false
I/PROFILE ( 1608): Group: SMS containing : com.android.providers.downloads : false
V/ProfileManager( 1608): No active group, returning default: Other
V/NotificationService( 1608): Pkg: com.android.providers.downloads group: Other
D/vending ( 1999): [40] DownloadManagerBroadcastReceiver.handleDownloadCompletedAction(): Got a download completed intent.
I/vending ( 1999): [40] DownloadManagerBroadcastReceiver.startNextDownload(): Found Paused URI null
I/vending ( 1999): [40] DownloadManagerBroadcastReceiver.startNextDownload(): No more paused downloads.
D/vending ( 1999): [40] LocalAssetDatabase.notifyListener(): -5215283557087534742 / null
D/vending ( 1999): [40] DownloadManagerBroadcastReceiver.installFromUri(): Calling install uri=content://downloads/my_downloads/106 src=null asset=-5215283557087534742 (com.rovio.angrybirds:0) [DOWNLOADING] name=Angry Birds last=TRUE
D/vending ( 1999): [40] LocalAssetDatabase.notifyListener(): -5215283557087534742 / INSTALLING
V/NotificationService( 1608): Active profile: Default
I/PROFILE ( 1608): Group: Gmail containing : com.android.vending : false
I/PROFILE ( 1608): Group: Phone containing : com.android.vending : false
I/PROFILE ( 1608): Group: Calendar containing : com.android.vending : false
I/PROFILE ( 1608): Group: Email containing : com.android.vending : false
I/PROFILE ( 1608): Group: SMS containing : com.android.vending : false
V/ProfileManager( 1608): No active group, returning default: Other
V/NotificationService( 1608): Pkg: com.android.vending group: Other
D/vending ( 1999): [40] VendingNotificationManager.showNotification(): Showing notification: [AssetID=-5215283557087534742, NotificationID=1966314070, Title=Angry Birds, Message=Installing]
I/ActivityManager( 1608): Start proc com.android.defcontainer for service com.android.defcontainer/.DefaultContainerService: pid=2758 uid=10043 gids={1015, 2001}
W/asset   ( 1806): deep redirect failure from 0x01030068 => 0x02070002, defStyleAttr=0x01010084, defStyleRes=0x01030022, style=0x00000000
W/asset   ( 1806): deep redirect failure from 0x01030067 => 0x02070003, defStyleAttr=0x01010084, defStyleRes=0x01030022, style=0x00000000
W/asset   ( 1806): deep redirect failure from 0x01030067 => 0x02070003, defStyleAttr=0x01010084, defStyleRes=0x01030022, style=0x00000000
D/szipinf ( 2758): Initializing inflate state
D/dalvikvm( 2758): GC_EXPLICIT freed 49K, 51% free 2687K/5379K, external 0K/0K, paused 51ms
W/ActivityManager( 1608): No content provider found for: 
D/VoldCmdListener( 1465): asec list
I/dalvikvm( 2758): Total arena pages for JIT: 11
I/PackageHelper( 2758): Size of container 20 MB 19327529 bytes
D/VoldCmdListener( 1465): asec create smdl2tmp1 20 fat {} 10043
E/Vold    ( 1465): Error opening devmapper (No such file or directory)
E/Vold    ( 1465): ASEC device mapping failed (No such file or directory)
D/dalvikvm( 1806): GC_CONCURRENT freed 401K, 48% free 3223K/6151K, external 830K/1132K, paused 4ms+3ms
E/PackageHelper( 2758): Failed to create secure container smdl2tmp1
E/DefContainer( 2758): Failed to create container smdl2tmp1
W/ActivityManager( 1608): No content provider found for: 
I/ActivityManager( 1608): No longer want com.cyanogenmod.cmparts (pid 2394): hidden #16
D/dalvikvm( 1608): GC_EXPLICIT freed 545K, 37% free 5984K/9479K, external 1949K/2461K, paused 63ms
D/vending ( 1999): [14] LocalAssetDatabase.notifyListener(): -5215283557087534742 / INSTALL_FAILED
V/NotificationService( 1608): Active profile: Default
I/PROFILE ( 1608): Group: Gmail containing : com.android.vending : false
I/PROFILE ( 1608): Group: Phone containing : com.android.vending : false
I/PROFILE ( 1608): Group: Calendar containing : com.android.vending : false
I/PROFILE ( 1608): Group: Email containing : com.android.vending : false
I/PROFILE ( 1608): Group: SMS containing : com.android.vending : false
V/ProfileManager( 1608): No active group, returning default: Other
V/NotificationService( 1608): Pkg: com.android.vending group: Other
D/vending ( 1999): [14] VendingNotificationManager.showNotification(): Showing notification: [AssetID=-5215283557087534742, NotificationID=1966314070, Title=Angry Birds, Message=Installation unsuccessful.]
I/vending ( 1999): [14] MyPackageInstallObserver.packageInstalled(): Package install from content://downloads/my_downloads/106 failed: Couldn't install on USB storage or SD card.
W/asset   ( 1806): deep redirect failure from 0x01030068 => 0x02070002, defStyleAttr=0x01010084, defStyleRes=0x01030022, style=0x00000000
W/asset   ( 1806): deep redirect failure from 0x01030067 => 0x02070003, defStyleAttr=0x01010084, defStyleRes=0x01030022, style=0x00000000
W/asset   ( 1806): deep redirect failure from 0x01030067 => 0x02070003, defStyleAttr=0x01010084, defStyleRes=0x01030022, style=0x00000000
V/DATA    ( 1847): [DCT] onDataCallListChanged:
V/DATA    ( 1847): [DCT] ---dc state list---
V/DATA    ( 1847): [DCT] DataCallState: { cid: 0, active: 1, type: IP, apn: , address: 10.174.243.190 }
V/DATA    ( 1847): [DCT] ---dc list---
V/DATA    ( 1847): [DCT] cid = 0, state = DcActiveState, ipv = IPV4, ipaddress = 10.174.243.190, gw=10.174.243.189, dns=[66.174.71.33, 69.78.96.14]
D/dalvikvm( 1960): GC_EXPLICIT freed 416K, 49% free 3163K/6151K, external 0K/0K, paused 61ms
D/dalvikvm( 2355): GC_CONCURRENT freed 356K, 50% free 3027K/6023K, external 68K/512K, paused 2ms+2ms
I/System.out( 1826): resolveUri failed on bad bitmap uri: /data/data/com.levelup.beautifulwidgets/files/scskins-Honeyclock-background_numbers_0_1.png
I/System.out( 1826): resolveUri failed on bad bitmap uri: /data/data/com.levelup.beautifulwidgets/files/scskins-Honeyclock-background_numbers_0_2.png
I/System.out( 1826): resolveUri failed on bad bitmap uri: /data/data/com.levelup.beautifulwidgets/files/scskins-Honeyclock-background_numbers_0_3.png
I/System.out( 1826): resolveUri failed on bad bitmap uri: /data/data/com.levelup.beautifulwidgets/files/scskins-Honeyclock-background_numbers_0_4.png
I/System.out( 1826): resolveUri failed on bad bitmap uri: /data/data/com.levelup.beautifulwidgets/files/scskins-Honeyclock-background_numbers_1_0.png
I/System.out( 1826): resolveUri failed on bad bitmap uri: /data/data/com.levelup.beautifulwidgets/files/scskins-Honeyclock-background_numbers_1_1.png
I/System.out( 1826): resolveUri failed on bad bitmap uri: /data/data/com.levelup.beautifulwidgets/files/scskins-Honeyclock-background_numbers_1_2.png
I/System.out( 1826): resolveUri failed on bad bitmap uri: /data/data/com.levelup.beautifulwidgets/files/scskins-Honeyclock-background_numbers_1_3.png
I/System.out( 1826): resolveUri failed on bad bitmap uri: /data/data/com.levelup.beautifulwidgets/files/scskins-Honeyclock-background_numbers_1_4.png
I/System.out( 1826): resolveUri failed on bad bitmap uri: /data/data/com.levelup.beautifulwidgets/files/scskins-Honeyclock-background_numbers_2_0.png
I/System.out( 1826): resolveUri failed on bad bitmap uri: /data/data/com.levelup.beautifulwidgets/files/scskins-Honeyclock-background_numbers_2_1.png
I/System.out( 1826): resolveUri failed on bad bitmap uri: /data/data/com.levelup.beautifulwidgets/files/scskins-Honeyclock-background_numbers_2_2.png
I/System.out( 1826): resolveUri failed on bad bitmap uri: /data/data/com.levelup.beautifulwidgets/files/scskins-Honeyclock-background_numbers_2_3.png
I/System.out( 1826): resolveUri failed on bad bitmap uri: /data/data/com.levelup.beautifulwidgets/files/scskins-Honeyclock-background_numbers_2_4.png
I/power   ( 1608): *** set_screen_state 0
V/DATA    ( 1847): [DCT] intent received :android.intent.action.SCREEN_OFF
D/bwx.qb  ( 1930): battery receiver OFF (sleeping)
D/bwx.qb  ( 1930): screen is OFF
D/SurfaceFlinger( 1608): About to give-up screen, flinger = 0x96378
D/AK8975  ( 1475): Compass CLOSE 
W/InputManagerService( 1608): Window already focused, ignoring focus gain of: com.android.internal.view.IInputMethodClient$Stub$Proxy@40815840
I/WindowManager( 1608): Setting rotation to 0, animFlags=1
I/ActivityManager( 1608): Config changed: { scale=1.0 imsi=311/480 loc=en_US touch=3 keys=1/1/2 nav=1/1 orien=1 layout=34 uiMode=17 seq=8 themeResource=null}
D/dalvikvm( 1815): GC_CONCURRENT freed 452K, 47% free 3491K/6471K, external 0K/0K, paused 3ms+20ms
I/PowerWidget( 1806): Clearing any old widget stuffs
I/PowerWidget( 1806): Setting up widget
I/PowerWidget( 1806): Button list: toggleWifi|toggleBluetooth|toggleGPS|toggleSound|toggleFlashlight|toggleMediaPrevious|toggleMediaPlayPause|toggleMediaNext
I/PowerWidget( 1806): Setting up button: toggleWifi
I/PowerWidget( 1806): Setting up button: toggleBluetooth
I/PowerWidget( 1806): Setting up button: toggleGPS
I/PowerWidget( 1806): Setting up button: toggleSound
I/PowerWidget( 1806): Setting up button: toggleFlashlight
I/PowerWidget( 1806): Setting up button: toggleMediaPrevious
I/PowerWidget( 1806): Setting up button: toggleMediaPlayPause
I/PowerWidget( 1806): Setting up button: toggleMediaNext
D/dalvikvm( 1608): GC_EXPLICIT freed 385K, 38% free 5971K/9479K, external 2167K/2461K, paused 93ms
D/Beautiful Widgets( 2355): Received Weather refresh Intent
W/Beautiful Widgets( 2355): new Wakelock
D/Beautiful Widgets( 2355): Service for Weather started
V/Beautiful Widgets( 2355): Service GWeather onStart()
D/Beautiful Widgets( 2355): Service GWeather Thread started for widget
I/Beautiful Widgets( 2355): Buildupdate 
I/Beautiful Widgets( 2355): Geodecoding lat/lon from city name 33624
I/System.out( 1815): [INFO:330496]: LogSource: Running flush
I/System.out( 1815): [INFO:330499]: LogSource: Sending payload [bytes=265]
D/dalvikvm( 1815): GC_CONCURRENT freed 619K, 48% free 3384K/6471K, external 0K/0K, paused 2ms+3ms
D/dalvikvm( 1815): GC_CONCURRENT freed 512K, 48% free 3384K/6471K, external 0K/0K, paused 3ms+3ms
I/System.out( 1815): [INFO:332388]: LogSource: Response [http=200,length=186]
I/System.out( 1815): [INFO:332389]: LogSource: Read id 3, status code 200
I/Beautiful Widgets( 2355): Geodecoded: Florida
V/Beautiful Widgets( 2355): Doing the Google weather query for 33624
W/Beautiful Widgets( 2355): QueryString: http://www.google.com/ig/api?weather=33624&hl=US
V/Beautiful Widgets( 2355): Google weather query success for Tampa, FL
D/dalvikvm( 2355): GC_CONCURRENT freed 499K, 51% free 3010K/6023K, external 242K/512K, paused 4ms+4ms
I/System.out( 1826): resolveUri failed on bad bitmap uri: /data/data/com.levelup.beautifulwidgets/files/scskins-Honeyclock-background_numbers_0_1.png
D/dalvikvm( 2355): GC_CONCURRENT freed 411K, 51% free 3003K/6023K, external 218K/512K, paused 2ms+12ms
I/System.out( 1826): resolveUri failed on bad bitmap uri: /data/data/com.levelup.beautifulwidgets/files/scskins-Honeyclock-background_numbers_0_2.png
I/System.out( 1826): resolveUri failed on bad bitmap uri: /data/data/com.levelup.beautifulwidgets/files/scskins-Honeyclock-background_numbers_0_3.png
I/System.out( 1826): resolveUri failed on bad bitmap uri: /data/data/com.levelup.beautifulwidgets/files/scskins-Honeyclock-background_numbers_0_4.png
I/System.out( 1826): resolveUri failed on bad bitmap uri: /data/data/com.levelup.beautifulwidgets/files/scskins-Honeyclock-background_numbers_1_0.png
I/System.out( 1826): resolveUri failed on bad bitmap uri: /data/data/com.levelup.beautifulwidgets/files/scskins-Honeyclock-background_numbers_1_1.png
I/System.out( 1826): resolveUri failed on bad bitmap uri: /data/data/com.levelup.beautifulwidgets/files/scskins-Honeyclock-background_numbers_1_2.png
I/System.out( 1826): resolveUri failed on bad bitmap uri: /data/data/com.levelup.beautifulwidgets/files/scskins-Honeyclock-background_numbers_1_3.png
I/System.out( 1826): resolveUri failed on bad bitmap uri: /data/data/com.levelup.beautifulwidgets/files/scskins-Honeyclock-background_numbers_1_4.png
I/System.out( 1826): resolveUri failed on bad bitmap uri: /data/data/com.levelup.beautifulwidgets/files/scskins-Honeyclock-background_numbers_2_0.png
I/System.out( 1826): resolveUri failed on bad bitmap uri: /data/data/com.levelup.beautifulwidgets/files/scskins-Honeyclock-background_numbers_2_1.png
I/System.out( 1826): resolveUri failed on bad bitmap uri: /data/data/com.levelup.beautifulwidgets/files/scskins-Honeyclock-background_numbers_2_2.png
I/System.out( 1826): resolveUri failed on bad bitmap uri: /data/data/com.levelup.beautifulwidgets/files/scskins-Honeyclock-background_numbers_2_3.png
I/System.out( 1826): resolveUri failed on bad bitmap uri: /data/data/com.levelup.beautifulwidgets/files/scskins-Honeyclock-background_numbers_2_4.png
D/Beautiful Widgets( 2355): Service GWeather Thread STOPPED
D/Beautiful Widgets( 2355): a Wakelock is held and being released now
D/Beautiful Widgets( 2355): Service destroying
D/dalvikvm( 2355): GC_EXPLICIT freed 38K, 51% free 2970K/6023K, external 218K/512K, paused 53ms
V/DATA    ( 1847): [DCT] intent received :com.android.internal.telephony.gprs-reconnect.SERVICE_TYPE_DEFAULT.IPV6
V/DATA    ( 1847): [DCT] onUpdateDataConnections: reason=iccRecordsLaded
V/DATA    ( 1847): [DCT] ---dc list---
V/DATA    ( 1847): [DCT] cid = 0, state = DcActiveState, ipv = IPV4, ipaddress = 10.174.243.190, gw=10.174.243.189, dns=[66.174.71.33, 69.78.96.14]
V/DATA    ( 1847): [DCT] ---ds list---
V/DATA    ( 1847): [DCT] ds= SERVICE_TYPE_DEFAULT, enabled = true, active = v4:CONNECTED(0) v6:SCANNING
V/DATA    ( 1847): [DCT] ds= SERVICE_TYPE_MMS, enabled = false, active = v4:CONNECTED(0) v6:IDLE
V/DATA    ( 1847): [DCT] ds= SERVICE_TYPE_SUPL, enabled = false, active = v4:CONNECTED(0) v6:IDLE
V/DATA    ( 1847): [DCT] ds= SERVICE_TYPE_DUN, enabled = false, active = v4:CONNECTED(0) v6:IDLE
V/DATA    ( 1847): [DCT] ds= SERVICE_TYPE_HIPRI, enabled = false, active = v4:CONNECTED(0) v6:IDLE
I/DATA    ( 1847): [DCT] Ready for data : 
I/DATA    ( 1847): [DCT]    getDesiredPowerState() = true
I/DATA    ( 1847): [DCT]    mCm.getRadioState() = RADIO_ON
I/DATA    ( 1847): [DCT]    [DataRadioTech = RADIO_TECH_EHRPD, data network state = 0, mMasterDataEnabled = true, is Roaming = false, dataOnRoamingEnable = false, isPsRestricted = false, desiredPowerState  = true, mSIMRecords = true/311480, cdmaSubSource = 0, mRuimRecords = true/null]
V/DATA    ( 1847): [DCT] trySetupDataCall : ds=SERVICE_TYPE_DEFAULT, ipv=IPV6, reason=iccRecordsLaded
I/DATA    ( 1847): [SERVICE_TYPE_DEFAULT] Data Profile Chosen:PROFILE_TYPE_3GPP2_NAI
V/DATA    ( 1847): [DefaultPhoneNotifier] : default, IPV6, CONNECTING
I/TelephonyRegistry( 1608): notifyDataConnection: state=1 isDataConnectivityPossible=true reason=iccRecordsLaded interfaceName=null networkType=13
D/DATA    ( 1847): [DC cid = -1]DcInactiveState msg.what=EVENT_CONNECT
I/DATA    ( 1847): [DC cid = -1]Connecting : dataProfile = [dpt=PROFILE_TYPE_3GPP2_NAI, active=false, 
D/DATA    ( 1847): [DC cid = -1]DcActivatingState msg.what=EVENT_SETUP_DATA_CONNECTION_DONE
D/DATA    ( 1847): [DC cid = -1]DataConnection Init failed com.android.internal.telephony.CommandException: GENERIC_FAILURE
D/DATA    ( 1847): [DC cid = -1]DataConnection setup result='Other error' on cid=-1
D/DATA    ( 1847): [DC cid = -1]DcInactiveState: setEnterNoticationParams cp,cause
D/DATA    ( 1847): [DC cid = -1]DcInactiveState: enter notifyConnectCompleted
D/DATA    ( 1847): [DC cid = -1]notifyConnection at 1307001233731 cause=UNKNOWN
I/DATA    ( 1847): [DCT] --------------------------
I/DATA    ( 1847): [DCT] Data call setup : FAILED
I/DATA    ( 1847): [DCT]   service type  : SERVICE_TYPE_DEFAULT
I/DATA    ( 1847): [DCT]   data profile  : CDMA NAI
I/DATA    ( 1847): [DCT]   ip version    : IPV6
