D/dalvikvm( 1660): creating instr width table
D/dalvikvm( 1660): DexOpt: load 7ms, verify+opt 8ms
D/installd( 1472): DexInv: --- END '/system/app/SpareParts.apk' (success) ---
D/installd( 1472): DexInv: --- BEGIN '/system/app/CalendarProvider.apk' ---
D/dalvikvm( 1661): creating instr width table
D/dalvikvm( 1661): DexOpt: load 38ms, verify+opt 284ms
D/installd( 1472): DexInv: --- END '/system/app/CalendarProvider.apk' (success) ---
D/szipinf ( 1608): Initializing inflate state
D/installd( 1472): DexInv: --- BEGIN '/system/app/Browser.apk' ---
D/dalvikvm( 1662): creating instr width table
D/dalvikvm( 1662): DexOpt: load 40ms, verify+opt 179ms
D/installd( 1472): DexInv: --- END '/system/app/Browser.apk' (success) ---
D/installd( 1472): DexInv: --- BEGIN '/system/app/GoogleCalendarSyncAdapter.apk' ---
D/dalvikvm( 1663): creating instr width table
D/dalvikvm( 1663): DexOpt: load 8ms, verify+opt 126ms
D/installd( 1472): DexInv: --- END '/system/app/GoogleCalendarSyncAdapter.apk' (success) ---
D/installd( 1472): DexInv: --- BEGIN '/system/app/GoogleBackupTransport.apk' ---
D/dalvikvm( 1664): creating instr width table
D/dalvikvm( 1664): DexOpt: load 9ms, verify+opt 53ms
D/installd( 1472): DexInv: --- END '/system/app/GoogleBackupTransport.apk' (success) ---
D/installd( 1472): DexInv: --- BEGIN '/system/app/ContactsProvider.apk' ---
D/dalvikvm( 1665): creating instr width table
D/dalvikvm( 1665): DexOpt: load 9ms, verify+opt 143ms
D/installd( 1472): DexInv: --- END '/system/app/ContactsProvider.apk' (success) ---
D/installd( 1472): DexInv: --- BEGIN '/system/app/LiveWallpapersPicker.apk' ---
D/dalvikvm( 1666): creating instr width table
D/dalvikvm( 1666): DexOpt: load 15ms, verify+opt 48ms
D/installd( 1472): DexInv: --- END '/system/app/LiveWallpapersPicker.apk' (success) ---
D/szipinf ( 1608): Initializing inflate state
D/installd( 1472): DexInv: --- BEGIN '/system/app/LiveWallpapers.apk' ---
D/dalvikvm( 1667): creating instr width table
D/dalvikvm( 1667): DexOpt: load 10ms, verify+opt 33ms
D/installd( 1472): DexInv: --- END '/system/app/LiveWallpapers.apk' (success) ---
D/szipinf ( 1608): Initializing inflate state
D/installd( 1472): DexInv: --- BEGIN '/system/app/PackageInstaller.apk' ---
D/dalvikvm( 1668): creating instr width table
D/dalvikvm( 1668): DexOpt: load 13ms, verify+opt 37ms
D/installd( 1472): DexInv: --- END '/system/app/PackageInstaller.apk' (success) ---
D/szipinf ( 1608): Initializing inflate state
D/installd( 1472): DexInv: --- BEGIN '/system/app/FM.apk' ---
D/dalvikvm( 1669): creating instr width table
D/dalvikvm( 1669): DexOpt: load 29ms, verify+opt 112ms
D/installd( 1472): DexInv: --- END '/system/app/FM.apk' (success) ---
D/szipinf ( 1608): Initializing inflate state
W/PackageParser( 1608): No actions in intent filter at /system/app/Bluetooth.apk Binary XML file line #124
D/installd( 1472): DexInv: --- BEGIN '/system/app/Bluetooth.apk' ---
D/dalvikvm( 1671): creating instr width table
D/dalvikvm( 1671): DexOpt: load 9ms, verify+opt 88ms
D/installd( 1472): DexInv: --- END '/system/app/Bluetooth.apk' (success) ---
D/installd( 1472): DexInv: --- BEGIN '/system/app/Pacman.apk' ---
D/dalvikvm( 1672): creating instr width table
D/dalvikvm( 1672): DexOpt: load 24ms, verify+opt 44ms
D/installd( 1472): DexInv: --- END '/system/app/Pacman.apk' (success) ---
D/installd( 1472): DexInv: --- BEGIN '/system/app/VisualizationWallpapers.apk' ---
D/dalvikvm( 1673): creating instr width table
D/dalvikvm( 1673): DexOpt: load 7ms, verify+opt 29ms
D/installd( 1472): DexInv: --- END '/system/app/VisualizationWallpapers.apk' (success) ---
D/installd( 1472): DexInv: --- BEGIN '/system/app/ApplicationsProvider.apk' ---
D/dalvikvm( 1674): creating instr width table
D/dalvikvm( 1674): DexOpt: load 6ms, verify+opt 45ms
D/installd( 1472): DexInv: --- END '/system/app/ApplicationsProvider.apk' (success) ---
D/installd( 1472): DexInv: --- BEGIN '/system/app/NetworkLocation.apk' ---
D/dalvikvm( 1675): creating instr width table
D/dalvikvm( 1675): DexOpt: load 13ms, verify+opt 89ms
D/installd( 1472): DexInv: --- END '/system/app/NetworkLocation.apk' (success) ---
D/installd( 1472): DexInv: --- BEGIN '/system/app/ThemeManager.apk' ---
D/dalvikvm( 1676): creating instr width table
D/dalvikvm( 1676): DexOpt: load 7ms, verify+opt 29ms
D/installd( 1472): DexInv: --- END '/system/app/ThemeManager.apk' (success) ---
D/dalvikvm( 1608): GC_CONCURRENT freed 163K, 44% free 3522K/6215K, external 0K/0K, paused 2ms+5ms
I/PackageManager( 1608): Package com.android.vending at /system/app/Vending.apk ignored: updated version 4002306 better than this 4002303
D/szipinf ( 1608): Initializing inflate state
D/installd( 1472): DexInv: --- BEGIN '/system/app/Email.apk' ---
D/dalvikvm( 1677): creating instr width table
D/dalvikvm( 1677): DexOpt: load 56ms, verify+opt 581ms
D/installd( 1472): DexInv: --- END '/system/app/Email.apk' (success) ---
D/installd( 1472): DexInv: --- BEGIN '/system/app/MarketUpdater.apk' ---
D/dalvikvm( 1678): creating instr width table
D/dalvikvm( 1678): DexOpt: load 2ms, verify+opt 7ms
D/installd( 1472): DexInv: --- END '/system/app/MarketUpdater.apk' (success) ---
D/installd( 1472): DexInv: --- BEGIN '/system/app/TelephonyProvider.apk' ---
D/dalvikvm( 1679): creating instr width table
D/dalvikvm( 1679): DexOpt: load 3ms, verify+opt 52ms
D/installd( 1472): DexInv: --- END '/system/app/TelephonyProvider.apk' (success) ---
D/installd( 1472): DexInv: --- BEGIN '/system/app/CMStats.apk' ---
D/dalvikvm( 1680): creating instr width table
D/dalvikvm( 1680): DexOpt: 'Landroid/os/SystemProperties;' has an earlier definition; blocking out
D/dalvikvm( 1680): DexOpt: not verifying 'Landroid/os/SystemProperties;': multiple definitions
I/dalvikvm( 1680): DexOpt: not resolving ambiguous class 'Landroid/os/SystemProperties;'
D/dalvikvm( 1680): DexOpt: load 12ms, verify+opt 28ms
D/installd( 1472): DexInv: --- END '/system/app/CMStats.apk' (success) ---
D/installd( 1472): DexInv: --- BEGIN '/system/app/MagicSmokeWallpapers.apk' ---
D/dalvikvm( 1681): creating instr width table
D/dalvikvm( 1681): DexOpt: load 5ms, verify+opt 11ms
D/installd( 1472): DexInv: --- END '/system/app/MagicSmokeWallpapers.apk' (success) ---
D/szipinf ( 1608): Initializing inflate state
D/installd( 1472): DexInv: --- BEGIN '/system/app/ADWLauncher.apk' ---
D/dalvikvm( 1682): creating instr width table
D/dalvikvm( 1682): DexOpt: load 67ms, verify+opt 286ms
D/installd( 1472): DexInv: --- END '/system/app/ADWLauncher.apk' (success) ---
W/PackageManager( 1608): Permission com.android.launcher.permission.INSTALL_SHORTCUT from package com.android.launcher ignored: original from org.adwfreak.launcher
W/PackageManager( 1608): Permission com.android.launcher.permission.UNINSTALL_SHORTCUT from package com.android.launcher ignored: original from org.adwfreak.launcher
D/installd( 1472): DexInv: --- BEGIN '/system/app/GoogleContactsSyncAdapter.apk' ---
D/dalvikvm( 1683): creating instr width table
D/dalvikvm( 1683): DexOpt: load 9ms, verify+opt 142ms
D/installd( 1472): DexInv: --- END '/system/app/GoogleContactsSyncAdapter.apk' (success) ---
D/installd( 1472): DexInv: --- BEGIN '/system/app/QuickSearch.apk' ---
D/dalvikvm( 1684): creating instr width table
D/dalvikvm( 1684): DexOpt: load 55ms, verify+opt 168ms
D/installd( 1472): DexInv: --- END '/system/app/QuickSearch.apk' (success) ---
D/installd( 1472): DexInv: --- BEGIN '/system/app/Development.apk' ---
D/dalvikvm( 1685): creating instr width table
D/dalvikvm( 1685): DexOpt: load 23ms, verify+opt 97ms
D/installd( 1472): DexInv: --- END '/system/app/Development.apk' (success) ---
D/installd( 1472): DexInv: --- BEGIN '/system/app/UserDictionaryProvider.apk' ---
D/dalvikvm( 1686): creating instr width table
D/dalvikvm( 1686): DexOpt: load 5ms, verify+opt 26ms
D/installd( 1472): DexInv: --- END '/system/app/UserDictionaryProvider.apk' (success) ---
D/szipinf ( 1608): Initializing inflate state
W/ResourceType( 1608): Failure getting entry for 0x7f090217 (t=8 e=535) in package 0 (error -75)
D/installd( 1472): DexInv: --- BEGIN '/system/app/CMParts.apk' ---
D/dalvikvm( 1687): creating instr width table
D/dalvikvm( 1687): DexOpt: load 43ms, verify+opt 129ms
D/installd( 1472): DexInv: --- END '/system/app/CMParts.apk' (success) ---
D/szipinf ( 1608): Initializing inflate state
D/installd( 1472): DexInv: --- BEGIN '/system/app/FileManager.apk' ---
D/dalvikvm( 1688): creating instr width table
D/dalvikvm( 1688): DexOpt: load 19ms, verify+opt 54ms
D/installd( 1472): DexInv: --- END '/system/app/FileManager.apk' (success) ---
D/szipinf ( 1608): Initializing inflate state
D/installd( 1472): DexInv: --- BEGIN '/system/app/Mms.apk' ---
D/dalvikvm( 1689): creating instr width table
D/dalvikvm( 1689): DexOpt: load 81ms, verify+opt 293ms
D/installd( 1472): DexInv: --- END '/system/app/Mms.apk' (success) ---
D/szipinf ( 1608): Initializing inflate state
D/installd( 1472): DexInv: --- BEGIN '/system/app/Gallery3D.apk' ---
D/dalvikvm( 1690): creating instr width table
D/dalvikvm( 1690): DexOpt: load 21ms, verify+opt 235ms
D/installd( 1472): DexInv: --- END '/system/app/Gallery3D.apk' (success) ---
D/szipinf ( 1608): Initializing inflate state
D/installd( 1472): DexInv: --- BEGIN '/system/app/Phone.apk' ---
D/dalvikvm( 1608): GC_CONCURRENT freed 263K, 43% free 3709K/6471K, external 0K/0K, paused 2ms+19ms
D/dalvikvm( 1691): creating instr width table
D/dalvikvm( 1691): DexOpt: load 45ms, verify+opt 322ms
D/installd( 1472): DexInv: --- END '/system/app/Phone.apk' (success) ---
D/installd( 1472): DexInv: --- BEGIN '/system/app/GoogleFeedback.apk' ---
D/dalvikvm( 1692): creating instr width table
D/dalvikvm( 1692): DexOpt: load 21ms, verify+opt 84ms
D/installd( 1472): DexInv: --- END '/system/app/GoogleFeedback.apk' (success) ---
D/installd( 1472): DexInv: --- BEGIN '/system/app/GoogleServicesFramework.apk' ---
D/dalvikvm( 1693): creating instr width table
D/dalvikvm( 1693): VFY: dead code 0x0087-0087 in Lcom/google/android/gsf/loginservice/MigrateToAccountManagerBroadcastReceiver;.migrateAccounts (Landroid/content/Context;)V
D/dalvikvm( 1693): DexOpt: load 51ms, verify+opt 601ms
D/installd( 1472): DexInv: --- END '/system/app/GoogleServicesFramework.apk' (success) ---
D/installd( 1472): DexInv: --- BEGIN '/system/app/TtsService.apk' ---
D/dalvikvm( 1694): creating instr width table
D/dalvikvm( 1694): DexOpt: load 7ms, verify+opt 25ms
D/installd( 1472): DexInv: --- END '/system/app/TtsService.apk' (success) ---
D/installd( 1472): DexInv: --- BEGIN '/system/app/Torch.apk' ---
D/dalvikvm( 1695): creating instr width table
D/dalvikvm( 1695): DexOpt: load 17ms, verify+opt 46ms
D/installd( 1472): DexInv: --- END '/system/app/Torch.apk' (success) ---
D/szipinf ( 1608): Initializing inflate state
D/installd( 1472): DexInv: --- BEGIN '/system/app/Music.apk' ---
D/dalvikvm( 1696): creating instr width table
D/dalvikvm( 1696): DexOpt: load 39ms, verify+opt 151ms
D/installd( 1472): DexInv: --- END '/system/app/Music.apk' (success) ---
D/installd( 1472): DexInv: --- BEGIN '/system/app/VpnServices.apk' ---
D/dalvikvm( 1697): creating instr width table
D/dalvikvm( 1697): DexOpt: load 7ms, verify+opt 24ms
D/installd( 1472): DexInv: --- END '/system/app/VpnServices.apk' (success) ---
D/installd( 1472): DexInv: --- BEGIN '/system/app/Talk.apk' ---
D/dalvikvm( 1698): creating instr width table
D/dalvikvm( 1698): DexOpt: load 50ms, verify+opt 337ms
D/installd( 1472): DexInv: --- END '/system/app/Talk.apk' (success) ---
D/szipinf ( 1608): Initializing inflate state
D/installd( 1472): DexInv: --- BEGIN '/system/app/AccountAndSyncSettings.apk' ---
D/dalvikvm( 1699): creating instr width table
D/dalvikvm( 1699): DexOpt: load 7ms, verify+opt 49ms
D/installd( 1472): DexInv: --- END '/system/app/AccountAndSyncSettings.apk' (success) ---
D/installd( 1472): DexInv: --- BEGIN '/system/app/MediaProvider.apk' ---
D/dalvikvm( 1700): creating instr width table
D/dalvikvm( 1700): DexOpt: load 3ms, verify+opt 47ms
D/installd( 1472): DexInv: --- END '/system/app/MediaProvider.apk' (success) ---
D/installd( 1472): DexInv: --- BEGIN '/system/app/GooglePartnerSetup.apk' ---
D/dalvikvm( 1701): creating instr width table
D/dalvikvm( 1701): DexOpt: load 3ms, verify+opt 20ms
D/installd( 1472): DexInv: --- END '/system/app/GooglePartnerSetup.apk' (success) ---
D/installd( 1472): DexInv: --- BEGIN '/system/app/SoundRecorder.apk' ---
D/dalvikvm( 1702): creating instr width table
D/dalvikvm( 1702): DexOpt: load 5ms, verify+opt 32ms
D/installd( 1472): DexInv: --- END '/system/app/SoundRecorder.apk' (success) ---
D/installd( 1472): DexInv: --- BEGIN '/system/app/VoiceDialer.apk' ---
D/dalvikvm( 1703): creating instr width table
D/dalvikvm( 1703): DexOpt: load 5ms, verify+opt 60ms
D/installd( 1472): DexInv: --- END '/system/app/VoiceDialer.apk' (success) ---
D/installd( 1472): DexInv: --- BEGIN '/system/app/DefaultContainerService.apk' ---
D/dalvikvm( 1704): creating instr width table
D/dalvikvm( 1704): DexOpt: load 2ms, verify+opt 10ms
D/installd( 1472): DexInv: --- END '/system/app/DefaultContainerService.apk' (success) ---
D/installd( 1472): DexInv: --- BEGIN '/system/app/CMUpdateNotify.apk' ---
D/dalvikvm( 1705): creating instr width table
D/dalvikvm( 1705): DexOpt: 'Landroid/os/SystemProperties;' has an earlier definition; blocking out
D/dalvikvm( 1705): DexOpt: not verifying 'Landroid/os/SystemProperties;': multiple definitions
I/dalvikvm( 1705): DexOpt: not resolving ambiguous class 'Landroid/os/SystemProperties;'
D/dalvikvm( 1705): DexOpt: load 7ms, verify+opt 26ms
D/installd( 1472): DexInv: --- END '/system/app/CMUpdateNotify.apk' (success) ---
D/installd( 1472): DexInv: --- BEGIN '/system/app/DSPManager.apk' ---
D/dalvikvm( 1706): creating instr width table
D/dalvikvm( 1706): DexOpt: load 8ms, verify+opt 13ms
D/installd( 1472): DexInv: --- END '/system/app/DSPManager.apk' (success) ---
D/installd( 1472): DexInv: --- BEGIN '/system/app/AndroidTerm.apk' ---
D/dalvikvm( 1707): creating instr width table
D/dalvikvm( 1707): DexOpt: load 13ms, verify+opt 28ms
D/installd( 1472): DexInv: --- END '/system/app/AndroidTerm.apk' (success) ---
D/installd( 1472): DexInv: --- BEGIN '/system/app/PicoTts.apk' ---
D/dalvikvm( 1708): creating instr width table
D/dalvikvm( 1708): DexOpt: load 17ms, verify+opt 10ms
D/installd( 1472): DexInv: --- END '/system/app/PicoTts.apk' (success) ---
D/installd( 1472): DexInv: --- BEGIN '/system/app/OneTimeInitializer.apk' ---
D/dalvikvm( 1709): creating instr width table
D/dalvikvm( 1709): DexOpt: load 5ms, verify+opt 16ms
D/installd( 1472): DexInv: --- END '/system/app/OneTimeInitializer.apk' (success) ---
D/szipinf ( 1608): Initializing inflate state
D/installd( 1472): DexInv: --- BEGIN '/system/app/Calendar.apk' ---
D/dalvikvm( 1710): creating instr width table
D/dalvikvm( 1710): DexOpt: load 41ms, verify+opt 174ms
D/installd( 1472): DexInv: --- END '/system/app/Calendar.apk' (success) ---
D/installd( 1472): DexInv: --- BEGIN '/system/app/SettingsProvider.apk' ---
D/dalvikvm( 1711): creating instr width table
D/dalvikvm( 1711): DexOpt: load 6ms, verify+opt 30ms
D/installd( 1472): DexInv: --- END '/system/app/SettingsProvider.apk' (success) ---
D/installd( 1472): DexInv: --- BEGIN '/system/app/Stk.apk' ---
D/dalvikvm( 1712): creating instr width table
D/dalvikvm( 1608): GC_CONCURRENT freed 234K, 42% free 3910K/6663K, external 0K/0K, paused 4ms+3ms
D/dalvikvm( 1712): DexOpt: load 20ms, verify+opt 52ms
D/installd( 1472): DexInv: --- END '/system/app/Stk.apk' (success) ---
D/installd( 1472): DexInv: --- BEGIN '/system/app/SystemUI.apk' ---
D/dalvikvm( 1713): creating instr width table
D/dalvikvm( 1713): DexOpt: load 31ms, verify+opt 104ms
D/installd( 1472): DexInv: --- END '/system/app/SystemUI.apk' (success) ---
D/szipinf ( 1608): Initializing inflate state
D/installd( 1472): DexInv: --- BEGIN '/system/app/Contacts.apk' ---
D/dalvikvm( 1714): creating instr width table
D/dalvikvm( 1714): DexOpt: load 59ms, verify+opt 239ms
D/installd( 1472): DexInv: --- END '/system/app/Contacts.apk' (success) ---
D/szipinf ( 1608): Initializing inflate state
D/installd( 1472): DexInv: --- BEGIN '/system/app/DownloadProvider.apk' ---
D/dalvikvm( 1715): creating instr width table
D/dalvikvm( 1715): DexOpt: load 37ms, verify+opt 237ms
D/installd( 1472): DexInv: --- END '/system/app/DownloadProvider.apk' (success) ---
D/installd( 1472): DexInv: --- BEGIN '/system/app/SetupWizard.apk' ---
D/dalvikvm( 1716): creating instr width table
D/dalvikvm( 1716): DexOpt: load 19ms, verify+opt 63ms
D/installd( 1472): DexInv: --- END '/system/app/SetupWizard.apk' (success) ---
D/installd( 1472): DexInv: --- BEGIN '/system/app/AicBootFix.apk' ---
D/dalvikvm( 1717): creating instr width table
D/dalvikvm( 1717): DexOpt: load 10ms, verify+opt 5ms
D/installd( 1472): DexInv: --- END '/system/app/AicBootFix.apk' (success) ---
D/szipinf ( 1608): Initializing inflate state
D/installd( 1472): DexInv: --- BEGIN '/system/app/Superuser.apk' ---
D/dalvikvm( 1718): creating instr width table
D/dalvikvm( 1718): DexOpt: load 25ms, verify+opt 49ms
D/installd( 1472): DexInv: --- END '/system/app/Superuser.apk' (success) ---
D/szipinf ( 1608): Initializing inflate state
D/installd( 1472): DexInv: --- BEGIN '/system/app/CertInstaller.apk' ---
D/dalvikvm( 1719): creating instr width table
D/dalvikvm( 1719): DexOpt: load 17ms, verify+opt 32ms
D/installd( 1472): DexInv: --- END '/system/app/CertInstaller.apk' (success) ---
D/installd( 1472): DexInv: --- BEGIN '/system/app/HTMLViewer.apk' ---
D/dalvikvm( 1720): creating instr width table
D/dalvikvm( 1720): DexOpt: load 8ms, verify+opt 19ms
D/installd( 1472): DexInv: --- END '/system/app/HTMLViewer.apk' (success) ---
D/installd( 1472): DexInv: --- BEGIN '/system/app/ThemeChooser.apk' ---
D/dalvikvm( 1721): creating instr width table
D/dalvikvm( 1721): DexOpt: load 10ms, verify+opt 29ms
D/installd( 1472): DexInv: --- END '/system/app/ThemeChooser.apk' (success) ---
D/szipinf ( 1608): Initializing inflate state
D/installd( 1472): DexInv: --- BEGIN '/system/app/Camera.apk' ---
D/dalvikvm( 1722): creating instr width table
D/dalvikvm( 1722): DexOpt: load 25ms, verify+opt 123ms
D/installd( 1472): DexInv: --- END '/system/app/Camera.apk' (success) ---
D/szipinf ( 1608): Initializing inflate state
D/installd( 1472): DexInv: --- BEGIN '/system/app/DeskClock.apk' ---
D/dalvikvm( 1723): creating instr width table
D/dalvikvm( 1723): DexOpt: load 16ms, verify+opt 73ms
D/installd( 1472): DexInv: --- END '/system/app/DeskClock.apk' (success) ---
D/PackageManager( 1608): No files in app dir /vendor/app
I/PackageManager( 1608): Unpacking native libraries for /data/app/info.androidz.horoscope-1.apk
D/installd( 1472): DexInv: --- BEGIN '/data/app/info.androidz.horoscope-1.apk' ---
D/dalvikvm( 1724): creating instr width table
D/dalvikvm( 1724): DexOpt: load 32ms, verify+opt 114ms
D/installd( 1472): DexInv: --- END '/data/app/info.androidz.horoscope-1.apk' (success) ---
I/PackageManager( 1608): Unpacking native libraries for /data/app/com.google.android.apps.googlevoice-1.apk
D/installd( 1472): DexInv: --- BEGIN '/data/app/com.google.android.apps.googlevoice-1.apk' ---
D/dalvikvm( 1608): GC_CONCURRENT freed 265K, 40% free 4118K/6855K, external 0K/0K, paused 5ms+4ms
D/dalvikvm( 1725): creating instr width table
D/dalvikvm( 1725): DexOpt: load 119ms, verify+opt 867ms
D/installd( 1472): DexInv: --- END '/data/app/com.google.android.apps.googlevoice-1.apk' (success) ---
I/PackageManager( 1608): Unpacking native libraries for /data/app/com.google.android.apps.unveil-1.apk
D/installd( 1472): DexInv: --- BEGIN '/data/app/com.google.android.apps.unveil-1.apk' ---
D/dalvikvm( 1726): creating instr width table
D/dalvikvm( 1726): DexOpt: load 103ms, verify+opt 707ms
D/installd( 1472): DexInv: --- END '/data/app/com.google.android.apps.unveil-1.apk' (success) ---
W/PackageParser( 1608): No actions in intent filter at /data/app/com.dropbox.android-1.apk Binary XML file line #217
I/PackageManager( 1608): Unpacking native libraries for /data/app/com.dropbox.android-1.apk
D/installd( 1472): DexInv: --- BEGIN '/data/app/com.dropbox.android-1.apk' ---
D/dalvikvm( 1727): creating instr width table
D/dalvikvm( 1727): DexOpt: load 41ms, verify+opt 293ms
D/installd( 1472): DexInv: --- END '/data/app/com.dropbox.android-1.apk' (success) ---
I/PackageManager( 1608): Unpacking native libraries for /data/app/com.google.android.youtube-1.apk
D/installd( 1472): DexInv: --- BEGIN '/data/app/com.google.android.youtube-1.apk' ---
D/dalvikvm( 1728): creating instr width table
D/dalvikvm( 1608): GC_CONCURRENT freed 235K, 40% free 4289K/7047K, external 0K/0K, paused 4ms+15ms
D/dalvikvm( 1728): DexOpt: load 48ms, verify+opt 264ms
D/installd( 1472): DexInv: --- END '/data/app/com.google.android.youtube-1.apk' (success) ---
I/PackageManager( 1608): Unpacking native libraries for /data/app/com.levelup.bw.forecast-1.apk
D/installd( 1472): DexInv: --- BEGIN '/data/app/com.levelup.bw.forecast-1.apk' ---
D/dalvikvm( 1729): creating instr width table
D/dalvikvm( 1729): DexOpt: load 6ms, verify+opt 16ms
D/installd( 1472): DexInv: --- END '/data/app/com.levelup.bw.forecast-1.apk' (success) ---
I/PackageManager( 1608): Unpacking native libraries for /data/app/com.gmail.nagamatu.drocap2-1.apk
D/installd( 1472): DexInv: --- BEGIN '/data/app/com.gmail.nagamatu.drocap2-1.apk' ---
D/dalvikvm( 1730): creating instr width table
D/dalvikvm( 1730): DexOpt: load 17ms, verify+opt 73ms
D/installd( 1472): DexInv: --- END '/data/app/com.gmail.nagamatu.drocap2-1.apk' (success) ---
I/PackageManager( 1608): Unpacking native libraries for /data/app/com.mhuang.overclocking-2.apk
D/installd( 1472): DexInv: --- BEGIN '/data/app/com.mhuang.overclocking-2.apk' ---
D/dalvikvm( 1731): creating instr width table
D/dalvikvm( 1731): DexOpt: load 19ms, verify+opt 156ms
D/installd( 1472): DexInv: --- END '/data/app/com.mhuang.overclocking-2.apk' (success) ---
I/PackageManager( 1608): Unpacking native libraries for /data/app/com.koushikdutta.rommanager-2.apk
D/installd( 1472): DexInv: --- BEGIN '/data/app/com.koushikdutta.rommanager-2.apk' ---
D/dalvikvm( 1732): creating instr width table
D/dalvikvm( 1732): DexOpt: 'Landroid/os/SystemProperties;' has an earlier definition; blocking out
D/dalvikvm( 1732): DexOpt: not verifying 'Landroid/os/SystemProperties;': multiple definitions
I/dalvikvm( 1732): DexOpt: not resolving ambiguous class 'Landroid/os/SystemProperties;'
I/dalvikvm( 1732): DexOpt: not resolving ambiguous class 'Landroid/os/SystemProperties;'
I/dalvikvm( 1732): DexOpt: not resolving ambiguous class 'Landroid/os/SystemProperties;'
D/dalvikvm( 1732): DexOpt: load 60ms, verify+opt 324ms
D/installd( 1472): DexInv: --- END '/data/app/com.koushikdutta.rommanager-2.apk' (success) ---
I/PackageManager( 1608): Unpacking native libraries for /data/app/com.adobe.flashplayer-1.apk
D/installd( 1472): DexInv: --- BEGIN '/data/app/com.adobe.flashplayer-1.apk' ---
D/dalvikvm( 1733): creating instr width table
D/dalvikvm( 1733): DexOpt: load 19ms, verify+opt 59ms
D/installd( 1472): DexInv: --- END '/data/app/com.adobe.flashplayer-1.apk' (success) ---
I/PackageManager( 1608): Unpacking native libraries for /data/app/com.koushikdutta.rommanager.license-1.apk
D/installd( 1472): DexInv: --- BEGIN '/data/app/com.koushikdutta.rommanager.license-1.apk' ---
D/dalvikvm( 1734): creating instr width table
D/dalvikvm( 1734): DexOpt: 'Landroid/os/SystemProperties;' has an earlier definition; blocking out
D/dalvikvm( 1734): DexOpt: not verifying 'Landroid/os/SystemProperties;': multiple definitions
D/dalvikvm( 1734): DexOpt: load 18ms, verify+opt 23ms
D/installd( 1472): DexInv: --- END '/data/app/com.koushikdutta.rommanager.license-1.apk' (success) ---
I/PackageManager( 1608): Unpacking native libraries for /data/app/org.adwfreak.launcher-1.apk
D/installd( 1472): DexInv: --- BEGIN '/data/app/org.adwfreak.launcher-1.apk' ---
D/dalvikvm( 1608): GC_CONCURRENT freed 446K, 41% free 4295K/7239K, external 0K/0K, paused 2ms+15ms
D/dalvikvm( 1735): creating instr width table
D/dalvikvm( 1735): DexOpt: load 78ms, verify+opt 331ms
D/installd( 1472): DexInv: --- END '/data/app/org.adwfreak.launcher-1.apk' (success) ---
I/PackageManager( 1608): Unpacking native libraries for /data/app/com.namcobandaigames.pacman.amz-1.apk
D/installd( 1472): DexInv: --- BEGIN '/data/app/com.namcobandaigames.pacman.amz-1.apk' ---
D/dalvikvm( 1736): creating instr width table
D/dalvikvm( 1736): DexOpt: load 15ms, verify+opt 91ms
D/installd( 1472): DexInv: --- END '/data/app/com.namcobandaigames.pacman.amz-1.apk' (success) ---
D/szipinf ( 1608): Initializing inflate state
I/PackageManager( 1608): Unpacking native libraries for /data/app/com.google.android.apps.maps-2.apk
D/dalvikvm( 1608): GC_CONCURRENT freed 250K, 38% free 4575K/7303K, external 0K/0K, paused 2ms+4ms
D/installd( 1472): DexInv: --- BEGIN '/data/app/com.google.android.apps.maps-2.apk' ---
D/dalvikvm( 1608): GC_CONCURRENT freed 248K, 37% free 4767K/7559K, external 0K/0K, paused 2ms+14ms
D/dalvikvm( 1737): creating instr width table
D/dalvikvm( 1737): DexOpt: load 222ms, verify+opt 2085ms
D/installd( 1472): DexInv: --- END '/data/app/com.google.android.apps.maps-2.apk' (success) ---
I/PackageManager( 1608): Unpacking native libraries for /data/app/com.google.android.music-2.apk
D/installd( 1472): DexInv: --- BEGIN '/data/app/com.google.android.music-2.apk' ---
D/dalvikvm( 1608): GC_CONCURRENT freed 125K, 34% free 5136K/7751K, external 0K/0K, paused 2ms+21ms
D/dalvikvm( 1738): creating instr width table
D/dalvikvm( 1738): DexOpt: load 173ms, verify+opt 1237ms
D/installd( 1472): DexInv: --- END '/data/app/com.google.android.music-2.apk' (success) ---
I/PackageManager( 1608): Unpacking native libraries for /data/app/org.adw.launcher.notifications-1.apk
D/installd( 1472): DexInv: --- BEGIN '/data/app/org.adw.launcher.notifications-1.apk' ---
D/dalvikvm( 1739): creating instr width table
D/dalvikvm( 1739): DexOpt: load 8ms, verify+opt 45ms
D/installd( 1472): DexInv: --- END '/data/app/org.adw.launcher.notifications-1.apk' (success) ---
I/PackageParser( 1608): com.aurorasoftworks.quadrant.ui.standard: compat added android.permission.WRITE_EXTERNAL_STORAGE android.permission.READ_PHONE_STATE
I/PackageManager( 1608): Unpacking native libraries for /data/app/com.aurorasoftworks.quadrant.ui.standard-1.apk
D/installd( 1472): DexInv: --- BEGIN '/data/app/com.aurorasoftworks.quadrant.ui.standard-1.apk' ---
D/dalvikvm( 1740): creating instr width table
D/dalvikvm( 1740): DexOpt: load 96ms, verify+opt 568ms
D/installd( 1472): DexInv: --- END '/data/app/com.aurorasoftworks.quadrant.ui.standard-1.apk' (success) ---
I/PackageManager( 1608): Unpacking native libraries for /data/app/com.google.android.gm-1.apk
D/installd( 1472): DexInv: --- BEGIN '/data/app/com.google.android.gm-1.apk' ---
D/dalvikvm( 1741): creating instr width table
D/dalvikvm( 1741): DexOpt: load 108ms, verify+opt 852ms
D/installd( 1472): DexInv: --- END '/data/app/com.google.android.gm-1.apk' (success) ---
I/PackageManager( 1608): Unpacking native libraries for /data/app/com.android.vending-1.apk
D/installd( 1472): DexInv: --- BEGIN '/data/app/com.android.vending-1.apk' ---
D/dalvikvm( 1742): creating instr width table
D/dalvikvm( 1742): DexOpt: load 74ms, verify+opt 791ms
D/installd( 1472): DexInv: --- END '/data/app/com.android.vending-1.apk' (success) ---
W/PackageParser( 1608): No actions in intent filter at /data/app/com.levelup.beautifulwidgets-1.apk Binary XML file line #308
W/PackageParser( 1608): No actions in intent filter at /data/app/com.levelup.beautifulwidgets-1.apk Binary XML file line #317
I/PackageManager( 1608): Unpacking native libraries for /data/app/com.levelup.beautifulwidgets-1.apk
D/dalvikvm( 1608): GC_CONCURRENT freed 691K, 39% free 5091K/8263K, external 0K/0K, paused 4ms+6ms
D/installd( 1472): DexInv: --- BEGIN '/data/app/com.levelup.beautifulwidgets-1.apk' ---
D/dalvikvm( 1743): creating instr width table
D/dalvikvm( 1743): DexOpt: load 37ms, verify+opt 487ms
D/installd( 1472): DexInv: --- END '/data/app/com.levelup.beautifulwidgets-1.apk' (success) ---
I/PackageParser( 1608): com.facebook.katana: compat added android.permission.WRITE_EXTERNAL_STORAGE android.permission.READ_PHONE_STATE
I/PackageManager( 1608): Unpacking native libraries for /data/app/com.facebook.katana-1.apk
D/installd( 1472): DexInv: --- BEGIN '/data/app/com.facebook.katana-1.apk' ---
D/dalvikvm( 1744): creating instr width table
D/dalvikvm( 1744): DexOpt: load 119ms, verify+opt 878ms
D/installd( 1472): DexInv: --- END '/data/app/com.facebook.katana-1.apk' (success) ---
I/PackageManager( 1608): Unpacking native libraries for /data/app/com.amazon.venezia-2.apk
D/installd( 1472): DexInv: --- BEGIN '/data/app/com.amazon.venezia-2.apk' ---
D/dalvikvm( 1608): GC_CONCURRENT freed 714K, 41% free 4943K/8263K, external 0K/0K, paused 4ms+16ms
D/dalvikvm( 1745): creating instr width table
D/dalvikvm( 1745): DexOpt: 'Lorg/apache/commons/codec/Decoder;' has an earlier definition; blocking out
D/dalvikvm( 1745): DexOpt: 'Lorg/apache/commons/codec/BinaryDecoder;' has an earlier definition; blocking out
D/dalvikvm( 1745): DexOpt: 'Lorg/apache/commons/codec/Encoder;' has an earlier definition; blocking out
D/dalvikvm( 1745): DexOpt: 'Lorg/apache/commons/codec/BinaryEncoder;' has an earlier definition; blocking out
D/dalvikvm( 1745): DexOpt: 'Lorg/apache/commons/codec/DecoderException;' has an earlier definition; blocking out
D/dalvikvm( 1745): DexOpt: 'Lorg/apache/commons/codec/EncoderException;' has an earlier definition; blocking out
D/dalvikvm( 1745): DexOpt: 'Lorg/apache/commons/codec/StringDecoder;' has an earlier definition; blocking out
D/dalvikvm( 1745): DexOpt: 'Lorg/apache/commons/codec/StringEncoder;' has an earlier definition; blocking out
D/dalvikvm( 1745): DexOpt: 'Lorg/apache/commons/codec/StringEncoderComparator;' has an earlier definition; blocking out
D/dalvikvm( 1745): DexOpt: 'Lorg/apache/commons/codec/binary/Base64;' has an earlier definition; blocking out
D/dalvikvm( 1745): DexOpt: 'Lorg/apache/commons/codec/binary/BinaryCodec;' has an earlier definition; blocking out
D/dalvikvm( 1745): DexOpt: 'Lorg/apache/commons/codec/binary/Hex;' has an earlier definition; blocking out
D/dalvikvm( 1745): DexOpt: 'Lorg/apache/commons/codec/language/DoubleMetaphone$DoubleMetaphoneResult;' has an earlier definition; blocking out
D/dalvikvm( 1745): DexOpt: 'Lorg/apache/commons/codec/language/DoubleMetaphone;' has an earlier definition; blocking out
D/dalvikvm( 1745): DexOpt: 'Lorg/apache/commons/codec/language/Metaphone;' has an earlier definition; blocking out
D/dalvikvm( 1745): DexOpt: 'Lorg/apache/commons/codec/language/RefinedSoundex;' has an earlier definition; blocking out
D/dalvikvm( 1745): DexOpt: 'Lorg/apache/commons/codec/language/Soundex;' has an earlier definition; blocking out
D/dalvikvm( 1745): DexOpt: 'Lorg/apache/commons/codec/language/SoundexUtils;' has an earlier definition; blocking out
D/dalvikvm( 1745): DexOpt: 'Lorg/apache/commons/codec/net/RFC1522Codec;' has an earlier definition; blocking out
D/dalvikvm( 1745): DexOpt: 'Lorg/apache/commons/codec/net/BCodec;' has an earlier definition; blocking out
D/dalvikvm( 1745): DexOpt: 'Lorg/apache/commons/codec/net/QCodec;' has an earlier definition; blocking out
D/dalvikvm( 1745): DexOpt: 'Lorg/apache/commons/codec/net/QuotedPrintableCodec;' has an earlier definition; blocking out
D/dalvikvm( 1745): DexOpt: 'Lorg/apache/commons/codec/net/URLCodec;' has an earlier definition; blocking out
D/dalvikvm( 1745): DexOpt: not verifying 'Lorg/apache/commons/codec/Decoder;': multiple definitions
D/dalvikvm( 1745): DexOpt: not verifying 'Lorg/apache/commons/codec/BinaryDecoder;': multiple definitions
D/dalvikvm( 1745): DexOpt: not verifying 'Lorg/apache/commons/codec/Encoder;': multiple definitions
D/dalvikvm( 1745): DexOpt: not verifying 'Lorg/apache/commons/codec/BinaryEncoder;': multiple definitions
D/dalvikvm( 1745): DexOpt: not verifying 'Lorg/apache/commons/codec/DecoderException;': multiple definitions
D/dalvikvm( 1745): DexOpt: not verifying 'Lorg/apache/commons/codec/EncoderException;': multiple definitions
D/dalvikvm( 1745): DexOpt: not verifying 'Lorg/apache/commons/codec/StringDecoder;': multiple definitions
D/dalvikvm( 1745): DexOpt: not verifying 'Lorg/apache/commons/codec/StringEncoder;': multiple definitions
D/dalvikvm( 1745): DexOpt: not verifying 'Lorg/apache/commons/codec/StringEncoderComparator;': multiple definitions
D/dalvikvm( 1745): DexOpt: not verifying 'Lorg/apache/commons/codec/binary/Base64;': multiple definitions
I/dalvikvm( 1745): DexOpt: not resolving ambiguous class 'Lorg/apache/commons/codec/binary/Base64;'
I/dalvikvm( 1745): DexOpt: not resolving ambiguous class 'Lorg/apache/commons/codec/binary/Base64;'
D/dalvikvm( 1745): DexOpt: not verifying 'Lorg/apache/commons/codec/binary/BinaryCodec;': multiple definitions
D/dalvikvm( 1745): DexOpt: not verifying 'Lorg/apache/commons/codec/binary/Hex;': multiple definitions
I/dalvikvm( 1745): DexOpt: not resolving ambiguous class 'Lorg/apache/commons/codec/binary/Hex;'
I/dalvikvm( 1745): DexOpt: not resolving ambiguous class 'Lorg/apache/commons/codec/EncoderException;'
D/dalvikvm( 1745): DexOpt: not verifying 'Lorg/apache/commons/codec/language/DoubleMetaphone$DoubleMetaphoneResult;': multiple definitions
D/dalvikvm( 1745): DexOpt: not verifying 'Lorg/apache/commons/codec/language/DoubleMetaphone;': multiple definitions
D/dalvikvm( 1745): DexOpt: not verifying 'Lorg/apache/commons/codec/language/Metaphone;': multiple definitions
D/dalvikvm( 1745): DexOpt: not verifying 'Lorg/apache/commons/codec/language/RefinedSoundex;': multiple definitions
D/dalvikvm( 1745): DexOpt: not verifying 'Lorg/apache/commons/codec/language/Soundex;': multiple definitions
D/dalvikvm( 1745): DexOpt: not verifying 'Lorg/apache/commons/codec/language/SoundexUtils;': multiple definitions
D/dalvikvm( 1745): DexOpt: not verifying 'Lorg/apache/commons/codec/net/RFC1522Codec;': multiple definitions
D/dalvikvm( 1745): DexOpt: not verifying 'Lorg/apache/commons/codec/net/BCodec;': multiple definitions
D/dalvikvm( 1745): DexOpt: not verifying 'Lorg/apache/commons/codec/net/QCodec;': multiple definitions
D/dalvikvm( 1745): DexOpt: not verifying 'Lorg/apache/commons/codec/net/QuotedPrintableCodec;': multiple definitions
D/dalvikvm( 1745): DexOpt: not verifying 'Lorg/apache/commons/codec/net/URLCodec;': multiple definitions
I/dalvikvm( 1745): DexOpt: not resolving ambiguous class 'Lorg/apache/commons/codec/DecoderException;'
D/dalvikvm( 1745): DexOpt: load 89ms, verify+opt 415ms
D/installd( 1472): DexInv: --- END '/data/app/com.amazon.venezia-2.apk' (success) ---
I/PackageManager( 1608): Unpacking native libraries for /data/app/com.keramidas.TitaniumBackup-1.apk
D/installd( 1472): DexInv: --- BEGIN '/data/app/com.keramidas.TitaniumBackup-1.apk' ---
D/dalvikvm( 1746): creating instr width table
D/dalvikvm( 1746): DexOpt: load 30ms, verify+opt 298ms
D/installd( 1472): DexInv: --- END '/data/app/com.keramidas.TitaniumBackup-1.apk' (success) ---
D/szipinf ( 1608): Initializing inflate state
W/PackageParser( 1608): Unknown element under <manifest>: meta-data at /data/app/com.bsthemes_donate.theme.nameless-2.apk Binary XML file line #9
I/PackageManager( 1608): Unpacking native libraries for /data/app/com.bsthemes_donate.theme.nameless-2.apk
D/dalvikvm( 1608): GC_CONCURRENT freed 530K, 40% free 4984K/8263K, external 0K/0K, paused 2ms+4ms
D/dalvikvm( 1608): GC_FOR_MALLOC freed 153K, 41% free 4931K/8263K, external 0K/0K, paused 36ms
I/PackageManager( 1608): Unpacking native libraries for /data/app/com.metago.astro-1.apk
D/installd( 1472): DexInv: --- BEGIN '/data/app/com.metago.astro-1.apk' ---
D/dalvikvm( 1747): creating instr width table
D/dalvikvm( 1747): DexOpt: 'Lorg/apache/commons/logging/Log;' has an earlier definition; blocking out
D/dalvikvm( 1747): DexOpt: 'Lorg/apache/commons/logging/LogConfigurationException;' has an earlier definition; blocking out
D/dalvikvm( 1747): DexOpt: 'Lorg/apache/commons/logging/LogFactory$1;' has an earlier definition; blocking out
D/dalvikvm( 1747): DexOpt: 'Lorg/apache/commons/logging/LogFactory$2;' has an earlier definition; blocking out
D/dalvikvm( 1747): DexOpt: 'Lorg/apache/commons/logging/LogFactory$3;' has an earlier definition; blocking out
D/dalvikvm( 1747): DexOpt: 'Lorg/apache/commons/logging/LogFactory$4;' has an earlier definition; blocking out
D/dalvikvm( 1747): DexOpt: 'Lorg/apache/commons/logging/LogFactory$5;' has an earlier definition; blocking out
D/dalvikvm( 1747): DexOpt: 'Lorg/apache/commons/logging/LogFactory;' has an earlier definition; blocking out
D/dalvikvm( 1747): DexOpt: 'Lorg/apache/commons/logging/LogSource;' has an earlier definition; blocking out
D/dalvikvm( 1747): DexOpt: 'Lorg/apache/commons/logging/impl/Jdk14Logger;' has an earlier definition; blocking out
D/dalvikvm( 1747): DexOpt: 'Lorg/apache/commons/logging/impl/LogFactoryImpl;' has an earlier definition; blocking out
D/dalvikvm( 1747): DexOpt: 'Lorg/apache/commons/logging/impl/NoOpLog;' has an earlier definition; blocking out
D/dalvikvm( 1747): DexOpt: 'Lorg/apache/commons/logging/impl/SimpleLog$1;' has an earlier definition; blocking out
D/dalvikvm( 1747): DexOpt: 'Lorg/apache/commons/logging/impl/SimpleLog;' has an earlier definition; blocking out
D/dalvikvm( 1747): DexOpt: 'Lorg/apache/commons/logging/impl/WeakHashtable$1;' has an earlier definition; blocking out
D/dalvikvm( 1747): DexOpt: 'Lorg/apache/commons/logging/impl/WeakHashtable$Entry;' has an earlier definition; blocking out
D/dalvikvm( 1747): DexOpt: 'Lorg/apache/commons/logging/impl/WeakHashtable$Referenced;' has an earlier definition; blocking out
D/dalvikvm( 1747): DexOpt: 'Lorg/apache/commons/logging/impl/WeakHashtable$WeakKey;' has an earlier definition; blocking out
D/dalvikvm( 1747): DexOpt: 'Lorg/apache/commons/logging/impl/WeakHashtable;' has an earlier definition; blocking out
D/dalvikvm( 1747): DexOpt: not verifying 'Lorg/apache/commons/logging/Log;': multiple definitions
D/dalvikvm( 1747): DexOpt: not verifying 'Lorg/apache/commons/logging/LogConfigurationException;': multiple definitions
D/dalvikvm( 1747): DexOpt: not verifying 'Lorg/apache/commons/logging/LogFactory$1;': multiple definitions
D/dalvikvm( 1747): DexOpt: not verifying 'Lorg/apache/commons/logging/LogFactory$2;': multiple definitions
D/dalvikvm( 1747): DexOpt: not verifying 'Lorg/apache/commons/logging/LogFactory$3;': multiple definitions
D/dalvikvm( 1747): DexOpt: not verifying 'Lorg/apache/commons/logging/LogFactory$4;': multiple definitions
D/dalvikvm( 1747): DexOpt: not verifying 'Lorg/apache/commons/logging/LogFactory$5;': multiple definitions
D/dalvikvm( 1747): DexOpt: not verifying 'Lorg/apache/commons/logging/LogFactory;': multiple definitions
D/dalvikvm( 1747): DexOpt: not verifying 'Lorg/apache/commons/logging/LogSource;': multiple definitions
D/dalvikvm( 1747): DexOpt: not verifying 'Lorg/apache/commons/logging/impl/Jdk14Logger;': multiple definitions
I/dalvikvm( 1747): DexOpt: not resolving ambiguous class 'Lorg/apache/commons/logging/impl/LogFactoryImpl;'
D/dalvikvm( 1747): DexOpt: not verifying 'Lorg/apache/commons/logging/impl/LogFactoryImpl;': multiple definitions
D/dalvikvm( 1747): DexOpt: not verifying 'Lorg/apache/commons/logging/impl/NoOpLog;': multiple definitions
D/dalvikvm( 1747): DexOpt: not verifying 'Lorg/apache/commons/logging/impl/SimpleLog$1;': multiple definitions
D/dalvikvm( 1747): DexOpt: not verifying 'Lorg/apache/commons/logging/impl/SimpleLog;': multiple definitions
D/dalvikvm( 1747): DexOpt: not verifying 'Lorg/apache/commons/logging/impl/WeakHashtable$1;': multiple definitions
D/dalvikvm( 1747): DexOpt: not verifying 'Lorg/apache/commons/logging/impl/WeakHashtable$Entry;': multiple definitions
D/dalvikvm( 1747): DexOpt: not verifying 'Lorg/apache/commons/logging/impl/WeakHashtable$Referenced;': multiple definitions
D/dalvikvm( 1747): DexOpt: not verifying 'Lorg/apache/commons/logging/impl/WeakHashtable$WeakKey;': multiple definitions
D/dalvikvm( 1747): DexOpt: not verifying 'Lorg/apache/commons/logging/impl/WeakHashtable;': multiple definitions
D/dalvikvm( 1747): DexOpt: load 77ms, verify+opt 570ms
D/installd( 1472): DexInv: --- END '/data/app/com.metago.astro-1.apk' (success) ---
I/PackageManager( 1608): Unpacking native libraries for /data/app/com.rs.autokiller-2.apk
D/installd( 1472): DexInv: --- BEGIN '/data/app/com.rs.autokiller-2.apk' ---
D/dalvikvm( 1748): creating instr width table
D/dalvikvm( 1748): DexOpt: load 43ms, verify+opt 381ms
D/installd( 1472): DexInv: --- END '/data/app/com.rs.autokiller-2.apk' (success) ---
I/PackageManager( 1608): Unpacking native libraries for /data/app/com.thedeck.android.app-1.apk
D/installd( 1472): DexInv: --- BEGIN '/data/app/com.thedeck.android.app-1.apk' ---
D/dalvikvm( 1608): GC_CONCURRENT freed 122K, 36% free 5311K/8263K, external 0K/0K, paused 4ms+25ms
D/dalvikvm( 1749): creating instr width table
D/dalvikvm( 1749): DexOpt: load 76ms, verify+opt 434ms
D/installd( 1472): DexInv: --- END '/data/app/com.thedeck.android.app-1.apk' (success) ---
I/PackageManager( 1608): Unpacking native libraries for /data/app/nz.co.softwarex.hundredpushups-1.apk
D/installd( 1472): DexInv: --- BEGIN '/data/app/nz.co.softwarex.hundredpushups-1.apk' ---
D/dalvikvm( 1750): creating instr width table
D/dalvikvm( 1750): DexOpt: load 37ms, verify+opt 327ms
D/installd( 1472): DexInv: --- END '/data/app/nz.co.softwarex.hundredpushups-1.apk' (success) ---
I/PackageManager( 1608): Unpacking native libraries for /data/app/com.bwx.qs.battery-1.apk
D/installd( 1472): DexInv: --- BEGIN '/data/app/com.bwx.qs.battery-1.apk' ---
D/dalvikvm( 1751): creating instr width table
D/dalvikvm( 1751): DexOpt: load 5ms, verify+opt 41ms
D/installd( 1472): DexInv: --- END '/data/app/com.bwx.qs.battery-1.apk' (success) ---
I/PackageManager( 1608): Unpacking native libraries for /data/app/com.speedsoftware.rootexplorer-2.apk
D/installd( 1472): DexInv: --- BEGIN '/data/app/com.speedsoftware.rootexplorer-2.apk' ---
D/dalvikvm( 1752): creating instr width table
D/dalvikvm( 1752): DexOpt: load 16ms, verify+opt 246ms
D/installd( 1472): DexInv: --- END '/data/app/com.speedsoftware.rootexplorer-2.apk' (success) ---
I/PackageParser( 1608): com.aac.cachemate.demo: compat added android.permission.WRITE_EXTERNAL_STORAGE android.permission.READ_PHONE_STATE
I/PackageManager( 1608): Unpacking native libraries for /data/app/com.aac.cachemate.demo-1.apk
D/installd( 1472): DexInv: --- BEGIN '/data/app/com.aac.cachemate.demo-1.apk' ---
D/dalvikvm( 1753): creating instr width table
D/dalvikvm( 1753): DexOpt: load 34ms, verify+opt 71ms
D/installd( 1472): DexInv: --- END '/data/app/com.aac.cachemate.demo-1.apk' (success) ---
I/PackageManager( 1608): Time to scan packages: 63.55 seconds
W/PackageManager( 1608): Unknown permission android.permission.ADD_SYSTEM_SERVICE in package com.android.phone
W/PackageManager( 1608): Not granting permission android.permission.BIND_APPWIDGET to package org.adwfreak.launcher (protectionLevel=3 flags=0x8be44)
W/PackageManager( 1608): Not granting permission android.permission.SEND_DOWNLOAD_COMPLETED_INTENTS to package com.android.browser (protectionLevel=2 flags=0x9be45)
W/PackageManager( 1608): Not granting permission android.permission.SET_ORIENTATION to package com.aurorasoftworks.quadrant.ui.standard (protectionLevel=2 flags=0xae44)
W/PackageManager( 1608): Unknown permission com.google.android.voicesearch.SHORTCUTS_ACCESS in package com.google.android.googlequicksearchbox
W/PackageManager( 1608): Not granting permission android.permission.ACCOUNT_MANAGER to package com.google.android.music (protectionLevel=2 flags=0x8be64)
W/PackageManager( 1608): Unknown permission android.webkit.permission.PLUGIN in package com.adobe.flashplayer
W/PackageManager( 1608): Unknown permission android.permission.READ_OWNER_DATA in package com.android.email
W/PackageManager( 1608): Unknown permission com.google.android.providers.gmail.permission.READ_GMAIL in package org.adw.launcher.notifications
W/PackageManager( 1608): Unknown permission com.fsck.k9.permission.READ_MESSAGES in package org.adw.launcher.notifications
W/PackageManager( 1608): Unknown permission com.android.providers.im.permission.READ_ONLY in package com.google.android.apps.maps
W/PackageManager( 1608): Not granting permission android.permission.ACCESS_CHECKIN_PROPERTIES to package com.google.android.apps.googlevoice (protectionLevel=3 flags=0xbe44)
W/PackageManager( 1608): Unknown permission com.google.android.apps.googlevoice.REMOTE_INTENT in package com.google.android.apps.googlevoice
W/PackageManager( 1608): Unknown permission com.google.android.permission.RECEIVE_DATA_MESSAGE in package com.google.android.apps.googlevoice
W/PackageManager( 1608): Unknown permission com.google.android.permission.SEND_DATA_MESSAGE in package com.google.android.apps.googlevoice
W/PackageManager( 1608): Unknown permission android.permission.READ_EXTERNAL_STORAGE in package com.cyanogenmod.cmparts
W/PackageManager( 1608): Unknown permission android.permission.READ_OWNER_DATA in package com.android.setupwizard
W/PackageManager( 1608): Unknown permission android.permission.WRITE_OWNER_DATA in package com.android.setupwizard
W/PackageManager( 1608): Not granting permission android.permission.SEND_DOWNLOAD_COMPLETED_INTENTS to package com.android.vending (protectionLevel=2 flags=0xabec5)
W/PackageManager( 1608): Unknown permission android.permission.SEND in package com.android.vending
W/PackageManager( 1608): Unknown permission com.google.android.voicesearch.AUDIO_FILE_ACCESS in package com.google.android.gm
W/PackageManager( 1608): Not granting permission android.permission.DEVICE_POWER to package com.android.deskclock (protectionLevel=2 flags=0x8be45)
D/dalvikvm( 1608): GC_CONCURRENT freed 1079K, 43% free 4791K/8391K, external 0K/0K, paused 3ms+4ms
D/dalvikvm( 1608): GC_EXPLICIT freed 195K, 46% free 4595K/8391K, external 0K/0K, paused 45ms
D/szipinf ( 1608): Initializing inflate state
I/SystemServer( 1608): Account Manager
I/SystemServer( 1608): Content Manager
D/szipinf ( 1608): Initializing inflate state
I/SystemServer( 1608): System Content Providers
I/ActivityThread( 1608): Pub settings: com.android.providers.settings.SettingsProvider
I/SystemServer( 1608): Battery Service
I/SystemServer( 1608): Lights Service
I/SystemServer( 1608): Vibrator Service
D/SettingsProvider( 1608): cache for settings table 'secure' rows=54; fullycached=true
D/SettingsProvider( 1608): cache for settings table 'system' rows=82; fullycached=true
I/SystemServer( 1608): Alarm Manager
D/AlarmManagerService( 1608): Kernel timezone updated to 240 minutes west of GMT
I/SystemServer( 1608): Init Watchdog
I/SystemServer( 1608): Window Manager
I/InputManager( 1608): Initializing input manager
I/WindowManager( 1608): names for haptic settings for haptic long array: haptic_long_array default: haptic_long_array_default
I/WindowManager( 1608): pulled string: 0,1,20,21 default: 0,1,20,21
I/WindowManager( 1608): haptic done for long array!
I/WindowManager( 1608): names for haptic settings for haptic down array: haptic_down_array default: haptic_down_array_default
I/WindowManager( 1608): pulled string: 0,10,20,30 default: 0,10,20,30
I/WindowManager( 1608): haptic done for down array!
I/WindowManager( 1608): names for haptic settings for haptic tap array: haptic_tap_array default: haptic_tap_array_default
I/WindowManager( 1608): pulled string: 30 default: 30
I/WindowManager( 1608): haptic done for tap array!
I/WindowManager( 1608): names for haptic settings for haptic up array: haptic_up_array default: haptic_up_array_default
I/WindowManager( 1608): pulled string: 5,18 default: 5,18
I/WindowManager( 1608): haptic done for up array!
I/InputManager( 1608): Starting input manager
I/SystemServer( 1608): Bluetooth Service
I/EventHub( 1608): New keyboard: device->id=0x40000 devname='dummy_keypad' propName='hw.keyboards.262144.devname' keylayout='/system/usr/keylayout/qwerty.kl'
I/EventHub( 1608): New device: path=/dev/input/event3 name=dummy_keypad id=0x40000 (of 0x1) index=1 fd=96 classes=0x1
I/EventHub( 1608): New keyboard: device->id=0x10001 devname='mecha-keypad' propName='hw.keyboards.65537.devname' keylayout='/system/usr/keylayout/mecha-keypad.kl'
I/EventHub( 1608): New device: path=/dev/input/event2 name=mecha-keypad id=0x10001 (of 0x2) index=2 fd=98 classes=0x1
I/EventHub( 1608): New device: path=/dev/input/event1 name=atmel-touchscreen id=0x10002 (of 0x3) index=3 fd=102 classes=0x14
I/EventHub( 1608): New keyboard: device->id=0x10003 devname='h2w headset' propName='hw.keyboards.65539.devname' keylayout='/system/usr/keylayout/h2w_headset.kl'
I/EventHub( 1608): New device: path=/dev/input/event0 name=h2w headset id=0x10003 (of 0x4) index=4 fd=103 classes=0x1
I/InputReader( 1608): Device added: id=0x10003, name=h2w headset, sources=00000101
I/InputReader( 1608): Device added: id=0x10002, name=atmel-touchscreen, sources=00001002
I/InputReader( 1608): Device added: id=0x0, name=mecha-keypad, sources=00000101
I/InputReader( 1608): Device added: id=0x40000, name=dummy_keypad, sources=00000101
I/BluetoothProfileState( 1608): Message:Entering Stable State
I/BluetoothProfileState( 1608): Message:Entering Stable State
I/InputManager-Callbacks( 1608): No input device calibration properties found for device h2w headset.
I/InputManager-Callbacks( 1608): No input device calibration properties found for device atmel-touchscreen.
I/InputManager-Callbacks( 1608): No input device calibration properties found for device mecha-keypad.
I/InputManager-Callbacks( 1608): No input device calibration properties found for device dummy_keypad.
I/SystemServer( 1608): Device Policy
I/SystemServer( 1608): Status Bar
I/SystemServer( 1608): Clipboard Service
D/szipinf ( 1608): Initializing inflate state
I/SystemServer( 1608): Input Method Service
