I/        ( 1470): Read /data/lsc_cal fail
I/        ( 1470): Read from file OK: /data/lsc_cal or /sys/android_camera_awb_cal/awb_cal
I/        ( 1470): [LSC Calibration]: lsc_checksum=c4c54f8e, lsc_verify=c1b
I/        ( 1470): [LSC Calibration]: fuseid_1=0,fuseid_2=0,fuseid_3=1,fuseid_4=2132ee, sfuse.fuse_id_word1=0,sfuse.fuse_id_word2=0,sfuse.fuse_id_word3=1,sfuse.fuse_id_word4=2132ee
I/        ( 1470): LSC_Calibration: 	addr=a74a5494, & addr=a74a5494
I/        ( 1470): LSC_Calibration: 	addr=a74a6268, & addr=a74a6268
I/        ( 1470): LSC_Calibration: 	addr=a74a703c, & addr=a74a703c
I/        ( 1470): LSC_Calibration: 	addr=a74a7e10, & addr=a74a7e10
I/        ( 1470): LSC_Calibration: 	addr=a74a8be4, & addr=a74a8be4
I/mm-camera-s5k3h1gx_u( 1470): s5k3h1gx_process_start: [LSC Calibration] LSC is valid and set NEW mesh value
I/        ( 1470): [AWB Calibration] fuse_id : 0x0, 0x0, 0x1, 0x2132ee
I/        ( 1470): [AWB Calibration] fail to read /data/awb_cal, try another file
V/AudioHardwareMSM7X30( 1470): AudioStreamInMSM72xx::read(0x40f11040, 2048)
I/        ( 1470): [AWB Calibration] read from file OK: /sys/android_camera_awb_cal/awb_cal
I/        ( 1470): [AWB Calibration] nandflash data: 0xc1b, 0x2f2, 0x297, 0x0, 0x0, 0x1, 0x2132ee, 0x26254b4d
I/        ( 1470): [AWB Calibration] check sum=26254b4d, OK
I/        ( 1470): [AWB Calibration] valid bit and fuseID pass, use new white points
I/        ( 1470): [AWB Calibration] use light version: v3
I/mm-camera-s5k3h1gx_u( 1470): s5k3h1gx_register: table = 0xa74b7450
I/mm-camera-s5k3h1gx_u( 1470): get snapshot size pointer:0xa74249c1
D/        ( 1470): sensor_led_ctrl_init: camfd = 24
I/QualcommCameraHardware( 1470): startCamera: camsensor name s5k3h1gx, flash 1
I/        ( 1470): sctrl:0xa74b68b8
I/        ( 1470): sctrl->fn_table:0xa74255b9
I/        ( 1470): sctrl->fn_table.get_snapshot_sizes:0xa74249c1
I/mm-camera-s5k3h1gx_u( 1470): get table
D/QualcommCameraHardware( 1470): startCamera X
D/dalvikvm( 1826): GC_EXTERNAL_ALLOC freed 815K, 47% free 3808K/7111K, external 5585K/5586K, paused 38ms
D/GTalkService( 1815): createConnection(check #2): connection exists, drop newly created connection
D/szipinf ( 1826): Initializing inflate state
V/AudioHardwareMSM7X30( 1470): AudioStreamInMSM72xx::standby()
V/AudioHardwareMSM7X30( 1470): get_snd_dev: curr_device 1, mCurSndDevice 1
I/HTC Acoustic( 1470): set_audio_effect: Original
I/HTC Acoustic( 1470): set_audio_effect: match with name Original (0)
I/AudioHardwareMSM7X30( 1470): aic3254_configure: sound effect (Original)
V/AudioHardwareMSM7X30( 1470): get_snd_dev: curr_device 1, mCurSndDevice 1
I/AudioHardwareMSM7X30( 1470): do_aic3254_control (1, 0, 1)
I/AudioHardwareMSM7X30( 1470): aic3254: change tx mode to 29
D/QualcommCameraHardware( 1470): loading libposteffect at 0xb000e430
V/AudioHardwareMSM7X30( 1470): Deroute pcm stream
V/AudioHardwareMSM7X30( 1470): Disable device
D/AudioHardwareMSM7X30( 1470): deleteFromTable, type 2
D/QualcommCameraHardware( 1470): static android::sp<android::CameraHardwareInterface> android::QualcommCameraHardware::createInstance(): start GPU manager (0).
D/GPUPostEffect( 1470): SIMON: void* mlabs::GPUPostEffect::threadMain() E.
D/QualcommCameraHardware( 1470): initDefaultParameters E
I/GEManager( 1470): [GEManager] enter
D/QualcommCameraHardware( 1470): product 10
E/AudioHardwareMSM7X30( 1470): ============= recording standby =============
D/AudioFlinger( 1470): setParameters(): io 7, keyvalue routing=0, tid 1584, calling tid 1470
V/AudioHardwareMSM7X30( 1470): AudioStreamInMSM72xx::setParameters() routing=0
V/AudioHardwareMSM7X30( 1470): set input routing 0
I/AudioHardwareMSM7X30( 1470): Routing audio to Speakerphone
V/AudioHardwareMSM7X30( 1470): AudioStreamInMSM72xx destructor
V/AudioHardwareMSM7X30( 1470): AudioStreamInMSM72xx::standby()
V/AudioHardwareMSM7X30( 1470): get_snd_dev: curr_device 1, mCurSndDevice 1
I/AudioHardwareMSM7X30( 1470): aic3254_configure: sound effect (Original)
V/AudioHardwareMSM7X30( 1470): get_snd_dev: curr_device 1, mCurSndDevice 1
I/AudioHardwareMSM7X30( 1470): do_aic3254_control (1, 0, 1)
E/AudioHardwareMSM7X30( 1470): ============= no active record node =============
I/ActivityManager( 1608): Start proc com.android.deskclock for broadcast com.android.deskclock/.AlarmInitReceiver: pid=2164 uid=10025 gids={}
D/szipinf ( 2164): Initializing inflate state
D/szipinf ( 2164): Initializing inflate state
I/ActivityThread( 2164): Pub com.android.deskclock: com.android.deskclock.AlarmProvider
D/QualcommCameraHardware( 1470): native_access_parm: fd 25, type 1, length 32
D/libEGL  ( 1470): loaded /system/lib/egl/libGLES_android.so
E/QualcommCameraHardware( 1470): native_access_parm: error (No such file or directory): fd 25, type 1, length 32, status 0
D/QualcommCameraHardware( 1470): native_access_parm: fd 25, type 68, length 4
D/QualcommCameraHardware( 1470): native_access_parm: fd 25, type 69, length 4
D/libEGL  ( 1470): loaded /system/lib/egl/libEGL_adreno200.so
D/QualcommCameraHardware( 1470): native_access_parm: fd 25, type 70, length 4
D/libEGL  ( 1470): loaded /system/lib/egl/libGLESv1_CM_adreno200.so
D/szipinf ( 1826): Initializing inflate state
I/AutoKiller( 2018): default value --2048,3072,4096,6144,7168,8192-- picked up
D/QualcommCameraHardware( 1470): preview width=1640 preview height=1232
I/AutoKiller( 2018): setMinfreeValue started
D/QualcommCameraHardware( 1470): panel width=800 panel height=480
D/libEGL  ( 1470): loaded /system/lib/egl/libGLESv2_adreno200.so
I/AutoKiller( 2018): Setting values: 3072,4096,4096,20992,23040,25088
D/QualcommCameraHardware( 1470): max_zoom=31 zoom_available=31.068716
D/GEManager( 1470): [GEManager] m_eglDisplay successfully
D/QualcommCameraHardware( 1470): requested preview size 640 x 480
D/GEManager( 1470): [GEManager] eglInitialize successfully
D/QualcommCameraHardware( 1470): requested picture size 3264 x 2448
D/GEManager( 1470): [GEManager] eglChooseConfig successfully
D/QualcommCameraHardware( 1470): value:31000, country value:310, country code:310
D/GEManager( 1470): [GEManager] eglCreateContext successfully
D/QualcommCameraHardware( 1470): native_access_parm: fd 25, type 21, length 4
D/GEManager( 1470): [GEManager] eglCreatePbufferSurface successfully
D/szipinf ( 1826): Initializing inflate state
D/QualcommCameraHardware( 1470): native_access_parm: fd 25, type 15, length 4
D/GEManager( 1470): [GEManager] eglMakeCurrent successfully
I/GEManager( 1470): [GEManager] leave
D/QualcommCameraHardware( 1470): native_access_parm: fd 25, type 14, length 4
D/QualcommCameraHardware( 1470): setFlash 0
D/QualcommCameraHardware( 1470): native_access_parm: fd 25, type 49, length 4
D/        ( 1470): In config_proc_CAMERA_SET_PARM_LED_MODE: 0
D/        ( 1470): set_led_mode = 0, led_ctrl_p->led_mode = 0
I/QualcommCameraHardware( 1470): Set zoom=0 30
D/QualcommCameraHardware( 1470): native_access_parm: fd 25, type 2, length 4
I/QualcommCameraHardware( 1470): Setting Contrast is 5
D/QualcommCameraHardware( 1470): native_access_parm: fd 25, type 6, length 4
I/QualcommCameraHardware( 1470): Setting Brightness is 3
D/QualcommCameraHardware( 1470): native_access_parm: fd 25, type 7, length 4
I/QualcommCameraHardware( 1470): Setting Saturation is 5
D/QualcommCameraHardware( 1470): native_access_parm: fd 25, type 11, length 4
I/QualcommCameraHardware( 1470): Setting Sharpness is 10
D/QualcommCameraHardware( 1470): native_access_parm: fd 25, type 9, length 4
D/QualcommCameraHardware( 1470): native_access_parm: fd 25, type 12, length 4
D/QualcommCameraHardware( 1470): not defined touch-focus yet, or AP without touch-focus function
I/QualcommCameraHardware( 1470): Before Setting coordinate x:320 y:240
I/QualcommCameraHardware( 1470): Setting coordinate x:2 y:2
D/QualcommCameraHardware( 1470): native_access_parm: fd 25, type 64, length 4
D/QualcommCameraHardware( 1470): native_access_parm: fd 25, type 73, length 18
D/QualcommCameraHardware( 1470): native_access_parm: fd 25, type 26, length 4
D/QualcommCameraHardware( 1470): native_access_parm: fd 25, type 62, length 4
D/QualcommCameraHardware( 1470): native_access_parm: fd 25, type 8, length 4
D/QualcommCameraHardware( 1470): virtual android::status_t android::QualcommCameraHardware::setParameters(const android::CameraParameters&), final_rc=0
D/        ( 1470): [GECameraParameters::getGPUEffect] enter
D/        ( 1470): [GECameraParameters::getGPUEffect] leave. no key GPU-effect
D/        ( 1470): [GECameraParameters::getGPUEffectParam] leave. no key GE-param0
D/        ( 1470): [GECameraParameters::getGPUEffectParam] leave. no key GE-param1
D/        ( 1470): [GECameraParameters::getGPUEffectParam] leave. no key GE-param3
I/GPUPostEffect( 1470): SIMON: int mlabs::GPUPostEffect::setParameters(mlabs::GPUPostEffect::GPUTask*): old effect = 0, new effect = -1.
D/GPUPostEffect( 1470): SIMON: setParameters: isGEInit == false: no call to ChooseEffect.
D/QualcommCameraHardware( 1470): initDefaultParameters X
D/QualcommCameraHardware( 1470): createInstance: X created hardware=0x18348
D/szipinf ( 1826): Initializing inflate state
I/StagefrightPlayer( 1470): setDataSource('/system/media/audio/ui/camera_click.ogg')
I/ActivityManager( 1608): Start proc com.google.android.apps.googlevoice for broadcast com.google.android.apps.googlevoice/.BootUpReceiver: pid=2175 uid=10071 gids={3003, 1015}
I/ActivityManager( 1608): No longer want com.thedeck.android.app (pid 1892): hidden #16
D/dalvikvm( 1806): GC_CONCURRENT freed 312K, 49% free 3053K/5895K, external 7K/512K, paused 2ms+2ms
D/GTalkService( 1815): createConnection(check #2): connection exists, drop newly created connection
D/szipinf ( 2175): Initializing inflate state
I/GoogleVoice( 2175): EXTERNAL properties file not found: files/googlevoice.prop
I/StagefrightPlayer( 1470): setDataSource('/system/media/audio/ui/VideoRecord.ogg')
E/MediaPlayer( 1470): error (1, -2147483648)
I/GoogleVoice( 2175): INTERNAL properties file not found: files/googlevoice.prop
D/GoogleVoice( 2175): GAIA_URL: https://www.google.com/accounts/
D/GoogleVoice( 2175): LOGIN_CHANNEL: DEFAULT
D/GoogleVoice( 2175): MASF_URL: https://www.google.com/m/appreq/gv
D/GoogleVoice( 2175): MASF_API2_URI: g:gv2
D/GoogleVoice( 2175): MASF_GVP_URI: g:gvp
D/GoogleVoice( 2175): API_CHECKIN_ENABLED: true
D/GoogleVoice( 2175): BootUpService: created
D/GoogleVoice( 2175): BootUpService: started
I/ActivityManager( 1608): Start proc com.gmail.nagamatu.drocap2 for broadcast com.gmail.nagamatu.drocap2/.BootReceiver: pid=2185 uid=10083 gids={3003, 1006, 1015}
D/szipinf ( 2185): Initializing inflate state
D/dalvikvm( 2175): GC_CONCURRENT freed 307K, 50% free 2875K/5639K, external 0K/0K, paused 2ms+2ms
D/GoogleVoice( 2175): Using PreferenceStoreGingerbreadAndLater
D/dalvikvm( 2103): GC_CONCURRENT freed 267K, 49% free 2848K/5575K, external 0K/0K, paused 22ms+20ms
D/setcpu  ( 1976): Autodetecting Frequencies
I/ActivityManager( 1608): Start proc com.koushikdutta.rommanager for broadcast com.koushikdutta.rommanager/.UpdateReceiver: pid=2194 uid=10060 gids={1015, 3003}
I/GoogleVoice( 2175): AndroidPushNotificationRegistrar: android id = '3c02866b232c6d06'
D/GoogleVoice( 2175): call interceptor component name = ComponentInfo{com.google.android.apps.googlevoice/com.google.android.apps.googlevoice.CallInterceptor}
D/GoogleVoice( 2175): BootUpService: stopping
D/GTalkService( 1815): [GTalkImSession] login: drod2169@gmail.com, hostConn.connState = RECONNECTION_SCHEDULED, hostConn.error=NO ERROR
I/dalvikvm( 1608): Jit: resizing JitTable from 4096 to 8192
D/GTalkService( 1815): [GTalkConnection.24] setInternalNetworkState: type=0, state=CONNECTED
D/GTalkService( 1815): [RosterListenerImpl] onLoggedIn
D/szipinf ( 2194): Initializing inflate state
D/QualcommCameraHardware( 1470): stopPreview: E
D/QualcommCameraHardware( 1470): stopPreviewInternal E: 0
D/QualcommCameraHardware( 1470): stopPreviewInternal X: 0
D/QualcommCameraHardware( 1470): stopPreview: X
D/QualcommCameraHardware( 1470): release E
E/        ( 1470): config_proc_CAMERA_STOP_SNAPSHOT: state is not correct ctrl->state = 0
E/        ( 1470): VFE_RESET_ACK illegal ctrl->state 24
D/        ( 1470): SIMON:GM: mlabs::GPUPostEffect::GPUTask* mlabs::GPUPostEffect::get(): cancel 0 tasks.
I/GEManager( 1470): [~GEManager] enter
I/GEManager( 1470): [Deinit] enter
I/GEManager( 1470): [Deinit] delete m_pCurrShader
I/GEManager( 1470): [Deinit] delete m_pShaderBypass
I/GEManager( 1470): [Deinit] delete m_pSrcTexture
I/GEManager( 1470): [Deinit] delete m_pDstFbo
I/GEManager( 1470): [Deinit] leave
I/GEManager( 1470): [~GEManager] eglMakeCurrent
D/GoogleVoice( 2175): BootUpService: destroyed
I/ActivityManager( 1608): Start proc com.koushikdutta.rommanager.license for broadcast com.koushikdutta.rommanager.license/.Receiver: pid=2211 uid=10059 gids={3003}
I/GEManager( 1470): [~GEManager] eglDestroySurface
D/szipinf ( 2211): Initializing inflate state
W/System.err( 2194): java.io.FileNotFoundException: /sdcard/clockworkmod/.rommanager_inapp_license (No such file or directory)
I/ActivityManager( 1608): Start proc com.google.android.apps.maps:FriendService for broadcast com.google.android.apps.maps/com.google.googlenav.friend.android.ServiceReceiver: pid=2219 uid=10058 gids={3003, 1015}
I/ActivityManager( 1608): No longer want com.levelup.beautifulwidgets (pid 1870): hidden #16
D/dalvikvm( 2194): GC_CONCURRENT freed 249K, 48% free 2934K/5639K, external 0K/0K, paused 2ms+2ms
W/System.err( 2194): 	at org.apache.harmony.luni.platform.OSFileSystem.open(Native Method)
W/System.err( 2194): 	at dalvik.system.BlockGuard$WrappedFileSystem.open(BlockGuard.java:232)
W/System.err( 2194): 	at java.io.FileInputStream.<init>(FileInputStream.java:80)
W/System.err( 2194): 	at com.koushikdutta.rommanager.StreamUtility.readFile(StreamUtility.java:55)
W/System.err( 2194): 	at com.koushikdutta.rommanager.StreamUtility.readFile(StreamUtility.java:50)
W/System.err( 2194): 	at com.koushikdutta.rommanager.Helper.verifyInAppLicenseFile(Helper.java:236)
W/System.err( 2194): 	at com.koushikdutta.rommanager.Helper.checkInApp(Helper.java:292)
W/System.err( 2194): 	at com.koushikdutta.rommanager.Helper.isPremium(Helper.java:407)
W/System.err( 2194): 	at com.koushikdutta.rommanager.DownloadService.checkForUpdates(DownloadService.java:311)
W/System.err( 2194): 	at com.koushikdutta.rommanager.DownloadService.onStart(DownloadService.java:400)
W/System.err( 2194): 	at android.app.Service.onStartCommand(Service.java:428)
W/System.err( 2194): 	at android.app.ActivityThread.handleServiceArgs(ActivityThread.java:2160)
W/System.err( 2194): 	at android.app.ActivityThread.access$2800(ActivityThread.java:123)
W/System.err( 2194): 	at android.app.ActivityThread$H.handleMessage(ActivityThread.java:1002)
W/System.err( 2194): 	at android.os.Handler.dispatchMessage(Handler.java:99)
W/System.err( 2194): 	at android.os.Looper.loop(Looper.java:130)
W/System.err( 2194): 	at android.app.ActivityThread.main(ActivityThread.java:3835)
W/System.err( 2194): 	at java.lang.reflect.Method.invokeNative(Native Method)
W/System.err( 2194): 	at java.lang.reflect.Method.invoke(Method.java:507)
W/System.err( 2194): 	at com.android.internal.os.ZygoteInit$MethodAndArgsCaller.run(ZygoteInit.java:841)
W/System.err( 2194): 	at com.android.internal.os.ZygoteInit.main(ZygoteInit.java:599)
W/System.err( 2194): 	at dalvik.system.NativeStart.main(Native Method)
I/GEManager( 1470): [~GEManager] eglDestroyContext
D/dalvikvm( 1469): GC_EXPLICIT freed 10K, 51% free 2677K/5379K, external 0K/0K, paused 76ms
D/dalvikvm( 2194): GC_FOR_MALLOC freed 113K, 49% free 2961K/5767K, external 0K/0K, paused 59ms
I/dalvikvm-heap( 2194): Grow heap (frag case) to 5.545MB for 259428-byte allocation
D/dalvikvm( 1469): GC_EXPLICIT freed <1K, 51% free 2677K/5379K, external 0K/0K, paused 50ms
D/dalvikvm( 2194): GC_FOR_MALLOC freed 0K, 47% free 3214K/6023K, external 0K/0K, paused 35ms
D/dalvikvm( 1469): GC_EXPLICIT freed <1K, 51% free 2677K/5379K, external 0K/0K, paused 66ms
D/dalvikvm( 2194): GC_FOR_MALLOC freed 436K, 51% free 3087K/6215K, external 0K/0K, paused 25ms
D/dalvikvm( 2194): GC_FOR_MALLOC freed 188K, 48% free 3279K/6215K, external 0K/0K, paused 15ms
I/dalvikvm-heap( 2194): Grow heap (frag case) to 6.107MB for 522256-byte allocation
I/GEManager( 1470): [~GEManager] eglTerminate
I/GEManager( 1470): [~GEManager] leave
D/dalvikvm( 2194): GC_CONCURRENT freed <1K, 44% free 3788K/6727K, external 0K/0K, paused 23ms+2ms
D/dalvikvm( 2194): GC_FOR_MALLOC freed 254K, 48% free 3535K/6727K, external 0K/0K, paused 27ms
I/dalvikvm-heap( 2194): Grow heap (frag case) to 6.280MB for 440254-byte allocation
D/GPUPostEffect( 1470): SIMON: void* mlabs::GPUPostEffect::threadMain() X.
D/su      ( 2200): 10069 com.mhuang.overclocking executing 0 /system/bin/sh using shell /system/bin/sh : sh
D/dalvikvm( 2194): GC_FOR_MALLOC freed 0K, 45% free 3965K/7175K, external 0K/0K, paused 36ms
D/dalvikvm( 1976): Trying to load lib /data/data/com.mhuang.overclocking/lib/libsetcpu-native.so 0x4051aa78
D/dalvikvm( 1976): Added shared lib /data/data/com.mhuang.overclocking/lib/libsetcpu-native.so 0x4051aa78
D/dalvikvm( 1976): No JNI_OnLoad found in /data/data/com.mhuang.overclocking/lib/libsetcpu-native.so 0x4051aa78, skipping init
D/dalvikvm( 2194): GC_CONCURRENT freed 618K, 51% free 3529K/7175K, external 0K/0K, paused 3ms+3ms
D/dalvikvm( 2219): GC_CONCURRENT freed 142K, 47% free 3040K/5639K, external 0K/0K, paused 29ms+3ms
D/QualcommCameraHardware( 1470): libposteffect at 0xb000e430 unloaded.
D/QualcommCameraHardware( 1470): virtual void android::QualcommCameraHardware::release(): GPU manager stopped.
D/QualcommCameraHardware( 1470): deinitRaw E
E/su      ( 2241): Could not set journal mode
W/su      ( 2241): request rejected (10069->0 /system/bin/sh)
D/QualcommCameraHardware( 1470): deinitRaw X
D/        ( 1470): set_led_mode = 0, led_ctrl_p->led_mode = 0
D/szipinf ( 2219): Initializing inflate state
I/ROMManager( 2194): Downloading: http://gh-pages.clockworkmod.com/ROMManagerManifest/manifest/mecha.js
D/dalvikvm( 1999): GC_CONCURRENT freed 470K, 50% free 2988K/5959K, external 0K/0K, paused 2ms+7ms
D/szipinf ( 2194): Initializing inflate state
D/szipinf ( 1608): Initializing inflate state
W/AssetRedirectionManager( 1608): No such resource found for com.bsthemes_donate.theme.nameless:@drawable/shortcut_selector
W/AssetRedirectionManager( 1608): No such resource found for com.android.launcher:drawable/home_button_pressed
W/AssetRedirectionManager( 1608): No such resource found for com.android.launcher:drawable/home_button_focused
W/AssetRedirectionManager( 1608): No such resource found for com.android.launcher:drawable/all_apps_button_pressed
W/AssetRedirectionManager( 1608): No such resource found for com.android.launcher:drawable/all_apps_button_focused
W/AssetRedirectionManager( 1608): No such resource found for com.android.launcher:drawable/hotseat_phone_focused
W/AssetRedirectionManager( 1608): No such resource found for com.android.launcher:drawable/hotseat_phone_pressed
W/AssetRedirectionManager( 1608): No such resource found for com.android.launcher:drawable/hotseat_phone_normal
W/AssetRedirectionManager( 1608): No such resource found for com.android.launcher:drawable/hotseat_browser_focused
W/AssetRedirectionManager( 1608): No such resource found for com.android.launcher:drawable/hotseat_browser_pressed
W/AssetRedirectionManager( 1608): No such resource found for com.android.launcher:drawable/hotseat_browser_normal
D/dalvikvm( 2219): GC_CONCURRENT freed 128K, 44% free 3429K/6023K, external 0K/0K, paused 2ms+3ms
W/AssetRedirectionManager( 1608): No such resource found for com.android.launcher:color/apps3d_glow_pressed
W/AssetRedirectionManager( 1608): No such resource found for com.android.launcher:color/ab_empty
W/AssetRedirectionManager( 1608): No such resource found for com.android.launcher:color/all_apps_button
W/AssetRedirectionManager( 1608): No such resource found for com.android.launcher:color/all_apps_button_normal
W/AssetRedirectionManager( 1608): No such resource found for com.android.launcher:color/arrow_left
W/AssetRedirectionManager( 1608): No such resource found for com.android.launcher:color/arrow_right
W/AssetRedirectionManager( 1608): No such resource found for com.android.launcher:color/bg_appwidget_error
W/AssetRedirectionManager( 1608): No such resource found for com.android.launcher:color/box_launcher_bottom
W/AssetRedirectionManager( 1608): No such resource found for com.android.launcher:color/box_launcher_top_normal
W/AssetRedirectionManager( 1608): No such resource found for com.android.launcher:color/box_launcher_top_pressed
W/AssetRedirectionManager( 1608): No such resource found for com.android.launcher:color/box_launcher_top_selected
W/AssetRedirectionManager( 1608): No such resource found for com.android.launcher:color/focused_application_background
W/AssetRedirectionManager( 1608): No such resource found for com.android.launcher:color/home_button_normal
W/AssetRedirectionManager( 1608): No such resource found for com.android.launcher:color/ic_launcher_application
W/AssetRedirectionManager( 1608): No such resource found for com.android.launcher:color/ic_launcher_appwidget
W/AssetRedirectionManager( 1608): No such resource found for com.android.launcher:color/ic_launcher_folder
W/AssetRedirectionManager( 1608): No such resource found for com.android.launcher:color/ic_launcher_folder_open
W/AssetRedirectionManager( 1608): No such resource found for com.android.launcher:color/ic_launcher_home
W/AssetRedirectionManager( 1608): No such resource found for com.android.launcher:color/ic_launcher_shortcut
W/AssetRedirectionManager( 1608): No such resource found for com.android.launcher:color/ic_launcher_wallpaper
W/AssetRedirectionManager( 1608): No such resource found for com.android.launcher:color/pressed_application_background
W/AssetRedirectionManager( 1608): No such resource found for com.android.launcher:color/trashcan
W/AssetRedirectionManager( 1608): No such resource found for com.android.launcher:color/trashcan_hover
I/ActivityManager( 1608): Start proc com.google.android.apps.maps:LocationFriendService for service com.google.android.apps.maps/com.google.googlenav.friend.android.LocationFriendService: pid=2256 uid=10058 gids={3003, 1015}
E/ActivityThread( 2194): Service com.koushikdutta.rommanager.DownloadService has leaked IntentReceiver com.koushikdutta.rommanager.Helper$1$1@40545a68 that was originally registered here. Are you missing a call to unregisterReceiver()?
E/ActivityThread( 2194): android.app.IntentReceiverLeaked: Service com.koushikdutta.rommanager.DownloadService has leaked IntentReceiver com.koushikdutta.rommanager.Helper$1$1@40545a68 that was originally registered here. Are you missing a call to unregisterReceiver()?
E/ActivityThread( 2194): 	at android.app.LoadedApk$ReceiverDispatcher.<init>(LoadedApk.java:756)
E/ActivityThread( 2194): 	at android.app.LoadedApk.getReceiverDispatcher(LoadedApk.java:551)
E/ActivityThread( 2194): 	at android.app.ContextImpl.registerReceiverInternal(ContextImpl.java:821)
E/ActivityThread( 2194): 	at android.app.ContextImpl.registerReceiver(ContextImpl.java:808)
E/ActivityThread( 2194): 	at android.app.ContextImpl.registerReceiver(ContextImpl.java:802)
E/ActivityThread( 2194): 	at android.content.ContextWrapper.registerReceiver(ContextWrapper.java:318)
E/ActivityThread( 2194): 	at com.koushikdutta.rommanager.Helper$1.onServiceConnected(Helper.java:317)
E/ActivityThread( 2194): 	at android.app.LoadedApk$ServiceDispatcher.doConnected(LoadedApk.java:1064)
E/ActivityThread( 2194): 	at android.app.LoadedApk$ServiceDispatcher$RunConnection.run(LoadedApk.java:1081)
E/ActivityThread( 2194): 	at android.os.Handler.handleCallback(Handler.java:587)
E/ActivityThread( 2194): 	at android.os.Handler.dispatchMessage(Handler.java:92)
E/ActivityThread( 2194): 	at android.os.Looper.loop(Looper.java:130)
E/ActivityThread( 2194): 	at android.app.ActivityThread.main(ActivityThread.java:3835)
E/ActivityThread( 2194): 	at java.lang.reflect.Method.invokeNative(Native Method)
E/ActivityThread( 2194): 	at java.lang.reflect.Method.invoke(Method.java:507)
E/ActivityThread( 2194): 	at com.android.internal.os.ZygoteInit$MethodAndArgsCaller.run(ZygoteInit.java:841)
E/ActivityThread( 2194): 	at com.android.internal.os.ZygoteInit.main(ZygoteInit.java:599)
E/ActivityThread( 2194): 	at dalvik.system.NativeStart.main(Native Method)
I/ActivityManager( 1608): No longer want com.google.android.music (pid 1939): hidden #16
D/dalvikvm( 2256): GC_CONCURRENT freed 134K, 46% free 3048K/5639K, external 0K/0K, paused 2ms+3ms
D/szipinf ( 2256): Initializing inflate state
D/QualcommCameraHardware( 1470): dlclose(libqcamera)
D/szipinf ( 2194): Initializing inflate state
D/QualcommCameraHardware( 1470): release X
I/ActivityManager( 1608): Start proc org.adw.launcher.notifications for broadcast org.adw.launcher.notifications/.ADWReceiver: pid=2264 uid=10062 gids={}
I/ActivityManager( 1608): No longer want com.google.android.googlequicksearchbox (pid 1984): hidden #16
D/szipinf ( 2264): Initializing inflate state
D/QualcommCameraHardware( 1470): ~QualcommCameraHardware E
D/QualcommCameraHardware( 1470): ~QualcommCameraHardware X
I/ActivityManager( 1608): Start proc com.google.android.gm for broadcast com.google.android.gm/.MailIntentReceiver: pid=2272 uid=10056 gids={3003, 1015}
D/ADWSERVICE( 2264): No K9Mail accounts
I/System.out( 1826): UPDATECOUNTERS REQUEST: com.fsck.k9 = 0
I/System.out( 1826): UPDATINGCOUNTERS: com.fsck.k9 = 0
D/HomeLoaders( 1826):   --> starting applications loader
D/HomeLoaders( 1826):   --> wait for applications loader (3)
E/ActivityThread( 2264): Failed to find provider info for com.fsck.k9.messageprovider
D/dalvikvm( 2256): GC_CONCURRENT freed 118K, 44% free 3421K/6023K, external 0K/0K, paused 2ms+22ms
D/HomeLoaders( 1826):   ----> applications loader stopped (3)
D/HomeLoaders( 1826):   ----> running applications loader (4)
D/dalvikvm( 1960): GC_CONCURRENT freed 201K, 48% free 2914K/5575K, external 0K/0K, paused 9ms+2ms
D/szipinf ( 2272): Initializing inflate state
I/ActivityThread( 2272): Pub gmail-ls: com.google.android.gm.provider.MailProvider
I/ActivityThread( 2272): Pub com.google.android.gm.attachmentspreviews: com.google.android.gm.AttachmentPreviewProvider
I/ActivityThread( 2272): Pub com.google.android.gmail.SuggestionProvider: com.google.android.gm.SuggestionsProvider
I/ActivityThread( 2272): Pub gmail-downloads: com.google.android.gm.downloadprovider.DownloadProvider
D/szipinf ( 2194): Initializing inflate state
D/AAAAAAAAA( 2264): Send 0 with color:-65536
I/System.out( 1826): UPDATECOUNTERS REQUEST: com.android.mms = 0
I/System.out( 1826): UPDATINGCOUNTERS: com.android.mms = 0
D/HomeLoaders( 1826):   --> starting applications loader
D/HomeLoaders( 1826):   --> wait for applications loader (4)
I/ActivityManager( 1608): Start proc com.amazon.venezia for broadcast com.amazon.venezia/com.amazon.mas.client.framework.BootLoader: pid=2291 uid=10073 gids={3003, 1015}
W/MessageQueue( 2272): Handler{4055aae8} sending message to a Handler on a dead thread
W/MessageQueue( 2272): java.lang.RuntimeException: Handler{4055aae8} sending message to a Handler on a dead thread
W/MessageQueue( 2272): 	at android.os.MessageQueue.enqueueMessage(MessageQueue.java:196)
W/MessageQueue( 2272): 	at android.os.Handler.sendMessageAtTime(Handler.java:457)
W/MessageQueue( 2272): 	at android.os.Handler.sendMessageDelayed(Handler.java:430)
W/MessageQueue( 2272): 	at android.os.Handler.post(Handler.java:248)
W/MessageQueue( 2272): 	at android.accounts.AccountManager$BaseFutureTask.postRunnableToHandler(AccountManager.java:1327)
W/MessageQueue( 2272): 	at android.accounts.AccountManager$Future2Task.done(AccountManager.java:1375)
W/MessageQueue( 2272): 	at java.util.concurrent.FutureTask$Sync.innerSet(FutureTask.java:253)
W/MessageQueue( 2272): 	at java.util.concurrent.FutureTask.set(FutureTask.java:113)
W/MessageQueue( 2272): 	at android.accounts.AccountManager$BaseFutureTask.access$700(AccountManager.java:1307)
W/MessageQueue( 2272): 	at android.accounts.AccountManager$BaseFutureTask$Response.onResult(AccountManager.java:1345)
W/MessageQueue( 2272): 	at android.accounts.IAccountManagerResponse$Stub.onTransact(IAccountManagerResponse.java:59)
W/MessageQueue( 2272): 	at android.os.Binder.execTransact(Binder.java:320)
W/MessageQueue( 2272): 	at dalvik.system.NativeStart.run(Native Method)
D/szipinf ( 2291): Initializing inflate state
D/QualcommCameraHardware( 1470): createInstance: E
D/QualcommCameraHardware( 1470):  Storing the current target type as 2 
D/QualcommCameraHardware( 1470): constructor EX
D/QualcommCameraHardware( 1470): startCamera E
D/QualcommCameraHardware( 1470): loading liboemcamera at 0xb000dfd0
I/QualcommCameraHardware( 1470): Set Secondary cam
I/        ( 1470): set sensor selection :0
D/dalvikvm( 2272): GC_CONCURRENT freed 237K, 48% free 2938K/5639K, external 0K/0K, paused 2ms+3ms
D/HomeLoaders( 1826):   ----> applications loader stopped (4)
D/HomeLoaders( 1826):   ----> running applications loader (5)
I/System.out( 1826): UPDATECOUNTERS REQUEST: com.motorola.blur.messaging = 0
I/System.out( 1826): UPDATINGCOUNTERS: com.motorola.blur.messaging = 0
D/HomeLoaders( 1826):   --> starting applications loader
D/HomeLoaders( 1826):   --> wait for applications loader (5)
D/szipinf ( 2194): Initializing inflate state
D/szipinf ( 2194): Initializing inflate state
I/ActivityManager( 1608): No longer want com.cyanogenmod.stats (pid 2069): hidden #16
D/dalvikvm( 2291): GC_CONCURRENT freed 194K, 48% free 2955K/5639K, external 0K/0K, paused 4ms+2ms
D/dalvikvm( 2194): GC_CONCURRENT freed 668K, 55% free 3248K/7175K, external 0K/0K, paused 1ms+2ms
I/Venezia ( 2291): Application setup complete.
W/ActivityManager( 1608): Unable to start service Intent { cmp=com.amazon.venezia/android.text.style.UpdateAppearance }: not found
I/ActivityManager( 1608): Start proc com.keramidas.TitaniumBackup for broadcast com.keramidas.TitaniumBackup/.schedules.BootReceiver: pid=2303 uid=10077 gids={1015, 3003}
D/UpdateService( 2291): Received action: com.amazon.mas.client.framework.UpdateService.EXECUTE_RECURRING_TASKS from intent: Intent { act=com.amazon.mas.client.framework.UpdateService.EXECUTE_RECURRING_TASKS cmp=com.amazon.venezia/com.amazon.mas.client.framework.UpdateService }
D/UpdateService( 2291): Received action: com.amazon.mas.client.framework.UpdateService.START_INSTALL_QUEUE from intent: Intent { act=com.amazon.mas.client.framework.UpdateService.START_INSTALL_QUEUE cmp=com.amazon.venezia/com.amazon.mas.client.framework.UpdateService }
D/szipinf ( 2303): Initializing inflate state
I/com.keramidas.TitaniumBackup.MainApplication( 2303): onCreate()
I/com.keramidas.TitaniumBackup.i.a( 2303): restoreMySettings_ifNeeded()
I/com.keramidas.TitaniumBackup.i.a( 2303): Internal settings found => No need to restore.
D/szipinf ( 2194): Initializing inflate state
W/Resources( 2303): Converting to string: TypedValue{t=0x10/d=0x0 a=-1}
W/Resources( 2303): Converting to string: TypedValue{t=0x10/d=0x80 a=-1}
W/Resources( 2303): Converting to string: TypedValue{t=0x10/d=0x3 a=-1}
W/Resources( 2303): Converting to string: TypedValue{t=0x10/d=0x1 a=-1}
W/Resources( 2303): Converting to string: TypedValue{t=0x10/d=0x3 a=-1}
I/com.keramidas.TitaniumBackup.MainApplication( 2303): Starting scheduler service ...
I/com.keramidas.TitaniumBackup.schedules.BootReceiver( 2303): Boot completed => Starting scheduler service ...
I/com.keramidas.TitaniumBackup.schedules.SchedulerService( 2303): onCreate()
I/ActivityManager( 1608): Start proc com.google.android.googlequicksearchbox for broadcast com.google.android.googlequicksearchbox/.SearchWidgetProvider: pid=2314 uid=10081 gids={3003}
I/com.keramidas.TitaniumBackup.schedules.SchedulerService( 2303): scheduleNextWakeup(): Invoked with idToExcludeForToday=null
I/com.keramidas.TitaniumBackup.schedules.SchedulerService( 2303): scheduleNextWakeup(): No next wakeup scheduled.
I/com.keramidas.TitaniumBackup.schedules.SchedulerService( 2303): onStart()
I/com.keramidas.TitaniumBackup.schedules.SchedulerService( 2303): onStart()
I/com.keramidas.TitaniumBackup.schedules.SchedulerService( 2303): onDestroy()
I/ActivityManager( 1608): No longer want com.android.providers.calendar (pid 2036): hidden #16
D/szipinf ( 2314): Initializing inflate state
I/ActivityThread( 2314): Pub com.google.android.googlequicksearchbox.shortcuts: com.google.android.googlequicksearchbox.ShortcutsProvider
I/ActivityThread( 2314): Pub com.google.android.googlequicksearchbox.google: com.google.android.googlequicksearchbox.google.GoogleSuggestionProvider
D/szipinf ( 2194): Initializing inflate state
D/dalvikvm( 1608): GC_EXPLICIT freed 526K, 38% free 5951K/9479K, external 1949K/2461K, paused 110ms
I/Gmail   ( 2272): calculateUnknownSyncRationalesAndPurgeInBackground: queueing
I/Gmail   ( 2272): calculateUnknownSyncRationalesAndPurgeInBackground: running
D/UpdateService( 2291): Received action: com.amazon.mas.client.framework.UpdateService.RESCHEDULE_TASK from intent: Intent { act=com.amazon.mas.client.framework.UpdateService.RESCHEDULE_TASK cmp=com.amazon.venezia/com.amazon.mas.client.framework.UpdateService (has extras) }
D/HomeLoaders( 1826):   ----> applications loader stopped (5)
I/System.out( 1826): UPDATECOUNTERS REQUEST: com.android.contacts = 0
D/HomeLoaders( 1826):   ----> running applications loader (6)
I/System.out( 1826): UPDATINGCOUNTERS: com.android.contacts = 0
D/HomeLoaders( 1826):   --> starting applications loader
D/HomeLoaders( 1826):   --> wait for applications loader (6)
D/dalvikvm( 1815): GC_CONCURRENT freed 319K, 48% free 3173K/6023K, external 0K/0K, paused 3ms+3ms
I/dalvikvm( 1815): Total arena pages for JIT: 11
I/dalvikvm( 2291): Total arena pages for JIT: 11
I/ActivityManager( 1608): Start proc com.google.android.music for broadcast com.google.android.music/com.android.music.MediaAppWidgetProvider: pid=2327 uid=10065 gids={3003, 1015}
I/ActivityManager( 1608): No longer want com.android.bluetooth (pid 2046): hidden #16
D/AAAAAAAAAA( 2264): Sending gmail count=0 with color:-65536
D/szipinf ( 2194): Initializing inflate state
D/szipinf ( 2327): Initializing inflate state
D/dalvikvm( 2327): GC_CONCURRENT freed 134K, 47% free 2993K/5639K, external 0K/0K, paused 2ms+2ms
I/ActivityThread( 2327): Pub com.google.android.music.MusicContent: com.android.music.store.MusicContentProvider
D/szipinf ( 2194): Initializing inflate state
D/szipinf ( 2194): Initializing inflate state
D/szipinf ( 2194): Initializing inflate state
D/szipinf ( 2194): Initializing inflate state
D/dalvikvm( 2291): GC_CONCURRENT freed 312K, 49% free 3054K/5895K, external 0K/0K, paused 2ms+22ms
D/dalvikvm( 1826): GC_CONCURRENT freed 1357K, 52% free 3608K/7495K, external 4591K/4940K, paused 2ms+3ms
D/HomeLoaders( 1826):   ----> applications loader stopped (6)
I/System.out( 1826): UPDATECOUNTERS REQUEST: com.android.htccontacts = 0
I/System.out( 1826): UPDATINGCOUNTERS: com.android.htccontacts = 0
D/HomeLoaders( 1826):   --> starting applications loader
D/HomeLoaders( 1826):   --> wait for applications loader (7)
D/HomeLoaders( 1826):   ----> running applications loader (7)
D/szipinf ( 2194): Initializing inflate state
D/szipinf ( 2194): Initializing inflate state
D/szipinf ( 2194): Initializing inflate state
D/szipinf ( 1608): Initializing inflate state
D/szipinf ( 2194): Initializing inflate state
D/HomeLoaders( 1826):   ----> applications loader stopped (7)
D/szipinf ( 2194): Initializing inflate state
D/szipinf ( 1608): Initializing inflate state
D/szipinf ( 2194): Initializing inflate state
D/szipinf ( 1608): Initializing inflate state
I/System.out( 1826): UPDATECOUNTERS REQUEST: com.android.htcdialer = 0
I/System.out( 1826): UPDATINGCOUNTERS: com.android.htcdialer = 0
D/HomeLoaders( 1826):   --> starting applications loader
D/HomeLoaders( 1826):   --> wait for applications loader (8)
D/HomeLoaders( 1826):   ----> running applications loader (8)
D/MediaScanner( 1960):  prescan time: 2214ms
D/MediaScanner( 1960):     scan time: 4899ms
D/MediaScanner( 1960): postscan time: 2ms
D/MediaScanner( 1960):    total time: 7115ms
D/szipinf ( 2194): Initializing inflate state
D/HomeLoaders( 1826):   ----> applications loader stopped (8)
I/System.out( 1826): UPDATECOUNTERS REQUEST: com.sec.android.app.dialertab = 0
D/HomeLoaders( 1826):   ----> running applications loader (9)
I/System.out( 1826): UPDATINGCOUNTERS: com.sec.android.app.dialertab = 0
D/HomeLoaders( 1826):   --> starting applications loader
D/HomeLoaders( 1826):   --> wait for applications loader (9)
I/ActivityManager( 1608): No longer want com.android.email (pid 2054): hidden #16
D/szipinf ( 2194): Initializing inflate state
D/szipinf ( 2194): Initializing inflate state
D/szipinf ( 2194): Initializing inflate state
D/szipinf ( 2194): Initializing inflate state
D/su      ( 2183): 10072 com.rs.autokiller executing 0 /system/bin/sh using shell /system/bin/sh : sh
D/HomeLoaders( 1826):   ----> applications loader stopped (9)
D/szipinf ( 2194): Initializing inflate state
D/szipinf ( 2194): Initializing inflate state
D/szipinf ( 1608): Initializing inflate state
D/szipinf ( 2194): Initializing inflate state
D/dalvikvm( 2194): GC_CONCURRENT freed 367K, 55% free 3265K/7175K, external 0K/0K, paused 1ms+3ms
D/HomeLoaders( 1826):   ----> running applications loader (10)
I/MusicStore( 2327): Database version: 31
I/System.out( 1826): UPDATECOUNTERS REQUEST: com.google.android.gm = 0
I/System.out( 1826): UPDATINGCOUNTERS: com.google.android.gm = 0
D/HomeLoaders( 1826):   --> starting applications loader
D/HomeLoaders( 1826):   --> wait for applications loader (10)
D/HomeLoaders( 1826):   ----> applications loader stopped (10)
W/AndroidMusic( 2327): Need to wait for MusicPreferences to be created
D/szipinf ( 2194): Initializing inflate state
D/szipinf ( 2194): Initializing inflate state
D/szipinf ( 2194): Initializing inflate state
D/szipinf ( 2194): Initializing inflate state
D/MediaScannerService( 1960): done scanning volume internal
D/HomeLoaders( 1826):   ----> running applications loader (11)
D/szipinf ( 2194): Initializing inflate state
D/HomeLoaders( 1826):   ----> cleared application list
W/AndroidMusic( 2327): MusicPreferences still not made, creating on UI thread
D/dalvikvm( 1815): GC_CONCURRENT freed 470K, 49% free 3150K/6151K, external 0K/0K, paused 2ms+3ms
I/ActivityManager( 1608): No longer want com.android.mms (pid 2081): hidden #16
I/MediaStoreImporter( 2327): File system changed since previous import from 825309235 to -1
D/szipinf ( 2194): Initializing inflate state
D/szipinf ( 2194): Initializing inflate state
D/szipinf ( 2194): Initializing inflate state
D/szipinf ( 2194): Initializing inflate state
D/szipinf ( 2194): Initializing inflate state
D/szipinf ( 2194): Initializing inflate state
D/szipinf ( 2194): Initializing inflate state
D/szipinf ( 2194): Initializing inflate state
D/szipinf ( 2194): Initializing inflate state
D/szipinf ( 2194): Initializing inflate state
D/szipinf ( 2194): Initializing inflate state
D/szipinf ( 2194): Initializing inflate state
D/szipinf ( 2194): Initializing inflate state
D/szipinf ( 2194): Initializing inflate state
D/szipinf ( 2194): Initializing inflate state
D/dalvikvm( 2194): GC_CONCURRENT freed 380K, 55% free 3272K/7175K, external 0K/0K, paused 2ms+5ms
D/szipinf ( 2194): Initializing inflate state
I/AsyncCursor1:1( 2327): Initialized for content://com.google.android.music.MusicContent/playlists, proj:_id#name, sel: 'null', args: null, order: null
D/GTalkService( 1815): [RosterListenerImpl] removeTalkPresence for account=1, deleted=0
D/szipinf ( 2194): Initializing inflate state
D/szipinf ( 2194): Initializing inflate state
D/dalvikvm( 1826): GC_CONCURRENT freed 1760K, 55% free 3590K/7879K, external 4675K/4940K, paused 2ms+2ms
D/MusicContentProvider( 2327): Running Query: content://com.google.android.music.MusicContent/playlists projection  : count(*) selection   : null select args :  sort order  : null
D/GTalkService( 1815): [ContactPresence] removeAllContactsPresence: account=1, set null presence for 0
D/dalvikvm( 1826): GC_EXTERNAL_ALLOC freed 91K, 55% free 3550K/7879K, external 4685K/4940K, paused 30ms
D/GTalkService( 1815): [GTalkConnection.21] EVENT_REQUEST_ROSTER: already ONLINE, ignore
I/AutoKiller( 2018): Setting done.
I/NetworkMonitor( 2327): Network Type: 0 isConnected: true
I/MusicDL ( 2327): Creating a new DownloadExecutor (was originally null)
I/MusicDL ( 2327): DownloadManager binded via: Intent { cmp=com.google.android.music/com.android.music.dl.DownloadManager$DownloadManagerService }
I/AutoKiller( 2018): last value --3072,4096,4096,20992,23040,25088-- restored.
I/AutoKiller( 2018): ===============
I/AutoKiller( 2018): Service destroyed
I/AutoKiller( 2018): ===============
D/dalvikvm( 2327): GC_CONCURRENT freed 234K, 47% free 3208K/5959K, external 0K/0K, paused 3ms+2ms
I/ActivityManager( 1608): No longer want com.rs.autokiller (pid 2018): hidden #16
I/NetworkMonitor( 2327): Network changed: type(0) name(mobile) isConnected : true noData: false
I/ActivityManager( 1608): Start proc com.levelup.beautifulwidgets for broadcast com.levelup.beautifulwidgets/.ClockWidget41: pid=2355 uid=10063 gids={3003, 3002, 3001, 1015}
D/szipinf ( 2355): Initializing inflate state
D/Beautiful Widgets( 2355): Creating application object
D/Beautiful Widgets( 2355): Clock Widget enabled
D/Beautiful Widgets( 2355): Clock Widget enabled
V/Beautiful Widgets( 2355): Service GWeather onStart()
V/Beautiful Widgets( 2355): Service GWeather onStart()
D/GTalkService( 1815): [RosterMgr] roster not modified
E/TalkProvider( 1815): replaceContactWithContactId: contactId==0!!! drod2169@gmail.com, acct=1
E/TalkProvider( 1815): insert presence failed for account=1 username=drod2169@gmail.com client_type=0 status= cap=8 priority=0 mode=4
E/dalvikvm( 2355): Could not find class 'android.app.Fragment', referenced from method com.levelup.Xlarge.areFragmentsSupported
W/dalvikvm( 2355): VFY: unable to resolve const-class 13 (Landroid/app/Fragment;) in Lcom/levelup/Xlarge;
D/dalvikvm( 2355): VFY: replacing opcode 0x1c at 0x0000
D/dalvikvm( 2355): VFY: dead code 0x0002-0007 in Lcom/levelup/Xlarge;.areFragmentsSupported ()Z
I/ActivityManager( 1608): No longer want com.google.android.talk (pid 2103): hidden #16
D/dalvikvm( 2355): GC_CONCURRENT freed 159K, 48% free 2972K/5639K, external 0K/0K, paused 2ms+9ms
D/dalvikvm( 2355): GC_EXTERNAL_ALLOC freed 13K, 48% free 2959K/5639K, external 0K/0K, paused 36ms
D/dalvikvm( 2194): GC_CONCURRENT freed 437K, 55% free 3271K/7175K, external 0K/0K, paused 2ms+30ms
D/dalvikvm( 2355): GC_CONCURRENT freed 416K, 51% free 2966K/5959K, external 130K/512K, paused 1ms+2ms
I/System.out( 1826): resolveUri failed on bad bitmap uri: /data/data/com.levelup.beautifulwidgets/files/scskins-Honeyclock-background_numbers_0_1.png
I/System.out( 1826): resolveUri failed on bad bitmap uri: /data/data/com.levelup.beautifulwidgets/files/scskins-Honeyclock-background_numbers_0_2.png
I/System.out( 1826): resolveUri failed on bad bitmap uri: /data/data/com.levelup.beautifulwidgets/files/scskins-Honeyclock-background_numbers_0_3.png
I/System.out( 1826): resolveUri failed on bad bitmap uri: /data/data/com.levelup.beautifulwidgets/files/scskins-Honeyclock-background_numbers_0_4.png
I/System.out( 1826): resolveUri failed on bad bitmap uri: /data/data/com.levelup.beautifulwidgets/files/scskins-Honeyclock-background_numbers_1_0.png
I/System.out( 1826): resolveUri failed on bad bitmap uri: /data/data/com.levelup.beautifulwidgets/files/scskins-Honeyclock-background_numbers_1_1.png
I/System.out( 1826): resolveUri failed on bad bitmap uri: /data/data/com.levelup.beautifulwidgets/files/scskins-Honeyclock-background_numbers_1_2.png
I/System.out( 1826): resolveUri failed on bad bitmap uri: /data/data/com.levelup.beautifulwidgets/files/scskins-Honeyclock-background_numbers_1_3.png
I/System.out( 1826): resolveUri failed on bad bitmap uri: /data/data/com.levelup.beautifulwidgets/files/scskins-Honeyclock-background_numbers_1_4.png
I/System.out( 1826): resolveUri failed on bad bitmap uri: /data/data/com.levelup.beautifulwidgets/files/scskins-Honeyclock-background_numbers_2_0.png
I/System.out( 1826): resolveUri failed on bad bitmap uri: /data/data/com.levelup.beautifulwidgets/files/scskins-Honeyclock-background_numbers_2_1.png
I/System.out( 1826): resolveUri failed on bad bitmap uri: /data/data/com.levelup.beautifulwidgets/files/scskins-Honeyclock-background_numbers_2_2.png
I/System.out( 1826): resolveUri failed on bad bitmap uri: /data/data/com.levelup.beautifulwidgets/files/scskins-Honeyclock-background_numbers_2_3.png
I/System.out( 1826): resolveUri failed on bad bitmap uri: /data/data/com.levelup.beautifulwidgets/files/scskins-Honeyclock-background_numbers_2_4.png
D/dalvikvm( 2355): GC_CONCURRENT freed 488K, 50% free 2989K/5959K, external 269K/512K, paused 2ms+2ms
I/ActivityManager( 1608): Start proc com.thedeck.android.app for broadcast com.thedeck.android.app/com.tweetdeck.widget.WidgetStarter: pid=2371 uid=10076 gids={3003, 1015}
I/System.out( 1826): resolveUri failed on bad bitmap uri: /data/data/com.levelup.beautifulwidgets/files/scskins-Honeyclock-background_numbers_0_1.png
I/System.out( 1826): resolveUri failed on bad bitmap uri: /data/data/com.levelup.beautifulwidgets/files/scskins-Honeyclock-background_numbers_0_2.png
I/System.out( 1826): resolveUri failed on bad bitmap uri: /data/data/com.levelup.beautifulwidgets/files/scskins-Honeyclock-background_numbers_0_3.png
I/System.out( 1826): resolveUri failed on bad bitmap uri: /data/data/com.levelup.beautifulwidgets/files/scskins-Honeyclock-background_numbers_0_4.png
I/System.out( 1826): resolveUri failed on bad bitmap uri: /data/data/com.levelup.beautifulwidgets/files/scskins-Honeyclock-background_numbers_1_0.png
I/System.out( 1826): resolveUri failed on bad bitmap uri: /data/data/com.levelup.beautifulwidgets/files/scskins-Honeyclock-background_numbers_1_1.png
I/System.out( 1826): resolveUri failed on bad bitmap uri: /data/data/com.levelup.beautifulwidgets/files/scskins-Honeyclock-background_numbers_1_2.png
I/System.out( 1826): resolveUri failed on bad bitmap uri: /data/data/com.levelup.beautifulwidgets/files/scskins-Honeyclock-background_numbers_1_3.png
I/System.out( 1826): resolveUri failed on bad bitmap uri: /data/data/com.levelup.beautifulwidgets/files/scskins-Honeyclock-background_numbers_1_4.png
I/System.out( 1826): resolveUri failed on bad bitmap uri: /data/data/com.levelup.beautifulwidgets/files/scskins-Honeyclock-background_numbers_2_0.png
I/System.out( 1826): resolveUri failed on bad bitmap uri: /data/data/com.levelup.beautifulwidgets/files/scskins-Honeyclock-background_numbers_2_1.png
I/System.out( 1826): resolveUri failed on bad bitmap uri: /data/data/com.levelup.beautifulwidgets/files/scskins-Honeyclock-background_numbers_2_2.png
I/System.out( 1826): resolveUri failed on bad bitmap uri: /data/data/com.levelup.beautifulwidgets/files/scskins-Honeyclock-background_numbers_2_3.png
I/System.out( 1826): resolveUri failed on bad bitmap uri: /data/data/com.levelup.beautifulwidgets/files/scskins-Honeyclock-background_numbers_2_4.png
D/GTalkService( 1815): [OtrMgr] OTR not modified
D/szipinf ( 2371): Initializing inflate state
D/Beautiful Widgets( 2355): Service GWeather Thread started for widget
D/Beautiful Widgets( 2355): Service GWeather Thread started for widget
D/dalvikvm( 2194): GC_CONCURRENT freed 505K, 55% free 3264K/7175K, external 0K/0K, paused 2ms+31ms
D/dalvikvm( 2371): GC_CONCURRENT freed 281K, 49% free 2901K/5639K, external 0K/0K, paused 2ms+2ms
I/Beautiful Widgets( 2355): Buildupdate 
I/Beautiful Widgets( 2355): Buildupdate 
D/dalvikvm( 2194): GC_CONCURRENT freed 451K, 55% free 3265K/7175K, external 0K/0K, paused 1ms+3ms
D/dalvikvm( 2371): GC_CONCURRENT freed 412K, 49% free 3018K/5895K, external 0K/0K, paused 2ms+2ms
V/TweetDeck( 2371): MOBILE CONNECTION UP
D/dalvikvm( 1999): GC_CONCURRENT freed 315K, 48% free 3114K/5959K, external 0K/0K, paused 3ms+2ms
D/bwx.qb  ( 1930): provider.enabled
D/bwx.qb  ( 1930): provider.update
D/bwx.qb  ( 1930): widgets updated
I/ActivityManager( 1608): Start proc com.google.android.apps.uploader for broadcast com.google.android.apps.uploader/.ConnectivityBroadcastReceiver: pid=2384 uid=10042 gids={3003}
D/szipinf ( 2384): Initializing inflate state
I/ActivityThread( 2384): Pub com.google.android.apps.uploader: com.google.android.apps.uploader.UploadsContentProvider
I/ActivityThread( 2384): Pub com.google.photos.provider.Album: com.google.android.apps.uploader.clients.picasa.AlbumProvider
D/MediaUploader( 2384): UploaderApplication.onCreate
D/MediaUploader( 2384): nonWifiLimit=20971520, default=20971520
I/MediaUploader( 2384): No need to wake up
I/ActivityManager( 1608): Start proc com.cyanogenmod.cmparts for broadcast com.cyanogenmod.cmparts/.intents.CPUReceiver: pid=2394 uid=1000 gids={3002, 3001, 3003, 1015}
D/dalvikvm( 1469): GC_EXPLICIT freed 11K, 51% free 2677K/5379K, external 0K/0K, paused 47ms
I/Beautiful Widgets( 2355): Geodecoding lat/lon from city name 33624
D/dalvikvm( 1469): GC_EXPLICIT freed <1K, 51% free 2677K/5379K, external 0K/0K, paused 37ms
D/dalvikvm( 1469): GC_EXPLICIT freed <1K, 51% free 2677K/5379K, external 0K/0K, paused 44ms
D/szipinf ( 2394): Initializing inflate state
D/szipinf ( 2394): Initializing inflate state
I/ActivityThread( 2394): Pub com.cyanogenmod.cmparts.provider.Settings: com.cyanogenmod.cmparts.provider.SettingsProvider
I/Beautiful Widgets( 2355): Geodecoding lat/lon from city name 33624
I/CPUSettings( 2394): Restore disabled by user preference.
I/ActivityManager( 1608): Start proc com.cooliris.media for broadcast com.cooliris.media/com.cooliris.cache.BootReceiver: pid=2402 uid=10041 gids={1015, 3003}
I/ActivityManager( 1608): No longer want com.google.android.partnersetup (pid 2115): hidden #16
