--------- beginning of /dev/log/main
I/cm      ( 1429): Welcome to Android 2.3.4 / CyanogenMod-7.1.0-RC0-Thunderbolt-KANG 
I/cm      ( 1430):                                                 _  
I/cm      ( 1431):  __ __ _ ___  _ _  __  ___  __ _ _  _  _  __  __)) 
I/cm      ( 1433):      ))                 _)) 
I/cm      ( 1434):   
I/cm      ( 1432): ((_ \(/'((_( ((\( ((_)((_( (('((\( ((`1( ((_)((_(  
I/logwrapper( 1419): /system/xbin/run-parts terminated by exit(0)
--------- beginning of /dev/log/system
I/Vold    ( 1465): Vold 2.1 (the revenge) firing up
D/Vold    ( 1465): Volume sdcard state changing -1 (Initializing) -> 0 (No-Media)
D/Vold    ( 1465): Volume sdcard state changing 0 (No-Media) -> 2 (Pending)
D/Vold    ( 1465): Volume sdcard state changing 2 (Pending) -> 1 (Idle-Unmounted)
D/Vold    ( 1465): USB disconnected
D/Vold    ( 1465): Share method ums now unavailable
D/Vold    ( 1465): USB connected
D/Vold    ( 1465): Share method ums now available
I/        ( 1470): ServiceManager: 0xad70
I/Netd    ( 1466): Netd 1.0 starting
D/HTC Acoustic( 1470): int android::support_audience(), support_a1026: 0
E/AudioHardwareMSM7X30( 1470): =====msm_mixer_open: Opening the device========
V/AudioHardwareMSM7X30( 1470): msm_mixer_count: mixer_cnt =31
V/AudioHardwareMSM7X30( 1470): got device_count 22
V/AudioHardwareMSM7X30( 1470): ******* name[0] = [handset_rx] *********
V/AudioHardwareMSM7X30( 1470): index = 0
E/AudioHardwareMSM7X30( 1470): device handset_rx (index 0, id 0)
V/AudioHardwareMSM7X30( 1470): class ID = 0,capablity = 5 for device 0
V/AudioHardwareMSM7X30( 1470): ******* name[1] = [handset_tx] *********
V/AudioHardwareMSM7X30( 1470): index = 1
E/AudioHardwareMSM7X30( 1470): device handset_tx (index 1, id 1)
V/AudioHardwareMSM7X30( 1470): class ID = 0,capablity = 6 for device 1
V/AudioHardwareMSM7X30( 1470): ******* name[2] = [headset_stereo_rx] *********
V/AudioHardwareMSM7X30( 1470): index = 2
E/AudioHardwareMSM7X30( 1470): device headset_stereo_rx (index 2, id 2)
V/AudioHardwareMSM7X30( 1470): class ID = 0,capablity = 5 for device 2
V/AudioHardwareMSM7X30( 1470): ******* name[3] = [headset_mono_rx] *********
V/AudioHardwareMSM7X30( 1470): index = 3
E/AudioHardwareMSM7X30( 1470): device headset_mono_rx (index 3, id 3)
V/AudioHardwareMSM7X30( 1470): class ID = 0,capablity = 5 for device 3
V/AudioHardwareMSM7X30( 1470): ******* name[4] = [headset_mono_tx] *********
V/AudioHardwareMSM7X30( 1470): index = 4
E/AudioHardwareMSM7X30( 1470): device headset_mono_tx (index 4, id 4)
V/AudioHardwareMSM7X30( 1470): class ID = 0,capablity = 6 for device 4
V/AudioHardwareMSM7X30( 1470): ******* name[5] = [fmradio_handset_rx] *********
V/AudioHardwareMSM7X30( 1470): index = 5
E/AudioHardwareMSM7X30( 1470): device fmradio_handset_rx (index 5, id 5)
V/AudioHardwareMSM7X30( 1470): class ID = 0,capablity = 17 for device 5
V/AudioHardwareMSM7X30( 1470): ******* name[6] = [speaker_mono_rx] *********
V/AudioHardwareMSM7X30( 1470): index = 6
E/AudioHardwareMSM7X30( 1470): device speaker_mono_rx (index 6, id 6)
V/AudioHardwareMSM7X30( 1470): class ID = 0,capablity = 5 for device 6
V/AudioHardwareMSM7X30( 1470): ******* name[7] = [fmradio_speaker_rx] *********
V/AudioHardwareMSM7X30( 1470): index = 7
E/AudioHardwareMSM7X30( 1470): device fmradio_speaker_rx (index 7, id 7)
V/AudioHardwareMSM7X30( 1470): class ID = 0,capablity = 17 for device 7
V/AudioHardwareMSM7X30( 1470): ******* name[8] = [fmradio_headset_rx] *********
V/AudioHardwareMSM7X30( 1470): index = 8
E/AudioHardwareMSM7X30( 1470): device fmradio_headset_rx (index 8, id 8)
V/AudioHardwareMSM7X30( 1470): class ID = 0,capablity = 5 for device 8
V/AudioHardwareMSM7X30( 1470): ******* name[9] = [tty_headset_mono_tx] *********
V/AudioHardwareMSM7X30( 1470): index = 9
E/AudioHardwareMSM7X30( 1470): device tty_headset_mono_tx (index 9, id 9)
V/AudioHardwareMSM7X30( 1470): class ID = 0,capablity = 38 for device 9
V/AudioHardwareMSM7X30( 1470): ******* name[10] = [tty_headset_mono_rx] *********
V/AudioHardwareMSM7X30( 1470): index = 10
E/AudioHardwareMSM7X30( 1470): device tty_headset_mono_rx (index 10, id 10)
V/AudioHardwareMSM7X30( 1470): class ID = 0,capablity = 37 for device 10
V/AudioHardwareMSM7X30( 1470): ******* name[11] = [speaker_mono_tx] *********
V/AudioHardwareMSM7X30( 1470): index = 11
E/AudioHardwareMSM7X30( 1470): device speaker_mono_tx (index 11, id 11)
V/AudioHardwareMSM7X30( 1470): class ID = 0,capablity = 6 for device 11
V/AudioHardwareMSM7X30( 1470): ******* name[12] = [headset_speaker_stereo_rx] *********
V/AudioHardwareMSM7X30( 1470): index = 12
E/AudioHardwareMSM7X30( 1470): device headset_speaker_stereo_rx (index 12, id 12)
V/AudioHardwareMSM7X30( 1470): class ID = 0,capablity = 5 for device 12
V/AudioHardwareMSM7X30( 1470): ******* name[13] = [usb_headset_stereo_rx] *********
V/AudioHardwareMSM7X30( 1470): index = 13
E/AudioHardwareMSM7X30( 1470): device usb_headset_stereo_rx (index 13, id 13)
V/AudioHardwareMSM7X30( 1470): class ID = 0,capablity = 5 for device 13
V/AudioHardwareMSM7X30( 1470): ******* name[14] = [hac_mono_rx] *********
V/AudioHardwareMSM7X30( 1470): index = 14
E/AudioHardwareMSM7X30( 1470): device hac_mono_rx (index 14, id 14)
V/AudioHardwareMSM7X30( 1470): class ID = 0,capablity = 5 for device 14
V/AudioHardwareMSM7X30( 1470): ******* name[15] = [alt_mono_rx] *********
V/AudioHardwareMSM7X30( 1470): ******* name[16] = [handset_vr_tx] *********
V/AudioHardwareMSM7X30( 1470): ******* name[17] = [headset_vr_tx] *********
V/AudioHardwareMSM7X30( 1470): ******* name[18] = [dual_mic_stereo_tx] *********
V/AudioHardwareMSM7X30( 1470): ******* name[19] = [bt_sco_rx] *********
V/AudioHardwareMSM7X30( 1470): index = 15
E/AudioHardwareMSM7X30( 1470): device bt_sco_rx (index 15, id 19)
V/AudioHardwareMSM7X30( 1470): class ID = 1,capablity = 5 for device 19
V/AudioHardwareMSM7X30( 1470): ******* name[20] = [bt_sco_tx] *********
V/AudioHardwareMSM7X30( 1470): index = 16
E/AudioHardwareMSM7X30( 1470): device bt_sco_tx (index 16, id 20)
V/AudioHardwareMSM7X30( 1470): class ID = 1,capablity = 6 for device 20
V/AudioHardwareMSM7X30( 1470): ******* name[21] = [hdmi_stereo_rx] *********
I/HTC Acoustic( 1470): libhtc_acoustic.so(7x30 platform) version 1.1.0.3
D/HTC Acoustic( 1470): int android::support_audience(), support_a1026: 0
I/HTC Acoustic( 1470): Open /system/etc/AdieHWCodec.csv success.
D/HTC Acoustic( 1470): XD_Mecha_20101130
D/HTC Acoustic( 1470): [1] dev_name = handset_rx_midi_48000
I/HTC Acoustic( 1470): parse freq 48000
I/HTC Acoustic( 1470): act_size=26, freq=48000
D/HTC Acoustic( 1470): ioctl ACOUSTIC_UPDATE_ADIE success
D/HTC Acoustic( 1470): [2] dev_name = handset_rx_voice_48000
I/HTC Acoustic( 1470): parse freq 48000
I/HTC Acoustic( 1470): act_size=26, freq=48000
D/HTC Acoustic( 1470): ioctl ACOUSTIC_UPDATE_ADIE success
D/HTC Acoustic( 1470): [30] dev_name = hac_mono_rx
I/HTC Acoustic( 1470): parse freq 48000
I/HTC Acoustic( 1470): act_size=26, freq=48000
D/HTC Acoustic( 1470): ioctl ACOUSTIC_UPDATE_ADIE success
D/HTC Acoustic( 1470): [3] dev_name = handset_tx_midi_8000
I/HTC Acoustic( 1470): parse freq 8000
I/HTC Acoustic( 1470): act_size=25, freq=8000
D/HTC Acoustic( 1470): ioctl ACOUSTIC_UPDATE_ADIE success
D/HTC Acoustic( 1470): [4] dev_name = handset_tx_voice_8000
I/HTC Acoustic( 1470): parse freq 8000
I/HTC Acoustic( 1470): act_size=25, freq=8000
D/HTC Acoustic( 1470): ioctl ACOUSTIC_UPDATE_ADIE success
D/HTC Acoustic( 1470): [5] dev_name = handset_tx_voice_16000
I/HTC Acoustic( 1470): parse freq 16000
I/HTC Acoustic( 1470): act_size=25, freq=16000
D/HTC Acoustic( 1470): ioctl ACOUSTIC_UPDATE_ADIE success
D/HTC Acoustic( 1470): [6] dev_name = handset_tx_midi_48000
I/HTC Acoustic( 1470): parse freq 48000
I/HTC Acoustic( 1470): act_size=25, freq=48000
D/HTC Acoustic( 1470): ioctl ACOUSTIC_UPDATE_ADIE success
D/HTC Acoustic( 1470): [7] dev_name = handset_tx_voice_48000
I/HTC Acoustic( 1470): parse freq 48000
I/HTC Acoustic( 1470): act_size=25, freq=48000
D/HTC Acoustic( 1470): ioctl ACOUSTIC_UPDATE_ADIE success
D/HTC Acoustic( 1470): [33] dev_name = handset_vr_tx_midi_48000
I/HTC Acoustic( 1470): parse freq 48000
I/HTC Acoustic( 1470): act_size=25, freq=48000
D/HTC Acoustic( 1470): ioctl ACOUSTIC_UPDATE_ADIE success
D/HTC Acoustic( 1470): [8] dev_name = headset_stereo_rx_midi_48000
I/HTC Acoustic( 1470): parse freq 48000
I/HTC Acoustic( 1470): act_size=28, freq=48000
D/HTC Acoustic( 1470): ioctl ACOUSTIC_UPDATE_ADIE success
D/HTC Acoustic( 1470): [9] dev_name = headset_stereo_rx_voice_48000
I/HTC Acoustic( 1470): parse freq 48000
I/HTC Acoustic( 1470): act_size=28, freq=48000
D/HTC Acoustic( 1470): ioctl ACOUSTIC_UPDATE_ADIE success
D/HTC Acoustic( 1470): [10] dev_name = headset_mono_tx_midi_8000
I/HTC Acoustic( 1470): parse freq 8000
I/HTC Acoustic( 1470): act_size=25, freq=8000
D/HTC Acoustic( 1470): ioctl ACOUSTIC_UPDATE_ADIE success
D/HTC Acoustic( 1470): [11] dev_name = headset_mono_tx_voice_8000
I/HTC Acoustic( 1470): parse freq 8000
I/HTC Acoustic( 1470): act_size=25, freq=8000
D/HTC Acoustic( 1470): ioctl ACOUSTIC_UPDATE_ADIE success
D/HTC Acoustic( 1470): [12] dev_name = headset_mono_tx_voice_16000
I/HTC Acoustic( 1470): parse freq 16000
I/HTC Acoustic( 1470): act_size=25, freq=16000
D/HTC Acoustic( 1470): ioctl ACOUSTIC_UPDATE_ADIE success
D/HTC Acoustic( 1470): [13] dev_name = headset_mono_tx_midi_48000
I/HTC Acoustic( 1470): parse freq 48000
I/HTC Acoustic( 1470): act_size=25, freq=48000
D/HTC Acoustic( 1470): ioctl ACOUSTIC_UPDATE_ADIE success
D/HTC Acoustic( 1470): [34] dev_name = headset_vr_tx_midi_48000
I/HTC Acoustic( 1470): parse freq 48000
I/HTC Acoustic( 1470): act_size=25, freq=48000
D/HTC Acoustic( 1470): ioctl ACOUSTIC_UPDATE_ADIE success
D/HTC Acoustic( 1470): [14] dev_name = headset_mono_tx_voice_48000
I/HTC Acoustic( 1470): parse freq 48000
I/HTC Acoustic( 1470): act_size=25, freq=48000
D/HTC Acoustic( 1470): ioctl ACOUSTIC_UPDATE_ADIE success
D/HTC Acoustic( 1470): [15] dev_name = speaker_mono_rx_midi_48000
I/HTC Acoustic( 1470): parse freq 48000
I/HTC Acoustic( 1470): act_size=25, freq=48000
D/HTC Acoustic( 1470): ioctl ACOUSTIC_UPDATE_ADIE success
D/HTC Acoustic( 1470): [16] dev_name = speaker_mono_rx_voice_48000
I/HTC Acoustic( 1470): parse freq 48000
I/HTC Acoustic( 1470): act_size=25, freq=48000
D/HTC Acoustic( 1470): ioctl ACOUSTIC_UPDATE_ADIE success
D/HTC Acoustic( 1470): [31] dev_name = usb_headset_stereo_rx
I/HTC Acoustic( 1470): parse freq 48000
I/HTC Acoustic( 1470): act_size=18, freq=48000
D/HTC Acoustic( 1470): ioctl ACOUSTIC_UPDATE_ADIE success
D/HTC Acoustic( 1470): [17] dev_name = speaker_mono_tx_midi_8000
I/HTC Acoustic( 1470): parse freq 8000
I/HTC Acoustic( 1470): act_size=25, freq=8000
D/HTC Acoustic( 1470): ioctl ACOUSTIC_UPDATE_ADIE success
D/HTC Acoustic( 1470): [18] dev_name = speaker_mono_tx_voice_8000
I/HTC Acoustic( 1470): parse freq 8000
I/HTC Acoustic( 1470): act_size=25, freq=8000
D/HTC Acoustic( 1470): ioctl ACOUSTIC_UPDATE_ADIE success
D/HTC Acoustic( 1470): [19] dev_name = speaker_mono_tx_voice_16000
I/HTC Acoustic( 1470): parse freq 16000
I/HTC Acoustic( 1470): act_size=25, freq=16000
D/HTC Acoustic( 1470): ioctl ACOUSTIC_UPDATE_ADIE success
D/HTC Acoustic( 1470): [20] dev_name = speaker_mono_tx_midi_48000
I/HTC Acoustic( 1470): parse freq 48000
I/HTC Acoustic( 1470): act_size=25, freq=48000
D/HTC Acoustic( 1470): ioctl ACOUSTIC_UPDATE_ADIE success
D/HTC Acoustic( 1470): [21] dev_name = speaker_mono_tx_voice_48000
I/HTC Acoustic( 1470): parse freq 48000
I/HTC Acoustic( 1470): act_size=25, freq=48000
D/HTC Acoustic( 1470): ioctl ACOUSTIC_UPDATE_ADIE success
D/HTC Acoustic( 1470): [22] dev_name = tty_headset_mono_rx_voice_8000
I/HTC Acoustic( 1470): parse freq 8000
I/HTC Acoustic( 1470): act_size=28, freq=8000
D/HTC Acoustic( 1470): ioctl ACOUSTIC_UPDATE_ADIE success
D/HTC Acoustic( 1470): [23] dev_name = tty_headset_mono_rx_voice_48000
I/HTC Acoustic( 1470): parse freq 48000
I/HTC Acoustic( 1470): act_size=28, freq=48000
D/HTC Acoustic( 1470): ioctl ACOUSTIC_UPDATE_ADIE success
D/HTC Acoustic( 1470): [24] dev_name = tty_headset_mono_tx_voice_8000
I/HTC Acoustic( 1470): parse freq 8000
I/HTC Acoustic( 1470): act_size=25, freq=8000
D/HTC Acoustic( 1470): ioctl ACOUSTIC_UPDATE_ADIE success
D/HTC Acoustic( 1470): [25] dev_name = tty_headset_mono_tx_voice_16000
I/HTC Acoustic( 1470): parse freq 16000
I/HTC Acoustic( 1470): act_size=25, freq=16000
D/HTC Acoustic( 1470): ioctl ACOUSTIC_UPDATE_ADIE success
D/HTC Acoustic( 1470): [32] dev_name = tty_headset_mono_tx_voice_48000
I/HTC Acoustic( 1470): parse freq 48000
I/HTC Acoustic( 1470): act_size=25, freq=48000
D/HTC Acoustic( 1470): ioctl ACOUSTIC_UPDATE_ADIE success
D/HTC Acoustic( 1470): [26] dev_name = fmradio_headset_rx
I/HTC Acoustic( 1470): act_size=18, freq=0
E/HTC Acoustic( 1470): ioctl ACOUSTIC_UPDATE_ADIE failed -1
D/HTC Acoustic( 1470): [27] dev_name = fmradio_speaker_rx
I/HTC Acoustic( 1470): act_size=18, freq=0
D/HTC Acoustic( 1470): ioctl ACOUSTIC_UPDATE_ADIE success
D/HTC Acoustic( 1470): [28] dev_name = headset_speaker_stereo_rx
I/HTC Acoustic( 1470): parse freq 48000
I/HTC Acoustic( 1470): act_size=33, freq=48000
D/HTC Acoustic( 1470): ioctl ACOUSTIC_UPDATE_ADIE success
D/HTC Acoustic( 1470): [29] dev_name = fmtx_headset
I/HTC Acoustic( 1470): parse freq 48000
I/HTC Acoustic( 1470): act_size=28, freq=48000
E/HTC Acoustic( 1470): ioctl ACOUSTIC_UPDATE_ADIE failed -1
D/HTC Acoustic( 1470): [35] dev_name = Stereo_recording_tx_midi_48000
I/HTC Acoustic( 1470): act_size=26, freq=0
E/HTC Acoustic( 1470): ioctl ACOUSTIC_UPDATE_ADIE failed -1
I/HTC Acoustic( 1470): Success on updating adie setting
I/HTC Acoustic( 1470): open /system/etc/AudioBTID.csv success.
I/HTC Acoustic( 1470): BT ID table version: Mecha_HTC_20101105
D/HTC Acoustic( 1470): int android::support_audience(), support_a1026: 0
I/DEBUG   ( 1467): debuggerd: Jun  1 2011 22:33:26
I/rmt_storage( 1476): rmt_storage user app start
I/rmt_storage( 1476): rmt_storage open success
I/rmt_storage( 1476): rmt_storage shared memory ioctl success
I/rmt_storage( 1476): rmt_storage mmap addr = 40010000
D/AndroidRuntime( 1469): 
D/AndroidRuntime( 1469): >>>>>> AndroidRuntime START com.android.internal.os.ZygoteInit <<<<<<
I/AndroidRuntime( 1469): Heap size: -Xmx48m
D/AndroidRuntime( 1469): CheckJNI is OFF
D/dalvikvm( 1469): creating instr width table
D/AK8975  ( 1475): AK8975 daemon 1.0.4 Start
D/AK8975  ( 1475): (Library version : 1.2.0.1217)
D/dalvikvm( 1469): DexOpt: --- BEGIN 'core.jar' (bootstrap=1) ---
D/QC-NETMGR-LIB( 1478): System property persist.data_netmgrd_nint set (16)
D/QC-NETMGR-LIB( 1478): netmgr_main_reset_links: reset netmgr_main_nint to 16
D/QC-NETMGR-LIB( 1478): couldn't open file /sys/module/f_rmnet/parameters/rmnet_ctl_ch
D/QC-NETMGR-LIB( 1478): couldn't open /sys/module/rmnet/parameters/rmnet_ctl_ch
D/QC-NETMGR-LIB( 1478): netmgr_main_update_links: 16 links enabled
D/QC-NETMGR-LIB( 1478): platform init completed
D/QC-NETMGR-LIB( 1478): netmgr_kif named link 0 to rmnet0
D/QC-NETMGR-LIB( 1478): netmgr_kif named link 1 to rmnet1
D/QC-NETMGR-LIB( 1478): netmgr_kif named link 2 to rmnet2
D/QC-NETMGR-LIB( 1478): netmgr_kif named link 3 to rmnet3
D/QC-NETMGR-LIB( 1478): netmgr_kif named link 4 to rmnet4
D/QC-NETMGR-LIB( 1478): netmgr_kif named link 5 to rmnet5
D/QC-NETMGR-LIB( 1478): netmgr_kif named link 6 to rmnet6
D/QC-NETMGR-LIB( 1478): netmgr_kif named link 7 to rmnet7
D/QC-NETMGR-LIB( 1478): netmgr_kif named link 8 to rmnet_sdio0
D/QC-NETMGR-LIB( 1478): netmgr_kif named link 9 to rmnet_sdio1
D/QC-NETMGR-LIB( 1478): netmgr_kif named link 10 to rmnet_sdio2
D/QC-NETMGR-LIB( 1478): netmgr_kif named link 11 to rmnet_sdio3
D/QC-NETMGR-LIB( 1478): netmgr_kif named link 12 to rmnet_sdio4
D/QC-NETMGR-LIB( 1478): netmgr_kif named link 13 to rmnet_sdio5
D/QC-NETMGR-LIB( 1478): netmgr_kif named link 14 to rmnet_sdio6
D/QC-NETMGR-LIB( 1478): netmgr_kif named link 15 to rmnet_sdio7
D/QC-NETMGR-LIB( 1478): ifioctl: close port failed: (9)Bad file number
D/dalvikvm( 1555): creating instr width table
D/HTC Acoustic( 1470): update_acdb_table, return 0
D/AudioHardwareMSM7X30( 1470): mNumBTEndpoints = 28
V/AudioHardwareMSM7X30( 1470): constructed 28 SND endpoints)
E/AudioHardwareMSM7X30( 1470): BT name Default (tx,rx)=(1401,1501)
E/AudioHardwareMSM7X30( 1470): BT name Default Car-kit (tx,rx)=(1601,1701)
E/AudioHardwareMSM7X30( 1470): BT name Motorola H690 (tx,rx)=(1402,1502)
E/AudioHardwareMSM7X30( 1470): BT name Motorola H790 (tx,rx)=(1403,1503)
E/AudioHardwareMSM7X30( 1470): BT name Motorola H720 (tx,rx)=(1404,1504)
E/AudioHardwareMSM7X30( 1470): BT name 245Plantronics (tx,rx)=(1405,1505)
E/AudioHardwareMSM7X30( 1470): BT name 390Plantronics (tx,rx)=(1406,1506)
E/AudioHardwareMSM7X30( 1470): BT name 9xxPlantronics (tx,rx)=(1407,1507)
E/AudioHardwareMSM7X30( 1470): BT name PROPlantronics (tx,rx)=(1408,1508)
E/AudioHardwareMSM7X30( 1470): BT name HM1000 (tx,rx)=(1409,1509)
E/AudioHardwareMSM7X30( 1470): BT name Jabra STONE (tx,rx)=(1410,1510)
E/AudioHardwareMSM7X30( 1470): BT name VBT3050 (tx,rx)=(1411,1511)
E/AudioHardwareMSM7X30( 1470): BT name Jawbone (tx,rx)=(1412,1512)
E/AudioHardwareMSM7X30( 1470): BT name 9xxBackBeat (tx,rx)=(1413,1513)
E/AudioHardwareMSM7X30( 1470): BT name iMT525 (tx,rx)=(1414,1514)
E/AudioHardwareMSM7X30( 1470): BT name Jabra CLIPPER (tx,rx)=(1415,1515)
E/AudioHardwareMSM7X30( 1470): BT name Jabra SP700 (tx,rx)=(1416,1516)
E/AudioHardwareMSM7X30( 1470): BT name Jabra Halo (tx,rx)=(1417,1517)
E/AudioHardwareMSM7X30( 1470): BT name Motorola S9 (tx,rx)=(1418,1518)
E/AudioHardwareMSM7X30( 1470): BT name Motorola HT820 (tx,rx)=(1419,1519)
E/AudioHardwareMSM7X30( 1470): BT name 590Plantronics (tx,rx)=(1420,1520)
E/AudioHardwareMSM7X30( 1470): BT name LG HBM-800 (tx,rx)=(1421,1521)
E/AudioHardwareMSM7X30( 1470): BT name Motorola HX1 (tx,rx)=(1422,1522)
E/AudioHardwareMSM7X30( 1470): BT name Motorola T325 (tx,rx)=(1602,1702)
E/AudioHardwareMSM7X30( 1470): BT name Motorola T605 (tx,rx)=(1603,1703)
E/AudioHardwareMSM7X30( 1470): BT name BH M300 (tx,rx)=(1423,1523)
E/AudioHardwareMSM7X30( 1470): BT name BHM400 (tx,rx)=(1424,1524)
E/AudioHardwareMSM7X30( 1470): BT name END (tx,rx)=(0,0)
V/AudioHardwareMSM7X30( 1470): Using Noise Suppression for Voice Rec is 0
V/AudioHardwareMSM7X30( 1470): Enable ALT function: 1
V/AudioHardwareMSM7X30( 1470): Enable HAC function: 0
I/HTC Acoustic( 1470): open /system/etc/TPA2051_CFG.csv success.
D/HTC Acoustic( 1470): int android::support_codec_aic3254(), support_aic3254: 1
D/HTC Acoustic( 1470): int android::support_back_mic(), support_back_mic: 1
I/HTC Acoustic( 1470): open /system/etc/AIC3254_REG_DualMicXD02.csv success.
I/HTC Acoustic( 1470): AIC3254 table version:  HTC_Mecha_20101130_XD02_MCLK_DSP
D/QC-NETMGR-LIB( 1478): ifioctl: close port failed: (9)Bad file number
D/QC-NETMGR-LIB( 1478): ifioctl: close port failed: (9)Bad file number
D/QC-NETMGR-LIB( 1478): ifioctl: close port failed: (9)Bad file number
D/QC-NETMGR-LIB( 1478): ifioctl: close port failed: (9)Bad file number
D/QC-NETMGR-LIB( 1478): ifioctl: close port failed: (9)Bad file number
D/QC-NETMGR-LIB( 1478): ifioctl: open port failed: (19)No such device
D/QC-NETMGR-LIB( 1478): netmgr_kif_ifioctl_open_port() failed for rmnet5
D/QC-NETMGR-LIB( 1478): ifioctl: close port failed: (9)Bad file number
D/QC-NETMGR-LIB( 1478): ifioctl: open port failed: (19)No such device
D/QC-NETMGR-LIB( 1478): netmgr_kif_ifioctl_open_port() failed for rmnet6
D/QC-NETMGR-LIB( 1478): ifioctl: close port failed: (9)Bad file number
D/QC-NETMGR-LIB( 1478): ifioctl: open port failed: (19)No such device
D/QC-NETMGR-LIB( 1478): netmgr_kif_ifioctl_open_port() failed for rmnet7
D/QC-NETMGR-LIB( 1478): ifioctl: close port failed: (9)Bad file number
D/dalvikvm( 1555): Ignoring duplicate verify attempt on Ljava/lang/Object;
D/dalvikvm( 1555): Ignoring duplicate verify attempt on Ljava/lang/Class;
D/QC-NETMGR-LIB( 1478): ifioctl: close port failed: (9)Bad file number
D/QC-NETMGR-LIB( 1478): ifioctl: close port failed: (9)Bad file number
D/QC-NETMGR-LIB( 1478): ifioctl: close port failed: (9)Bad file number
D/QC-NETMGR-LIB( 1478): ifioctl: close port failed: (9)Bad file number
D/QC-NETMGR-LIB( 1478): ifioctl: close port failed: (9)Bad file number
D/QC-NETMGR-LIB( 1478): ifioctl: close port failed: (9)Bad file number
D/QC-NETMGR-LIB( 1478): ifioctl: close port failed: (9)Bad file number
I/HTC Acoustic( 1470): open /system/etc/CodecDSPID.txt success.
E/HTC Acoustic( 1470): (Original,/system/etc/soundimage/Sound_Original.txt)
I/HTC Acoustic( 1470): open /system/etc/soundimage/Sound_Original.txt success.
E/HTC Acoustic( 1470): (Original_SPK,/system/etc/soundimage/Sound_Original_SPK.txt)
I/HTC Acoustic( 1470): open /system/etc/soundimage/Sound_Original_SPK.txt success.
E/HTC Acoustic( 1470): (Original_Recording,/system/etc/soundimage/Sound_Original_Recording.txt)
I/HTC Acoustic( 1470): open /system/etc/soundimage/Sound_Original_Recording.txt success.
E/HTC Acoustic( 1470): (Recording,/system/etc/soundimage/Sound_Recording.txt)
I/HTC Acoustic( 1470): open /system/etc/soundimage/Sound_Recording.txt success.
E/HTC Acoustic( 1470): (DualMic_Phone_EP,/system/etc/soundimage/Sound_Dualmic_EP.txt)
I/HTC Acoustic( 1470): open /system/etc/soundimage/Sound_Dualmic_EP.txt success.
E/HTC Acoustic( 1470): (DualMic_Phone_SPK,/system/etc/soundimage/Sound_Dualmic_SPK.txt)
I/HTC Acoustic( 1470): open /system/etc/soundimage/Sound_Dualmic_SPK.txt success.
E/HTC Acoustic( 1470): (Original_Phone,/system/etc/soundimage/Sound_Original.txt)
I/HTC Acoustic( 1470): open /system/etc/soundimage/Sound_Original.txt success.
E/HTC Acoustic( 1470): (DualMic_Phone,/system/etc/soundimage/Sound_Phone_Original_REC.txt)
I/HTC Acoustic( 1470): open /system/etc/soundimage/Sound_Phone_Original_REC.txt success.
E/HTC Acoustic( 1470): (DualMic_Phone_SPK,/system/etc/soundimage/Sound_Phone_Original_SPK.txt)
I/HTC Acoustic( 1470): open /system/etc/soundimage/Sound_Phone_Original_SPK.txt success.
E/HTC Acoustic( 1470): (Original_Phone_REC,/system/etc/soundimage/Sound_Phone_Original_REC.txt)
I/HTC Acoustic( 1470): open /system/etc/soundimage/Sound_Phone_Original_REC.txt success.
E/HTC Acoustic( 1470): (Original_Phone_SPK,/system/etc/soundimage/Sound_Phone_Original_SPK.txt)
I/HTC Acoustic( 1470): open /system/etc/soundimage/Sound_Phone_Original_SPK.txt success.
E/HTC Acoustic( 1470): (Original_Phone_HP,/system/etc/soundimage/Sound_Phone_Original_HP.txt)
I/HTC Acoustic( 1470): open /system/etc/soundimage/Sound_Phone_Original_HP.txt success.
E/HTC Acoustic( 1470): (Srs_a_hp,/system/etc/soundimage/Sound_SRS_A_HP.txt)
I/HTC Acoustic( 1470): open /system/etc/soundimage/Sound_SRS_A_HP.txt success.
E/HTC Acoustic( 1470): (Srs_a_spk,/system/etc/soundimage/Sound_SRS_A_SPK.txt)
I/HTC Acoustic( 1470): open /system/etc/soundimage/Sound_SRS_A_SPK.txt success.
E/HTC Acoustic( 1470): (Srs_v_hp,/system/etc/soundimage/Sound_SRS_V_HP.txt)
I/HTC Acoustic( 1470): open /system/etc/soundimage/Sound_SRS_V_HP.txt success.
E/HTC Acoustic( 1470): (Srs_v_spk,/system/etc/soundimage/Sound_SRS_A_SPK.txt)
I/HTC Acoustic( 1470): open /system/etc/soundimage/Sound_SRS_A_SPK.txt success.
E/HTC Acoustic( 1470): (Bass Booster,/system/etc/soundimage/Sound_Bass_Booster.txt)
I/HTC Acoustic( 1470): open /system/etc/soundimage/Sound_Bass_Booster.txt success.
E/HTC Acoustic( 1470): (Blues,/system/etc/soundimage/Sound_Blues.txt)
I/HTC Acoustic( 1470): open /system/etc/soundimage/Sound_Blues.txt success.
E/HTC Acoustic( 1470): (Classical,/system/etc/soundimage/Sound_Classical.txt)
I/HTC Acoustic( 1470): open /system/etc/soundimage/Sound_Classical.txt success.
E/HTC Acoustic( 1470): (Country,/system/etc/soundimage/Sound_Country.txt)
I/HTC Acoustic( 1470): open /system/etc/soundimage/Sound_Country.txt success.
E/HTC Acoustic( 1470): (Jazz,/system/etc/soundimage/Sound_Jazz.txt)
I/HTC Acoustic( 1470): open /system/etc/soundimage/Sound_Jazz.txt success.
E/HTC Acoustic( 1470): (Latin,/system/etc/soundimage/Sound_Latin.txt)
I/HTC Acoustic( 1470): open /system/etc/soundimage/Sound_Latin.txt success.
E/HTC Acoustic( 1470): (New age,/system/etc/soundimage/Sound_New_Age.txt)
I/HTC Acoustic( 1470): open /system/etc/soundimage/Sound_New_Age.txt success.
E/HTC Acoustic( 1470): (Piano,/system/etc/soundimage/Sound_Piano.txt)
I/HTC Acoustic( 1470): open /system/etc/soundimage/Sound_Piano.txt success.
E/HTC Acoustic( 1470): (Pop,/system/etc/soundimage/Sound_Pop.txt)
I/HTC Acoustic( 1470): open /system/etc/soundimage/Sound_Pop.txt success.
E/HTC Acoustic( 1470): (R&B,/system/etc/soundimage/Sound_R_B.txt)
I/HTC Acoustic( 1470): open /system/etc/soundimage/Sound_R_B.txt success.
E/HTC Acoustic( 1470): (Rock,/system/etc/soundimage/Sound_Rock.txt)
I/HTC Acoustic( 1470): open /system/etc/soundimage/Sound_Rock.txt success.
E/HTC Acoustic( 1470): (Treble Booster,/system/etc/soundimage/Sound_Treble_Booster.txt)
I/HTC Acoustic( 1470): open /system/etc/soundimage/Sound_Treble_Booster.txt success.
E/HTC Acoustic( 1470): (Vocal Booster,/system/etc/soundimage/Sound_Vocal_Booster.txt)
I/HTC Acoustic( 1470): open /system/etc/soundimage/Sound_Vocal_Booster.txt success.
D/AudioHardwareInterface( 1470): setMode(NORMAL)
I/AudioHardwareMSM7X30( 1470): Set master volume to 7.
V/AudioHardwareMSM7X30( 1470): set_volume_rpc(0, 0, 7)
V/AudioHardwareMSM7X30( 1470): set_volume_rpc(1, 0, 7)
V/AudioHardwareMSM7X30( 1470): set_volume_rpc(3, 0, 7)
V/AudioHardwareMSM7X30( 1470): set_volume_rpc(2, 0, 7)
I/CameraService( 1470): CameraService started (pid=1470)
I/AudioFlinger( 1470): AudioFlinger's thread 0x11e28 ready to run
D/AudioFlinger( 1470): setParameters(): io 1, keyvalue routing=2, tid 1584, calling tid 1470
V/AudioHardwareMSM7X30( 1470): AudioStreamOutMSM72xx::setParameters() routing=2
V/AudioHardwareMSM7X30( 1470): set output routing 2
I/AudioHardwareMSM7X30( 1470): Routing audio to Speakerphone
I/HTC Acoustic( 1470): set_audio_effect: Recording
I/HTC Acoustic( 1470): set_audio_effect: match with name Recording (3)
D/dalvikvm( 1555): DexOpt: load 131ms, verify+opt 1788ms
I/AudioHardwareMSM7X30( 1470): aic3254_configure: sound effect (Recording)
I/AudioHardwareMSM7X30( 1470): do_aic3254_control (1, 175, 1)
I/AudioHardwareMSM7X30( 1470): aic3254: change tx mode to 15
V/AudioHardwareMSM7X30( 1470): getACDB, return ID 507
V/AudioHardwareMSM7X30( 1470): doAudioRouteOrMute: rx acdb 0, tx acdb 507
V/AudioHardwareMSM7X30( 1470): doAudioRouteOrMute() device 1, mMode 0, mMicMute 1
D/AudioHardwareMSM7X30( 1470): do_route_audio_rpc(1, 1, 1)
V/AudioHardwareMSM7X30( 1470): In SPEAKER
E/AudioHardwareMSM7X30( 1470): new_rx = 6
E/AudioHardwareMSM7X30( 1470): new_tx = 11
E/AudioHardwareMSM7X30( 1470): doTpa2051_Control mode = 1 rc = 0
D/AudioHardwareMSM7X30( 1470): Enable ALT for speaker to control tpa2051 spkamp---
E/AudioHardwareMSM7X30( 1470): get_batt_temp: cannot open /sys/devices/platform/rs30100001:00000000/power_supply/battery/batt_temp: No such file or directory
V/AudioHardwareMSM7X30( 1470): 1. De-route Stream/Voice 
V/AudioHardwareMSM7X30( 1470):    VOICE_CALL 0
V/AudioHardwareMSM7X30( 1470):    FM_RADIO   0
V/AudioHardwareMSM7X30( 1470):    PCM_PLAY   0
V/AudioHardwareMSM7X30( 1470):    PCM_REC    0
V/AudioHardwareMSM7X30( 1470): 2. Route Stream/Voice OR Update Table
V/AudioHardwareMSM7X30( 1470): 3. Disable Current Device RX(-1)/TX(-1)
V/AudioHardwareMSM7X30( 1470): 4. Enabled New Device RX(6)/TX(11)
V/AudioHardwareMSM7X30( 1470): do_route_audio_rpc END, curr_out_device = 6, curr_mic_device = 11
V/AudioHardwareMSM7X30( 1470): Out::standby()
D/AudioHardwareMSM7X30( 1470): setVoiceVolume(1.000000)
I/AudioHardwareMSM7X30( 1470): Setting in-call volume to 100 (available range is 0 to 100)
V/AudioHardwareMSM7X30( 1470): msm_set_voice_rx_vol(100) succeeded
I/AudioFlinger( 1470): setFmVolume 100
I/rmt_storage( 1476): rmt_storage open event
I/rmt_storage( 1476): rmt_storage client thread started 
I/rmt_storage( 1476): rmt_storage events processing done
I/rmt_storage( 1476): rmt_storage send user data event
I/rmt_storage( 1476): rmt_storage events processing done
I/rmt_storage( 1476): rmt_storage open event
I/rmt_storage( 1476): rmt_storage events processing done
I/rmt_storage( 1476): rmt_storage client thread started 
I/rmt_storage( 1476): rmt_storage send user data event
I/rmt_storage( 1476): rmt_storage events processing done
I/rmt_storage( 1476): rmt_storage write event
I/rmt_storage( 1476): rmt_storage events processing done
I/rmt_storage( 1476): unblock rmt_storage client thread
I/DMAgent ( 1479): SMD Port open success.[v1.1.2.12231200]
I/DMAgent ( 1479): CheckMisc8
E/STT:mtd ( 1479): mtd_open(): cannot find MTD partition [misc]!
D/STT:emmc( 1479): found emmc partition [misc]=[mmcblk0p17]
E/DMAgent ( 1479): the page size is -1, return false
E/DMAgent ( 1479): check_nand_info return abnormal!
I/DMAgent ( 1479): nResult:[0]
I/DMAgent ( 1479): Start version sync.
E/STT:mtd ( 1479): mtd_open(): cannot find MTD partition [local]!
D/STT:emmc( 1479): found emmc partition [local]=[mmcblk0p28]
D/STT:partition( 1479): use emmc_read(), path = /dev/block/mmcblk0p28
I/rmt_storage( 1476): rmt_storage write: bytes written = 3145216
I/rmt_storage( 1476): rmt_storage write: bytes written = 512
I/rmt_storage( 1476): rmt_storage status handle = 1
D/dalvikvm( 1469): DexOpt: --- END 'core.jar' (success) ---
D/dalvikvm( 1469): DEX prep '/system/framework/core.jar': unzip in 180ms, rewrite 5540ms
D/dalvikvm( 1469): DexOpt: --- BEGIN 'bouncycastle.jar' (bootstrap=1) ---
D/dalvikvm( 1597): creating instr width table
D/dalvikvm( 1597): DexOpt: load 16ms, verify+opt 271ms
D/QC-NETMGR-LIB( 1478): initing QMI link[0]
D/QC-NETMGR-LIB( 1478): qmi_cid = rmnet0
D/QC-NETMGR-LIB( 1478): The wds client id 0x00010100 
D/QC-NETMGR-LIB( 1478): The qos client id 0x00010400 
D/QC-NETMGR-LIB( 1478): initing QMI link[1]
D/QC-NETMGR-LIB( 1478): qmi_cid = rmnet1
D/QC-NETMGR-LIB( 1478): The wds client id 0x01010100 
D/QC-NETMGR-LIB( 1478): The qos client id 0x01010400 
D/QC-NETMGR-LIB( 1478): initing QMI link[2]
D/QC-NETMGR-LIB( 1478): qmi_cid = rmnet2
D/QC-NETMGR-LIB( 1478): The wds client id 0x02010100 
D/QC-NETMGR-LIB( 1478): The qos client id 0x02010400 
D/QC-NETMGR-LIB( 1478): initing QMI link[3]
D/QC-NETMGR-LIB( 1478): qmi_cid = rmnet3
D/QC-NETMGR-LIB( 1478): The wds client id 0x03010100 
D/QC-NETMGR-LIB( 1478): The qos client id 0x03010400 
D/QC-NETMGR-LIB( 1478): initing QMI link[4]
D/QC-NETMGR-LIB( 1478): qmi_cid = rmnet4
D/QC-NETMGR-LIB( 1478): The wds client id 0x04010100 
D/QC-NETMGR-LIB( 1478): The qos client id 0x04010400 
D/QC-NETMGR-LIB( 1478): ignoring link[5]
D/QC-NETMGR-LIB( 1478): ignoring link[6]
D/QC-NETMGR-LIB( 1478): ignoring link[7]
D/QC-NETMGR-LIB( 1478): initing QMI link[8]
D/QC-NETMGR-LIB( 1478): qmi_cid = rmnet_sdio0
D/QC-NETMGR-LIB( 1478): The wds client id 0x08010100 
D/QC-NETMGR-LIB( 1478): The qos client id 0x08010400 
D/QC-NETMGR-LIB( 1478): initing QMI link[9]
D/QC-NETMGR-LIB( 1478): qmi_cid = rmnet_sdio1
D/QC-NETMGR-LIB( 1478): The wds client id 0x09010100 
D/QC-NETMGR-LIB( 1478): The qos client id 0x09010400 
D/QC-NETMGR-LIB( 1478): initing QMI link[10]
D/QC-NETMGR-LIB( 1478): qmi_cid = rmnet_sdio2
D/QC-NETMGR-LIB( 1478): The wds client id 0x0a010100 
D/QC-NETMGR-LIB( 1478): The qos client id 0x0a010400 
D/QC-NETMGR-LIB( 1478): initing QMI link[11]
D/QC-NETMGR-LIB( 1478): qmi_cid = rmnet_sdio3
D/QC-NETMGR-LIB( 1478): The wds client id 0x0b010100 
D/QC-NETMGR-LIB( 1478): The qos client id 0x0b010400 
D/QC-NETMGR-LIB( 1478): initing QMI link[12]
D/QC-NETMGR-LIB( 1478): qmi_cid = rmnet_sdio4
D/QC-NETMGR-LIB( 1478): The wds client id 0x0c010100 
D/QC-NETMGR-LIB( 1478): The qos client id 0x0c010400 
D/QC-NETMGR-LIB( 1478): initing QMI link[13]
D/QC-NETMGR-LIB( 1478): qmi_cid = rmnet_sdio5
D/QC-NETMGR-LIB( 1478): The wds client id 0x0d010100 
D/QC-NETMGR-LIB( 1478): The qos client id 0x0d010400 
D/QC-NETMGR-LIB( 1478): initing QMI link[14]
D/QC-NETMGR-LIB( 1478): qmi_cid = rmnet_sdio6
D/QC-NETMGR-LIB( 1478): netmgr_qmi_service_init: qmi_wds_srvc_init_client failed for link 14 qmi_cid rmnet_sdio6 with error 0,
D/QC-NETMGR-LIB( 1478): Error on QMI service init, suppressing link[14]
D/QC-NETMGR-LIB( 1478): initing QMI link[15]
D/QC-NETMGR-LIB( 1478): qmi_cid = rmnet_sdio7
D/QC-NETMGR-LIB( 1478): netmgr_qmi_service_init: qmi_wds_srvc_init_client failed for link 15 qmi_cid rmnet_sdio7 with error 0,
D/QC-NETMGR-LIB( 1478): Error on QMI service init, suppressing link[15]
D/QC-NETMGR-LIB( 1478): qmi init completed
D/QC-NETMGR-LIB( 1478): netmgr_kif_init: set netmgr_kif_cfg.nint to 16
D/QC-NETMGR-LIB( 1478): initing KIF link[0]
D/QC-NETMGR-LIB( 1478): initing KIF link[1]
D/QC-NETMGR-LIB( 1478): initing KIF link[2]
D/QC-NETMGR-LIB( 1478): initing KIF link[3]
D/QC-NETMGR-LIB( 1478): initing KIF link[4]
D/QC-NETMGR-LIB( 1478): ignoring link[5]
D/QC-NETMGR-LIB( 1478): ignoring link[6]
D/QC-NETMGR-LIB( 1478): ignoring link[7]
D/QC-NETMGR-LIB( 1478): initing KIF link[8]
D/QC-NETMGR-LIB( 1478): initing KIF link[9]
D/QC-NETMGR-LIB( 1478): initing KIF link[10]
D/QC-NETMGR-LIB( 1478): initing KIF link[11]
D/QC-NETMGR-LIB( 1478): initing KIF link[12]
D/QC-NETMGR-LIB( 1478): initing KIF link[13]
D/QC-NETMGR-LIB( 1478): ignoring link[14]
D/QC-NETMGR-LIB( 1478): ignoring link[15]
D/QC-NETMGR-LIB( 1478): netmgr_kif link 0, device rmnet0 has ifindex 3
D/QC-NETMGR-LIB( 1478): netmgr_kif link 1, device rmnet1 has ifindex 4
D/QC-NETMGR-LIB( 1478): netmgr_kif link 2, device rmnet2 has ifindex 5
D/QC-NETMGR-LIB( 1478): netmgr_kif link 3, device rmnet3 has ifindex 6
D/QC-NETMGR-LIB( 1478): netmgr_kif link 4, device rmnet4 has ifindex 7
D/QC-NETMGR-LIB( 1478): netmgr_kif link 8, device rmnet_sdio0 has ifindex 11
D/QC-NETMGR-LIB( 1478): netmgr_kif link 9, device rmnet_sdio1 has ifindex 12
D/QC-NETMGR-LIB( 1478): netmgr_kif link 10, device rmnet_sdio2 has ifindex 13
D/QC-NETMGR-LIB( 1478): netmgr_kif link 11, device rmnet_sdio3 has ifindex 14
D/QC-NETMGR-LIB( 1478): netmgr_kif link 12, device rmnet_sdio4 has ifindex 15
D/QC-NETMGR-LIB( 1478): netmgr_kif link 13, device rmnet_sdio5 has ifindex 16
D/QC-NETMGR-LIB( 1478): kif init completed
D/QC-NETMGR-LIB( 1478): Initialization complete.
D/dalvikvm( 1469): DexOpt: --- END 'bouncycastle.jar' (success) ---
D/dalvikvm( 1469): DEX prep '/system/framework/bouncycastle.jar': unzip in 70ms, rewrite 699ms
D/dalvikvm( 1469): DexOpt: --- BEGIN 'ext.jar' (bootstrap=1) ---
D/dalvikvm( 1600): creating instr width table
D/dalvikvm( 1600): DexOpt: load 45ms, verify+opt 517ms
D/dalvikvm( 1469): DexOpt: --- END 'ext.jar' (success) ---
D/dalvikvm( 1469): DEX prep '/system/framework/ext.jar': unzip in 98ms, rewrite 1278ms
D/dalvikvm( 1469): DexOpt: --- BEGIN 'framework.jar' (bootstrap=1) ---
D/dalvikvm( 1601): creating instr width table
D/QC-QDP  ( 1468): qdp_init ENTRY
D/QC-QDP  ( 1468): qdp_init: init conn on [rmnet_sdio0]
D/QC-QDP  ( 1468): 3gpp profile [1] doesn't have name [qdp_profile]
D/QC-QDP  ( 1468): 3gpp profile [2] doesn't have name [qdp_profile]
D/QC-QDP  ( 1468): 3gpp profile [3] doesn't have name [qdp_profile]
D/QC-QDP  ( 1468): 3gpp profile [4] doesn't have name [qdp_profile]
D/QC-QDP  ( 1468): qdp_init_profile_cleanup EXIT success
D/QC-QDP  ( 1468): acquired global wds hndl [0x8040100]
D/QC-QDP  ( 1468): qdp_platform_init: ENTRY
D/QC-QDP  ( 1468): qdp_platform_init: EXIT
D/QC-QDP  ( 1468): qdp_init EXIT success
D/dalvikvm( 1601): Note: class Landroid/opengl/GLWrapperBase; has 211 unimplemented (abstract) methods
I/rmt_storage( 1476): rmt_storage write event
I/rmt_storage( 1476): rmt_storage events processing done
I/rmt_storage( 1476): unblock rmt_storage client thread
D/dalvikvm( 1601): DexOpt: load 296ms, verify+opt 3128ms
I/rmt_storage( 1476): rmt_storage write: bytes written = 3145216
I/rmt_storage( 1476): rmt_storage write: bytes written = 512
I/rmt_storage( 1476): rmt_storage status handle = 2
D/dalvikvm( 1469): DexOpt: --- END 'framework.jar' (success) ---
D/dalvikvm( 1469): DEX prep '/system/framework/framework.jar': unzip in 295ms, rewrite 7256ms
D/dalvikvm( 1469): DexOpt: --- BEGIN 'android.policy.jar' (bootstrap=1) ---
D/dalvikvm( 1605): creating instr width table
D/dalvikvm( 1605): DexOpt: load 20ms, verify+opt 128ms
D/dalvikvm( 1469): DexOpt: --- END 'android.policy.jar' (success) ---
D/dalvikvm( 1469): DEX prep '/system/framework/android.policy.jar': unzip in 23ms, rewrite 435ms
D/dalvikvm( 1469): DexOpt: --- BEGIN 'services.jar' (bootstrap=1) ---
D/dalvikvm( 1606): creating instr width table
D/dalvikvm( 1606): DexOpt: load 38ms, verify+opt 837ms
D/dalvikvm( 1469): DexOpt: --- END 'services.jar' (success) ---
D/dalvikvm( 1469): DEX prep '/system/framework/services.jar': unzip in 91ms, rewrite 2001ms
D/dalvikvm( 1469): DexOpt: --- BEGIN 'core-junit.jar' (bootstrap=1) ---
D/dalvikvm( 1607): creating instr width table
D/dalvikvm( 1607): DexOpt: load 3ms, verify+opt 17ms
D/dalvikvm( 1469): DexOpt: --- END 'core-junit.jar' (success) ---
D/dalvikvm( 1469): DEX prep '/system/framework/core-junit.jar': unzip in 2ms, rewrite 169ms
I/SamplingProfilerIntegration( 1469): Profiler is disabled.
I/Zygote  ( 1469): Preloading classes...
E/Zygote  ( 1469): setreuid() failed. errno: 30
D/dalvikvm( 1469): GC_EXPLICIT freed 48K, 77% free 237K/1024K, external 0K/0K, paused 2ms
D/dalvikvm( 1469): GC_EXPLICIT freed 1K, 72% free 288K/1024K, external 0K/0K, paused 2ms
D/dalvikvm( 1469): GC_EXPLICIT freed 20K, 69% free 321K/1024K, external 0K/0K, paused 2ms
I/bluetooth_ScoSocket.cpp( 1469): Entry name = MY-CAR ScoTypes = 0x7f
I/bluetooth_ScoSocket.cpp( 1469): Entry name = Motorola HF850 ScoTypes = 0x7
D/dalvikvm( 1469): GC_EXPLICIT freed 17K, 65% free 360K/1024K, external 0K/0K, paused 2ms
D/dalvikvm( 1469): GC_EXPLICIT freed 26K, 63% free 388K/1024K, external 0K/0K, paused 2ms
D/dalvikvm( 1469): GC_EXPLICIT freed 22K, 57% free 447K/1024K, external 0K/0K, paused 9ms
D/dalvikvm( 1469): GC_EXPLICIT freed 99K, 46% free 553K/1024K, external 0K/0K, paused 4ms
D/dalvikvm( 1469): GC_EXPLICIT freed 272K, 27% free 891K/1219K, external 0K/0K, paused 7ms
D/dalvikvm( 1469): GC_EXPLICIT freed 21K, 22% free 957K/1219K, external 0K/0K, paused 9ms
D/szipinf ( 1469): Initializing inflate state
D/dalvikvm( 1469): GC_EXPLICIT freed 27K, 16% free 1026K/1219K, external 0K/0K, paused 6ms
D/dalvikvm( 1469): GC_EXPLICIT freed 47K, 8% free 1308K/1411K, external 0K/0K, paused 10ms
D/dalvikvm( 1469): GC_EXPLICIT freed 25K, 6% free 1338K/1411K, external 0K/0K, paused 10ms
D/dalvikvm( 1469): GC_EXPLICIT freed 29K, 4% free 1363K/1411K, external 0K/0K, paused 10ms
D/dalvikvm( 1469): GC_EXPLICIT freed 14K, 5% free 1403K/1475K, external 0K/0K, paused 10ms
W/Zygote  ( 1469): Class not found for preloading: android.widget.TextView$SelectionModifierCursorController$1
D/dalvikvm( 1469): GC_EXPLICIT freed 29K, 4% free 1428K/1475K, external 0K/0K, paused 10ms
D/dalvikvm( 1469): GC_EXPLICIT freed 30K, 5% free 1465K/1539K, external 0K/0K, paused 12ms
D/dalvikvm( 1469): GC_EXPLICIT freed 38K, 4% free 1483K/1539K, external 0K/0K, paused 11ms
D/dalvikvm( 1469): GC_EXPLICIT freed 41K, 3% free 1497K/1539K, external 0K/0K, paused 11ms
D/dalvikvm( 1469): GC_EXPLICIT freed 55K, 6% free 1511K/1603K, external 0K/0K, paused 11ms
D/dalvikvm( 1469): GC_FOR_MALLOC freed 2864K, 56% free 2258K/5123K, external 0K/0K, paused 35ms
D/dalvikvm( 1469): GC_EXPLICIT freed 2465K, 51% free 2514K/5123K, external 0K/0K, paused 32ms
D/dalvikvm( 1469): GC_EXPLICIT freed 148K, 50% free 2578K/5123K, external 0K/0K, paused 22ms
D/dalvikvm( 1469): GC_EXPLICIT freed 74K, 50% free 2603K/5123K, external 0K/0K, paused 21ms
D/dalvikvm( 1469): GC_EXPLICIT freed 37K, 49% free 2621K/5123K, external 0K/0K, paused 21ms
D/dalvikvm( 1469): GC_EXPLICIT freed 31K, 49% free 2644K/5123K, external 0K/0K, paused 21ms
D/dalvikvm( 1469): GC_EXPLICIT freed 38K, 48% free 2667K/5123K, external 0K/0K, paused 21ms
I/Zygote  ( 1469): ...preloaded 1829 classes in 3725ms.
E/Zygote  ( 1469): setreuid() failed. errno: 17
D/dalvikvm( 1469): GC_EXPLICIT freed 18K, 48% free 2665K/5123K, external 0K/0K, paused 22ms
I/Zygote  ( 1469): Preload resources disabled, skipped.
D/dalvikvm( 1469): GC_EXPLICIT freed <1K, 48% free 2665K/5123K, external 0K/0K, paused 21ms
D/dalvikvm( 1469): GC_EXPLICIT freed <1K, 48% free 2665K/5123K, external 0K/0K, paused 21ms
D/dalvikvm( 1469): GC_EXPLICIT freed <1K, 48% free 2665K/5123K, external 0K/0K, paused 21ms
I/dalvikvm( 1469): System server process 1608 has been created
I/Zygote  ( 1469): Accepting command socket connections
I/sysproc ( 1608): Entered system_init()
I/sysproc ( 1608): ServiceManager: 0x94808
I/SurfaceFlinger( 1608): SurfaceFlinger is starting
I/SurfaceFlinger( 1608): SurfaceFlinger's main thread ready to run. Initializing graphics H/W...
I/msm7x30.gralloc( 1608): using (fd=25)
I/msm7x30.gralloc( 1608): id           = msmfb
I/msm7x30.gralloc( 1608): xres         = 480 px
I/msm7x30.gralloc( 1608): yres         = 800 px
I/msm7x30.gralloc( 1608): xres_virtual = 480 px
I/msm7x30.gralloc( 1608): yres_virtual = 1600 px
I/msm7x30.gralloc( 1608): bpp          = 32
I/msm7x30.gralloc( 1608): r            =  0:8
I/msm7x30.gralloc( 1608): g            =  8:8
I/msm7x30.gralloc( 1608): b            = 16:8
I/msm7x30.gralloc( 1608): width        = 56 mm (217.714279 dpi)
I/msm7x30.gralloc( 1608): height       = 94 mm (216.170212 dpi)
I/msm7x30.gralloc( 1608): refresh rate = 60.00 Hz
D/libEGL  ( 1608): loaded /system/lib/egl/libGLES_android.so
D/libEGL  ( 1608): loaded /system/lib/egl/libEGL_adreno200.so
D/libEGL  ( 1608): loaded /system/lib/egl/libGLESv1_CM_adreno200.so
D/libEGL  ( 1608): loaded /system/lib/egl/libGLESv2_adreno200.so
E/libEGL  ( 1608): eglSetSwapRectangleANDROID:1907 error 3008 (EGL_BAD_DISPLAY)
I/SurfaceFlinger( 1608): EGL informations:
I/SurfaceFlinger( 1608): # of configs : 26
I/SurfaceFlinger( 1608): vendor    : Android
I/SurfaceFlinger( 1608): version   : 1.4 Android META-EGL
I/SurfaceFlinger( 1608): extensions: EGL_KHR_image EGL_KHR_image_base EGL_KHR_image_pixmap EGL_KHR_gl_texture_2D_image EGL_KHR_gl_texture_cubemap_image EGL_KHR_gl_renderbuffer_image EGL_ANDROID_image_native_buffer EGL_ANDROID_swap_rectangle 
I/SurfaceFlinger( 1608): Client API: OpenGL ES
I/SurfaceFlinger( 1608): EGLSurface: 8-8-8-8, config=0x3
I/SurfaceFlinger( 1608): OpenGL informations:
I/SurfaceFlinger( 1608): vendor    : Qualcomm
I/SurfaceFlinger( 1608): renderer  : Adreno 205
I/SurfaceFlinger( 1608): version   : OpenGL ES-CM 1.1
I/SurfaceFlinger( 1608): extensions: GL_AMD_compressed_3DC_texture GL_AMD_compressed_ATC_texture GL_ARB_texture_env_combine GL_ARB_texture_env_dot3 GL_ARB_texture_mirrored_repeat GL_ARB_vertex_buffer_object GL_ATI_compressed_texture_atitc GL_ATI_texture_compression_atitc GL_EXT_blend_equation_separate GL_EXT_blend_func_separate GL_EXT_blend_minmax GL_EXT_blend_subtract GL_EXT_stencil_wrap GL_OES_EGL_image GL_OES_blend_equation_separate GL_OES_blend_func_separate GL_OES_blend_subtract GL_OES_compressed_ETC1_RGB8_texture GL_OES_compressed_paletted_texture GL_OES_draw_texture GL_OES_extended_matrix_palette GL_OES_framebuffer_object GL_OES_matrix_palette GL_OES_point_size_array GL_OES_point_sprite GL_OES_read_format GL_OES_stencil_wrap GL_OES_texture_cube_map GL_OES_texture_env_crossbar GL_OES_texture_mirrored_repeat GL_OES_texture_npot 
I/SurfaceFlinger( 1608): GL_MAX_TEXTURE_SIZE = 4096
I/SurfaceFlinger( 1608): GL_MAX_VIEWPORT_DIMS = 4096
I/SurfaceFlinger( 1608): flags = 00000000
D/SensorService( 1608): nuSensorService starting...
I/SensorService( 1608): BMA150 3-axis Accelerometer
I/SensorService( 1608): AK8975 3-axis Magnetic field sensor
I/SensorService( 1608): AK8975 Orientation sensor
I/SensorService( 1608): ISL29028 Proximity sensor
I/SensorService( 1608): ISL29028 Light sensor
D/SensorService( 1608): nuSensorService thread starting...
I/sysproc ( 1608): System server: starting Android runtime.
I/sysproc ( 1608): System server: starting Android services.
I/SystemServer( 1608): Entered the Android system server!
I/sysproc ( 1608): System server: entering thread pool.
I/SystemServer( 1608): Entropy Service
D/libEGL  ( 1625): loaded /system/lib/egl/libGLES_android.so
D/AK8975  ( 1475): Compass Start
D/libEGL  ( 1625): loaded /system/lib/egl/libEGL_adreno200.so
E/SurfaceFlinger( 1608): eglSwapBuffers: EGL error 0x3008 (EGL_BAD_DISPLAY)
D/libEGL  ( 1625): loaded /system/lib/egl/libGLESv1_CM_adreno200.so
D/libEGL  ( 1625): loaded /system/lib/egl/libGLESv2_adreno200.so
W/zipro   ( 1625): Unable to open zip '/data/local/bootanimation.zip': No such file or directory
I/SystemServer( 1608): Power Manager
I/SystemServer( 1608): Activity Manager
I/ActivityManager( 1608): Memory class: 48
I/SystemServer( 1608): Telephony Registry
I/SystemServer( 1608): Package Manager
I/installd( 1472): new connection
I/Installer( 1608): connecting...
D/AK8975  ( 1475): Compass CLOSE 
D/dalvikvm( 1608): GC_CONCURRENT freed 163K, 47% free 3019K/5639K, external 0K/0K, paused 2ms+2ms
D/dalvikvm( 1608): GC_CONCURRENT freed 345K, 47% free 3208K/6023K, external 0K/0K, paused 2ms+2ms
D/installd( 1472): DexInv: --- BEGIN '/system/framework/android.test.runner.jar' ---
D/dalvikvm( 1641): creating instr width table
D/dalvikvm( 1641): DexOpt: load 12ms, verify+opt 100ms
D/installd( 1472): DexInv: --- END '/system/framework/android.test.runner.jar' (success) ---
D/installd( 1472): DexInv: --- BEGIN '/system/framework/com.android.location.provider.jar' ---
D/dalvikvm( 1642): creating instr width table
D/dalvikvm( 1642): DexOpt: load 1ms, verify+opt 9ms
D/installd( 1472): DexInv: --- END '/system/framework/com.android.location.provider.jar' (success) ---
D/installd( 1472): DexInv: --- BEGIN '/system/framework/javax.obex.jar' ---
D/dalvikvm( 1643): creating instr width table
D/dalvikvm( 1643): DexOpt: load 2ms, verify+opt 43ms
D/installd( 1472): DexInv: --- END '/system/framework/javax.obex.jar' (success) ---
D/installd( 1472): DexInv: --- BEGIN '/system/framework/com.google.android.maps.jar' ---
D/dalvikvm( 1644): creating instr width table
D/dalvikvm( 1644): DexOpt: load 26ms, verify+opt 181ms
D/installd( 1472): DexInv: --- END '/system/framework/com.google.android.maps.jar' (success) ---
D/installd( 1472): DexInv: --- BEGIN '/system/framework/svc.jar' ---
D/dalvikvm( 1645): creating instr width table
D/dalvikvm( 1645): DexOpt: load 0ms, verify+opt 5ms
D/installd( 1472): DexInv: --- END '/system/framework/svc.jar' (success) ---
D/installd( 1472): DexInv: --- BEGIN '/system/framework/bmgr.jar' ---
D/dalvikvm( 1646): creating instr width table
D/dalvikvm( 1646): DexOpt: load 1ms, verify+opt 16ms
D/installd( 1472): DexInv: --- END '/system/framework/bmgr.jar' (success) ---
D/installd( 1472): DexInv: --- BEGIN '/system/framework/am.jar' ---
D/dalvikvm( 1647): creating instr width table
D/dalvikvm( 1647): DexOpt: load 1ms, verify+opt 15ms
D/installd( 1472): DexInv: --- END '/system/framework/am.jar' (success) ---
D/installd( 1472): DexInv: --- BEGIN '/system/framework/sqlite-jdbc.jar' ---
D/dalvikvm( 1648): creating instr width table
D/dalvikvm( 1648): DexOpt: load 13ms, verify+opt 65ms
D/installd( 1472): DexInv: --- END '/system/framework/sqlite-jdbc.jar' (success) ---
D/installd( 1472): DexInv: --- BEGIN '/system/framework/input.jar' ---
D/dalvikvm( 1649): creating instr width table
D/dalvikvm( 1649): DexOpt: load 1ms, verify+opt 11ms
D/installd( 1472): DexInv: --- END '/system/framework/input.jar' (success) ---
D/installd( 1472): DexInv: --- BEGIN '/system/framework/monkey.jar' ---
D/dalvikvm( 1650): creating instr width table
D/dalvikvm( 1650): DexOpt: load 8ms, verify+opt 62ms
D/installd( 1472): DexInv: --- END '/system/framework/monkey.jar' (success) ---
D/installd( 1472): DexInv: --- BEGIN '/system/framework/pm.jar' ---
D/dalvikvm( 1651): creating instr width table
D/dalvikvm( 1651): DexOpt: load 1ms, verify+opt 26ms
D/installd( 1472): DexInv: --- END '/system/framework/pm.jar' (success) ---
D/installd( 1472): DexInv: --- BEGIN '/system/framework/ime.jar' ---
D/dalvikvm( 1652): creating instr width table
D/dalvikvm( 1652): DexOpt: load 0ms, verify+opt 4ms
D/installd( 1472): DexInv: --- END '/system/framework/ime.jar' (success) ---
D/dalvikvm( 1608): GC_CONCURRENT freed 449K, 48% free 3255K/6215K, external 0K/0K, paused 2ms+3ms
D/installd( 1472): DexInv: --- BEGIN '/system/app/DownloadProviderUi.apk' ---
D/dalvikvm( 1654): creating instr width table
D/dalvikvm( 1654): DexOpt: load 11ms, verify+opt 48ms
D/installd( 1472): DexInv: --- END '/system/app/DownloadProviderUi.apk' (success) ---
D/installd( 1472): DexInv: --- BEGIN '/system/app/MediaUploader.apk' ---
D/dalvikvm( 1655): creating instr width table
D/dalvikvm( 1655): DexOpt: load 17ms, verify+opt 152ms
D/installd( 1472): DexInv: --- END '/system/app/MediaUploader.apk' (success) ---
D/installd( 1472): DexInv: --- BEGIN '/system/app/DrmProvider.apk' ---
D/dalvikvm( 1656): creating instr width table
D/dalvikvm( 1656): DexOpt: load 1ms, verify+opt 7ms
D/installd( 1472): DexInv: --- END '/system/app/DrmProvider.apk' (success) ---
D/installd( 1472): DexInv: --- BEGIN '/system/app/Calculator.apk' ---
D/dalvikvm( 1657): creating instr width table
D/dalvikvm( 1657): DexOpt: load 33ms, verify+opt 58ms
D/installd( 1472): DexInv: --- END '/system/app/Calculator.apk' (success) ---
D/szipinf ( 1608): Initializing inflate state
D/installd( 1472): DexInv: --- BEGIN '/system/app/LatinIME.apk' ---
D/dalvikvm( 1658): creating instr width table
D/dalvikvm( 1658): DexOpt: load 17ms, verify+opt 193ms
D/installd( 1472): DexInv: --- END '/system/app/LatinIME.apk' (success) ---
D/szipinf ( 1608): Initializing inflate state
W/ResourceType( 1608): Failure getting entry for 0x7f080548 (t=7 e=1352) in package 0 (error -75)
D/installd( 1472): DexInv: --- BEGIN '/system/app/Settings.apk' ---
D/dalvikvm( 1659): creating instr width table
D/dalvikvm( 1659): DexOpt: load 66ms, verify+opt 531ms
D/installd( 1472): DexInv: --- END '/system/app/Settings.apk' (success) ---
D/installd( 1472): DexInv: --- BEGIN '/system/app/SpareParts.apk' ---
